Component: ARM Compiler 5.06 update 5 (build 528) Tool: armlink [4d35e2]

==============================================================================

Section Cross References

    startup_stm32f10x_md.o(STACK) refers (Special) to heapauxi.o(.text) for __use_two_region_memory
    startup_stm32f10x_md.o(HEAP) refers (Special) to heapauxi.o(.text) for __use_two_region_memory
    startup_stm32f10x_md.o(RESET) refers (Special) to heapauxi.o(.text) for __use_two_region_memory
    startup_stm32f10x_md.o(RESET) refers to startup_stm32f10x_md.o(STACK) for __initial_sp
    startup_stm32f10x_md.o(RESET) refers to startup_stm32f10x_md.o(.text) for Reset_Handler
    startup_stm32f10x_md.o(RESET) refers to stm32f10x_it.o(i.NMI_Handler) for NMI_Handler
    startup_stm32f10x_md.o(RESET) refers to stm32f10x_it.o(i.HardFault_Handler) for HardFault_Handler
    startup_stm32f10x_md.o(RESET) refers to stm32f10x_it.o(i.MemManage_Handler) for MemManage_Handler
    startup_stm32f10x_md.o(RESET) refers to stm32f10x_it.o(i.BusFault_Handler) for BusFault_Handler
    startup_stm32f10x_md.o(RESET) refers to stm32f10x_it.o(i.UsageFault_Handler) for UsageFault_Handler
    startup_stm32f10x_md.o(RESET) refers to stm32f10x_it.o(i.SVC_Handler) for SVC_Handler
    startup_stm32f10x_md.o(RESET) refers to stm32f10x_it.o(i.DebugMon_Handler) for DebugMon_Handler
    startup_stm32f10x_md.o(RESET) refers to stm32f10x_it.o(i.PendSV_Handler) for PendSV_Handler
    startup_stm32f10x_md.o(RESET) refers to stm32f10x_it.o(i.SysTick_Handler) for SysTick_Handler
    startup_stm32f10x_md.o(RESET) refers to serial.o(i.USART1_IRQHandler) for USART1_IRQHandler
    startup_stm32f10x_md.o(RESET) refers to wifi.o(i.USART2_IRQHandler) for USART2_IRQHandler
    startup_stm32f10x_md.o(.text) refers (Special) to heapauxi.o(.text) for __use_two_region_memory
    startup_stm32f10x_md.o(.text) refers to system_stm32f10x.o(i.SystemInit) for SystemInit
    startup_stm32f10x_md.o(.text) refers to __main.o(!!!main) for __main
    startup_stm32f10x_md.o(.text) refers to startup_stm32f10x_md.o(HEAP) for Heap_Mem
    startup_stm32f10x_md.o(.text) refers to startup_stm32f10x_md.o(STACK) for Stack_Mem
    system_stm32f10x.o(i.SystemCoreClockUpdate) refers to system_stm32f10x.o(.data) for .data
    system_stm32f10x.o(i.SystemInit) refers to system_stm32f10x.o(i.SetSysClockTo72) for SetSysClockTo72
    stm32f10x_adc.o(i.ADC_DeInit) refers to stm32f10x_rcc.o(i.RCC_APB2PeriphResetCmd) for RCC_APB2PeriphResetCmd
    stm32f10x_bkp.o(i.BKP_DeInit) refers to stm32f10x_rcc.o(i.RCC_BackupResetCmd) for RCC_BackupResetCmd
    stm32f10x_can.o(i.CAN_DeInit) refers to stm32f10x_rcc.o(i.RCC_APB1PeriphResetCmd) for RCC_APB1PeriphResetCmd
    stm32f10x_can.o(i.CAN_GetITStatus) refers to stm32f10x_can.o(i.CheckITStatus) for CheckITStatus
    stm32f10x_cec.o(i.CEC_DeInit) refers to stm32f10x_rcc.o(i.RCC_APB1PeriphResetCmd) for RCC_APB1PeriphResetCmd
    stm32f10x_dac.o(i.DAC_DeInit) refers to stm32f10x_rcc.o(i.RCC_APB1PeriphResetCmd) for RCC_APB1PeriphResetCmd
    stm32f10x_flash.o(i.FLASH_EnableWriteProtection) refers to stm32f10x_flash.o(i.FLASH_WaitForLastOperation) for FLASH_WaitForLastOperation
    stm32f10x_flash.o(i.FLASH_EraseAllBank1Pages) refers to stm32f10x_flash.o(i.FLASH_WaitForLastBank1Operation) for FLASH_WaitForLastBank1Operation
    stm32f10x_flash.o(i.FLASH_EraseAllPages) refers to stm32f10x_flash.o(i.FLASH_WaitForLastOperation) for FLASH_WaitForLastOperation
    stm32f10x_flash.o(i.FLASH_EraseOptionBytes) refers to stm32f10x_flash.o(i.FLASH_GetReadOutProtectionStatus) for FLASH_GetReadOutProtectionStatus
    stm32f10x_flash.o(i.FLASH_EraseOptionBytes) refers to stm32f10x_flash.o(i.FLASH_WaitForLastOperation) for FLASH_WaitForLastOperation
    stm32f10x_flash.o(i.FLASH_ErasePage) refers to stm32f10x_flash.o(i.FLASH_WaitForLastOperation) for FLASH_WaitForLastOperation
    stm32f10x_flash.o(i.FLASH_ProgramHalfWord) refers to stm32f10x_flash.o(i.FLASH_WaitForLastOperation) for FLASH_WaitForLastOperation
    stm32f10x_flash.o(i.FLASH_ProgramOptionByteData) refers to stm32f10x_flash.o(i.FLASH_WaitForLastOperation) for FLASH_WaitForLastOperation
    stm32f10x_flash.o(i.FLASH_ProgramWord) refers to stm32f10x_flash.o(i.FLASH_WaitForLastOperation) for FLASH_WaitForLastOperation
    stm32f10x_flash.o(i.FLASH_ReadOutProtection) refers to stm32f10x_flash.o(i.FLASH_WaitForLastOperation) for FLASH_WaitForLastOperation
    stm32f10x_flash.o(i.FLASH_UserOptionByteConfig) refers to stm32f10x_flash.o(i.FLASH_WaitForLastOperation) for FLASH_WaitForLastOperation
    stm32f10x_flash.o(i.FLASH_WaitForLastBank1Operation) refers to stm32f10x_flash.o(i.FLASH_GetBank1Status) for FLASH_GetBank1Status
    stm32f10x_flash.o(i.FLASH_WaitForLastOperation) refers to stm32f10x_flash.o(i.FLASH_GetBank1Status) for FLASH_GetBank1Status
    stm32f10x_gpio.o(i.GPIO_AFIODeInit) refers to stm32f10x_rcc.o(i.RCC_APB2PeriphResetCmd) for RCC_APB2PeriphResetCmd
[...]
    .ARM.Collect$$libinit$$00000030          0x080001d0   Section        0  libinit2.o(.ARM.Collect$$libinit$$00000030)
    .ARM.Collect$$libinit$$00000032          0x080001d0   Section        0  libinit2.o(.ARM.Collect$$libinit$$00000032)
    .ARM.Collect$$libinit$$00000033          0x080001d0   Section        2  libinit2.o(.ARM.Collect$$libinit$$00000033)
    .ARM.Collect$$libshutdown$$00000000      0x080001d2   Section        2  libshutdown.o(.ARM.Collect$$libshutdown$$00000000)
    .ARM.Collect$$libshutdown$$00000002      0x080001d4   Section        0  libshutdown2.o(.ARM.Collect$$libshutdown$$00000002)
    .ARM.Collect$$libshutdown$$00000004      0x080001d4   Section        0  libshutdown2.o(.ARM.Collect$$libshutdown$$00000004)
    .ARM.Collect$$libshutdown$$00000007      0x080001d4   Section        0  libshutdown2.o(.ARM.Collect$$libshutdown$$00000007)
    .ARM.Collect$$libshutdown$$0000000A      0x080001d4   Section        0  libshutdown2.o(.ARM.Collect$$libshutdown$$0000000A)
    .ARM.Collect$$libshutdown$$0000000C      0x080001d4   Section        0  libshutdown2.o(.ARM.Collect$$libshutdown$$0000000C)
    .ARM.Collect$$libshutdown$$0000000F      0x080001d4   Section        0  libshutdown2.o(.ARM.Collect$$libshutdown$$0000000F)
    .ARM.Collect$$libshutdown$$00000010      0x080001d4   Section        2  libshutdown2.o(.ARM.Collect$$libshutdown$$00000010)
    .ARM.Collect$$rtentry$$00000000          0x080001d6   Section        0  __rtentry.o(.ARM.Collect$$rtentry$$00000000)
    .ARM.Collect$$rtentry$$00000002          0x080001d6   Section        0  __rtentry2.o(.ARM.Collect$$rtentry$$00000002)
    .ARM.Collect$$rtentry$$00000004          0x080001d6   Section        6  __rtentry4.o(.ARM.Collect$$rtentry$$00000004)
    .ARM.Collect$$rtentry$$00000009          0x080001dc   Section        0  __rtentry2.o(.ARM.Collect$$rtentry$$00000009)
    .ARM.Collect$$rtentry$$0000000A          0x080001dc   Section        4  __rtentry2.o(.ARM.Collect$$rtentry$$0000000A)
    .ARM.Collect$$rtentry$$0000000C          0x080001e0   Section        0  __rtentry2.o(.ARM.Collect$$rtentry$$0000000C)
    .ARM.Collect$$rtentry$$0000000D          0x080001e0   Section        8  __rtentry2.o(.ARM.Collect$$rtentry$$0000000D)
    .ARM.Collect$$rtexit$$00000000           0x080001e8   Section        2  rtexit.o(.ARM.Collect$$rtexit$$00000000)
    .ARM.Collect$$rtexit$$00000002           0x080001ea   Section        0  rtexit2.o(.ARM.Collect$$rtexit$$00000002)
    .ARM.Collect$$rtexit$$00000003           0x080001ea   Section        4  rtexit2.o(.ARM.Collect$$rtexit$$00000003)
    .ARM.Collect$$rtexit$$00000004           0x080001ee   Section        6  rtexit2.o(.ARM.Collect$$rtexit$$00000004)
    .emb_text                                0x080001f4   Section        0  maybetermalloc1.o(.emb_text)
    .text                                    0x080001f4   Section       64  startup_stm32f10x_md.o(.text)
    .text                                    0x08000234   Section        0  h1_alloc.o(.text)
    .text                                    0x08000292   Section        0  h1_free.o(.text)
    .text                                    0x080002e0   Section        0  __2snprintf.o(.text)
    .text                                    0x08000318   Section        0  __printf.o(.text)
    .text                                    0x08000380   Section        0  _printf_str.o(.text)
    .text                                    0x080003d4   Section        0  _printf_dec.o(.text)
    .text                                    0x0800044c   Section        0  strstr.o(.text)
    .text                                    0x08000470   Section        0  strcpy.o(.text)
    .text                                    0x080004b8   Section        0  heapauxi.o(.text)
    .text                                    0x080004c0   Section        8  rt_heap_descriptor_intlibspace.o(.text)
    .text                                    0x080004c8   Section        0  hguard.o(.text)
    .text                                    0x080004cc   Section        0  init_alloc.o(.text)
    .text                                    0x08000556   Section        0  h1_init.o(.text)
    .text                                    0x08000564   Section        0  _printf_intcommon.o(.text)
    .text                                    0x08000616   Section        0  _printf_fp_dec.o(.text)
    _fp_digits                               0x08000619   Thumb Code   432  _printf_fp_dec.o(.text)
    .text                                    0x08000a34   Section        0  _printf_char_common.o(.text)
    _printf_input_char                       0x08000a35   Thumb Code    10  _printf_char_common.o(.text)
    .text                                    0x08000a64   Section        0  _sputc.o(.text)
    .text                                    0x08000a6e   Section        0  _snputc.o(.text)
    .text                                    0x08000a7e   Section        0  _printf_char.o(.text)
    .text                                    0x08000aac   Section        8  libspace.o(.text)
    .text                                    0x08000ab4   Section        8  rt_locale_intlibspace.o(.text)
    .text                                    0x08000abc   Section        0  h1_extend.o(.text)
    .text                                    0x08000af0   Section      138  lludiv10.o(.text)
    .text                                    0x08000b7c   Section        0  _printf_fp_infnan.o(.text)
    .text                                    0x08000bfc   Section        0  bigflt0.o(.text)
    .text                                    0x08000ce0   Section        0  defsig_rtmem_outer.o(.text)
    .text                                    0x08000cee   Section        2  use_no_semi.o(.text)
    .text                                    0x08000cf0   Section        0  indicate_semi.o(.text)
    .text                                    0x08000cf0   Section       74  sys_stackheap_outer.o(.text)
    .text                                    0x08000d3a   Section        0  exit.o(.text)
    .text                                    0x08000d4c   Section        0  defsig_exit.o(.text)
    .text                                    0x08000d58   Section        0  defsig_rtmem_inner.o(.text)
    .text                                    0x08000da8   Section      128  strcmpv7m.o(.text)
    .text                                    0x08000e28   Section        0  sys_exit.o(.text)
    .text                                    0x08000e34   Section        0  defsig_general.o(.text)
    .text                                    0x08000e66   Section        0  sys_wrch.o(.text)
    CL$$btod_d2e                             0x08000e74   Section       62  btod.o(CL$$btod_d2e)
    CL$$btod_d2e_denorm_low                  0x08000eb2   Section       70  btod.o(CL$$btod_d2e_denorm_low)
    CL$$btod_d2e_norm_op1                    0x08000ef8   Section       96  btod.o(CL$$btod_d2e_norm_op1)
    CL$$btod_div_common                      0x08000f58   Section      824  btod.o(CL$$btod_div_common)
    CL$$btod_e2e                             0x08001290   Section      220  btod.o(CL$$btod_e2e)
    CL$$btod_ediv                            0x0800136c   Section       42  btod.o(CL$$btod_ediv)
    CL$$btod_emul                            0x08001396   Section       42  btod.o(CL$$btod_emul)
    CL$$btod_mult_common                     0x080013c0   Section      580  btod.o(CL$$btod_mult_common)
    i.ADC_Cmd                                0x08001604   Section        0  stm32f10x_adc.o(i.ADC_Cmd)
    i.ADC_GetCalibrationStatus               0x08001618   Section        0  stm32f10x_adc.o(i.ADC_GetCalibrationStatus)
    i.ADC_GetResetCalibrationStatus          0x08001626   Section        0  stm32f10x_adc.o(i.ADC_GetResetCalibrationStatus)
    i.ADC_Init                               0x08001634   Section        0  stm32f10x_adc.o(i.ADC_Init)
    i.ADC_ResetCalibration                   0x0800167c   Section        0  stm32f10x_adc.o(i.ADC_ResetCalibration)
    i.ADC_StartCalibration                   0x08001686   Section        0  stm32f10x_adc.o(i.ADC_StartCalibration)
    i.BW_Menu                                0x08001690   Section        0  menu.o(i.BW_Menu)
    i.BusFault_Handler                       0x080016c4   Section        0  stm32f10x_it.o(i.BusFault_Handler)
    i.CR_Menu                                0x080016c8   Section        0  menu.o(i.CR_Menu)
    i.Connect_Server                         0x080016f4   Section        0  wifi.o(i.Connect_Server)
    i.DHT11_Check                            0x08001788   Section        0  dh11.o(i.DHT11_Check)
    i.DHT11_Init                             0x080017e4   Section        0  dh11.o(i.DHT11_Init)
    i.DHT11_Mode                             0x08001820   Section        0  dh11.o(i.DHT11_Mode)
    i.DHT11_Rst                              0x08001848   Section        0  dh11.o(i.DHT11_Rst)
    i.DMA_Cmd                                0x08001878   Section        0  stm32f10x_dma.o(i.DMA_Cmd)
    i.DMA_DeInit                             0x08001890   Section        0  stm32f10x_dma.o(i.DMA_DeInit)
    i.DMA_GetCurrDataCounter                 0x08001974   Section        0  stm32f10x_dma.o(i.DMA_GetCurrDataCounter)
    i.DMA_Init                               0x0800197a   Section        0  stm32f10x_dma.o(i.DMA_Init)
    i.DMA_SetCurrDataCounter                 0x080019b4   Section        0  stm32f10x_dma.o(i.DMA_SetCurrDataCounter)
    i.DebugMon_Handler                       0x080019b8   Section        0  stm32f10x_it.o(i.DebugMon_Handler)
    i.Delay_ms                               0x080019ba   Section        0  delay.o(i.Delay_ms)
    i.Delay_s                                0x080019d0   Section        0  delay.o(i.Delay_s)
    i.Delay_us                               0x080019e6   Section        0  delay.o(i.Delay_us)
    i.GPIO_Init                              0x08001a08   Section        0  stm32f10x_gpio.o(i.GPIO_Init)
    i.GPIO_ReadInputDataBit                  0x08001aaa   Section        0  stm32f10x_gpio.o(i.GPIO_ReadInputDataBit)
    i.GPIO_ResetBits                         0x08001ab8   Section        0  stm32f10x_gpio.o(i.GPIO_ResetBits)
    i.GPIO_SetBits                           0x08001abc   Section        0  stm32f10x_gpio.o(i.GPIO_SetBits)
    i.GPIO_WriteBit                          0x08001ac0   Section        0  stm32f10x_gpio.o(i.GPIO_WriteBit)
    i.Get_Basic_Setting                      0x08001acc   Section        0  sx1278.o(i.Get_Basic_Setting)
    i.HEADER_Menu                            0x08001d58   Section        0  menu.o(i.HEADER_Menu)
    i.HardFault_Handler                      0x08001d98   Section        0  stm32f10x_it.o(i.HardFault_Handler)
    i.INFORMATION_Menu                       0x08001d9c   Section        0  menu.o(i.INFORMATION_Menu)
    i.Join_AP                                0x08001dc0   Section        0  wifi.o(i.Join_AP)
    i.Key_GetNum                             0x08001e0c   Section        0  key.o(i.Key_GetNum)
    i.Key_Init                               0x08001e68   Section        0  key.o(i.Key_Init)
    i.Light_Init                             0x08001e94   Section        0  light.o(i.Light_Init)
    i.MYDMA_Init                             0x08001ec0   Section        0  my_dma.o(i.MYDMA_Init)
    i.MYUSART_Init                           0x08001f28   Section        0  serial.o(i.MYUSART_Init)
    i.MemManage_Handler                      0x08001fdc   Section        0  stm32f10x_it.o(i.MemManage_Handler)
    i.Menu                                   0x08001fe0   Section        0  menu.o(i.Menu)
    i.MySPI_Init                             0x08002034   Section        0  my_spi.o(i.MySPI_Init)
    i.MySPI_R_MISO                           0x08002088   Section        0  my_spi.o(i.MySPI_R_MISO)
    i.MySPI_Start                            0x08002098   Section        0  my_spi.o(i.MySPI_Start)
    i.MySPI_Stop                             0x0800209e   Section        0  my_spi.o(i.MySPI_Stop)
    i.MySPI_SwapByte                         0x080020a4   Section        0  my_spi.o(i.MySPI_SwapByte)
    i.MySPI_W_MOSI                           0x080020e4   Section        0  my_spi.o(i.MySPI_W_MOSI)
    i.MySPI_W_SCK                            0x080020f4   Section        0  my_spi.o(i.MySPI_W_SCK)
    i.MySPI_W_SS                             0x08002104   Section        0  my_spi.o(i.MySPI_W_SS)
    i.NMI_Handler                            0x08002114   Section        0  stm32f10x_it.o(i.NMI_Handler)
    i.NVIC_Init                              0x08002118   Section        0  misc.o(i.NVIC_Init)
    i.NVIC_PriorityGroupConfig               0x0800217c   Section        0  misc.o(i.NVIC_PriorityGroupConfig)
    i.OLED_Clear                             0x08002190   Section        0  oled.o(i.OLED_Clear)
    i.OLED_I2C_Init                          0x080021b8   Section        0  oled.o(i.OLED_I2C_Init)
    i.OLED_I2C_SendByte                      0x08002208   Section        0  oled.o(i.OLED_I2C_SendByte)
    i.OLED_I2C_Start                         0x08002264   Section        0  oled.o(i.OLED_I2C_Start)
    i.OLED_I2C_Stop                          0x0800229c   Section        0  oled.o(i.OLED_I2C_Stop)
    i.OLED_Init                              0x080022cc   Section        0  oled.o(i.OLED_Init)
    i.OLED_Pow                               0x08002378   Section        0  oled.o(i.OLED_Pow)
    i.OLED_SetCursor                         0x08002386   Section        0  oled.o(i.OLED_SetCursor)
    i.OLED_ShowBinNum                        0x080023a8   Section        0  oled.o(i.OLED_ShowBinNum)
    i.OLED_ShowChar                          0x080023e4   Section        0  oled.o(i.OLED_ShowChar)
    i.OLED_ShowHexNum                        0x0800244c   Section        0  oled.o(i.OLED_ShowHexNum)
    i.OLED_ShowNum                           0x08002490   Section        0  oled.o(i.OLED_ShowNum)
    i.OLED_ShowString                        0x080024d2   Section        0  oled.o(i.OLED_ShowString)
    i.OLED_WriteCommand                      0x080024f8   Section        0  oled.o(i.OLED_WriteCommand)
    i.OLED_WriteData                         0x0800251a   Section        0  oled.o(i.OLED_WriteData)
    i.Parameter_Menu                         0x0800253c   Section        0  menu.o(i.Parameter_Menu)
    i.PendSV_Handler                         0x0800257c   Section        0  stm32f10x_it.o(i.PendSV_Handler)
    i.Power_Menu                             0x08002580   Section        0  menu.o(i.Power_Menu)
    i.RCC_ADCCLKConfig                       0x080025ac   Section        0  stm32f10x_rcc.o(i.RCC_ADCCLKConfig)
    i.RCC_AHBPeriphClockCmd                  0x080025c0   Section        0  stm32f10x_rcc.o(i.RCC_AHBPeriphClockCmd)
    i.RCC_APB1PeriphClockCmd                 0x080025d8   Section        0  stm32f10x_rcc.o(i.RCC_APB1PeriphClockCmd)
    i.RCC_APB2PeriphClockCmd                 0x080025f0   Section        0  stm32f10x_rcc.o(i.RCC_APB2PeriphClockCmd)
    i.RCC_GetClocksFreq                      0x08002608   Section        0  stm32f10x_rcc.o(i.RCC_GetClocksFreq)
    i.Recieve_Data                           0x08002698   Section        0  sx1278.o(i.Recieve_Data)
    i.SVC_Handler                            0x0800275c   Section        0  stm32f10x_it.o(i.SVC_Handler)
    i.SX1278_Basic_Setting                   0x0800275e   Section        0  sx1278.o(i.SX1278_Basic_Setting)
    i.SX1278_Init                            0x080027a8   Section        0  sx1278.o(i.SX1278_Init)
    i.SX1278_ReadReg                         0x080027f4   Section        0  sx1278.o(i.SX1278_ReadReg)
    i.SX1278_SwapByte                        0x08002814   Section        0  sx1278.o(i.SX1278_SwapByte)
    i.SX1278_WriteReg                        0x08002832   Section        0  sx1278.o(i.SX1278_WriteReg)
    i.Send_Data                              0x08002852   Section        0  sx1278.o(i.Send_Data)
    i.Send_Http                              0x08002884   Section        0  wifi.o(i.Send_Http)
    i.Sending_test                           0x08002970   Section        0  sx1278.o(i.Sending_test)
    i.SetSysClockTo72                        0x08002a58   Section        0  system_stm32f10x.o(i.SetSysClockTo72)
    SetSysClockTo72                          0x08002a59   Thumb Code   160  system_stm32f10x.o(i.SetSysClockTo72)
    i.Set_Cursor                             0x08002b00   Section        0  menu.o(i.Set_Cursor)
    i.Setting_Menu                           0x08002b44   Section        0  menu.o(i.Setting_Menu)
    i.Show_Menu                              0x08002b64   Section        0  menu.o(i.Show_Menu)
    i.Show_Wifi_Status                       0x08002bf8   Section        0  menu.o(i.Show_Wifi_Status)
    i.Soil_Humidity_Init                     0x08002c30   Section        0  soil_humidity.o(i.Soil_Humidity_Init)
    i.String_Copy                            0x08002cbc   Section        0  wifi.o(i.String_Copy)
    i.SysTick_Handler                        0x08002ce2   Section        0  stm32f10x_it.o(i.SysTick_Handler)
    i.SystemInit                             0x08002ce4   Section        0  system_stm32f10x.o(i.SystemInit)
    i.Test                                   0x08002d34   Section        0  sx1278.o(i.Test)
    i.USART1_IRQHandler                      0x08002da0   Section        0  serial.o(i.USART1_IRQHandler)
    i.USART2_IRQHandler                      0x08002e30   Section        0  wifi.o(i.USART2_IRQHandler)
    i.USART_ClearITPendingBit                0x08002ea8   Section        0  stm32f10x_usart.o(i.USART_ClearITPendingBit)
    i.USART_Cmd                              0x08002eb4   Section        0  stm32f10x_usart.o(i.USART_Cmd)
    i.USART_DMACmd                           0x08002ec8   Section        0  stm32f10x_usart.o(i.USART_DMACmd)
    i.USART_GetFlagStatus                    0x08002ed8   Section        0  stm32f10x_usart.o(i.USART_GetFlagStatus)
    i.USART_GetITStatus                      0x08002ee6   Section        0  stm32f10x_usart.o(i.USART_GetITStatus)
    i.USART_ITConfig                         0x08002f24   Section        0  stm32f10x_usart.o(i.USART_ITConfig)
    i.USART_Init                             0x08002f54   Section        0  stm32f10x_usart.o(i.USART_Init)
    i.USART_ReceiveData                      0x08003000   Section        0  stm32f10x_usart.o(i.USART_ReceiveData)
    i.USART_SendData                         0x08003008   Section        0  stm32f10x_usart.o(i.USART_SendData)
    i.UsageFault_Handler                     0x08003010   Section        0  stm32f10x_it.o(i.UsageFault_Handler)
    i.WIFI_SendByte                          0x08003014   Section        0  wifi.o(i.WIFI_SendByte)
    i.WIFI_SendString                        0x08003034   Section        0  wifi.o(i.WIFI_SendString)
    i.Welcome_menu                           0x0800304c   Section        0  menu.o(i.Welcome_menu)
    i.Wifi_USART_Init                        0x080030cc   Section        0  wifi.o(i.Wifi_USART_Init)
    i.__ARM_fpclassify                       0x0800318c   Section        0  fpclassify.o(i.__ARM_fpclassify)
    i.check_AP_Connection                    0x080031b4   Section        0  wifi.o(i.check_AP_Connection)
    i.main                                   0x0800320c   Section        0  main.o(i.main)
    locale$$code                             0x080032c4   Section       44  lc_numeric_c.o(locale$$code)
    x$fpl$dretinf                            0x080032f0   Section       12  dretinf.o(x$fpl$dretinf)
    x$fpl$f2d                                0x080032fc   Section       86  f2d.o(x$fpl$f2d)
    x$fpl$fnaninf                            0x08003352   Section      140  fnaninf.o(x$fpl$fnaninf)
    x$fpl$printf1                            0x080033de   Section        4  printf1.o(x$fpl$printf1)
    .constdata                               0x080033e2   Section     1520  oled.o(.constdata)
    x$fpl$usenofp                            0x080033e2   Section        0  usenofp.o(x$fpl$usenofp)
    .constdata                               0x080039d4   Section      148  bigflt0.o(.constdata)
    tenpwrs_x                                0x080039d4   Data          60  bigflt0.o(.constdata)
    tenpwrs_i                                0x08003a10   Data          64  bigflt0.o(.constdata)
    .conststring                             0x08003a68   Section      245  wifi.o(.conststring)
    .conststring                             0x08003b60   Section      369  menu.o(.conststring)
    locale$$data                             0x08003cf4   Section       28  lc_numeric_c.o(locale$$data)
    __lcnum_c_name                           0x08003cf8   Data           2  lc_numeric_c.o(locale$$data)
    __lcnum_c_start                          0x08003d00   Data           0  lc_numeric_c.o(locale$$data)
    __lcnum_c_point                          0x08003d0c   Data           0  lc_numeric_c.o(locale$$data)
    __lcnum_c_thousands                      0x08003d0e   Data           0  lc_numeric_c.o(locale$$data)
    __lcnum_c_grouping                       0x08003d0f   Data           0  lc_numeric_c.o(locale$$data)
    __lcnum_c_end                            0x08003d10   Data           0  lc_numeric_c.o(locale$$data)
    .data                                    0x20000000   Section       20  stm32f10x_rcc.o(.data)
    ADCPrescTable                            0x20000000   Data           4  stm32f10x_rcc.o(.data)
    APBAHBPrescTable                         0x20000004   Data          16  stm32f10x_rcc.o(.data)
    .data                                    0x20000014   Section       12  serial.o(.data)
    .data                                    0x20000020   Section      128  sx1278.o(.data)
    .data                                    0x200000a0   Section      128  wifi.o(.data)
    tried_times                              0x200000a4   Data           4  wifi.o(.data)
    Check_AT                                 0x200000a8   Data           5  wifi.o(.data)
    Change_CIPMODE                           0x200000ad   Data          15  wifi.o(.data)
    Connect_To_Server                        0x200000bc   Data          40  wifi.o(.data)
    CIP_Send                                 0x200000e4   Data          13  wifi.o(.data)
    Connection_Status                        0x200000f1   Data          15  wifi.o(.data)
    Join_Ap                                  0x20000100   Data          32  wifi.o(.data)
    .data                                    0x20000120   Section      212  menu.o(.data)
    .bss                                     0x200001f4   Section       24  serial.o(.bss)
    .bss                                     0x2000020c   Section     1000  wifi.o(.bss)
    Recieve_String                           0x2000020c   Data         500  wifi.o(.bss)
    .bss                                     0x200005f4   Section       96  libspace.o(.bss)
    HEAP                                     0x20000658   Section      512  startup_stm32f10x_md.o(HEAP)
    Heap_Mem                                 0x20000658   Data         512  startup_stm32f10x_md.o(HEAP)
    STACK                                    0x20000858   Section     1024  startup_stm32f10x_md.o(STACK)
    Stack_Mem                                0x20000858   Data        1024  startup_stm32f10x_md.o(STACK)
    __initial_sp                             0x20000c58   Data           0  startup_stm32f10x_md.o(STACK)

    Global Symbols

    Symbol Name                              Value     Ov Type        Size  Object(Section)

    BuildAttributes$$THM_ISAv4$P$D$K$B$S$PE$A:L22UL41UL21$X:L11$S22US41US21$IEEE1$IW$USESV6$~STKCKD$USESV7$~SHL$OTIME$ROPI$IEEEJ$EBA8$UX$STANDARDLIB$REQ8$PRES8$EABIv2 0x00000000   Number         0  anon$$obj.o ABSOLUTE
    __ARM_use_no_argv                        0x00000000   Number         0  main.o ABSOLUTE
    _printf_flags                            0x00000000   Number         0  printf_stubs.o ABSOLUTE
    _printf_return_value                     0x00000000   Number         0  printf_stubs.o ABSOLUTE
    _printf_sizespec                         0x00000000   Number         0  printf_stubs.o ABSOLUTE
    _printf_widthprec                        0x00000000   Number         0  printf_stubs.o ABSOLUTE
    __ARM_exceptions_init                     - Undefined Weak Reference
    __alloca_initialize                       - Undefined Weak Reference
    __arm_preinit_                            - Undefined Weak Reference
    __cpp_initialize__aeabi_                  - Undefined Weak Reference
    __cxa_finalize                            - Undefined Weak Reference
    __sigvec_lookup                           - Undefined Weak Reference
    __user_heap_extent                        - Undefined Weak Reference
    _atexit_init                              - Undefined Weak Reference
    _call_atexit_fns                          - Undefined Weak Reference
    _clock_init                               - Undefined Weak Reference
    _fp_trap_init                             - Undefined Weak Reference
    _fp_trap_shutdown                         - Undefined Weak Reference
    _get_lc_collate                           - Undefined Weak Reference
    _get_lc_ctype                             - Undefined Weak Reference
    _get_lc_monetary                          - Undefined Weak Reference
    _get_lc_time                              - Undefined Weak Reference
    _getenv_init                              - Undefined Weak Reference
    _handle_redirection                       - Undefined Weak Reference
    _initio                                   - Undefined Weak Reference
    _mutex_acquire                            - Undefined Weak Reference
    _mutex_free                               - Undefined Weak Reference
    _mutex_release                            - Undefined Weak Reference
    _printf_mbtowc                            - Undefined Weak Reference
    _printf_post_padding                      - Undefined Weak Reference
    _printf_pre_padding                       - Undefined Weak Reference
    _printf_truncate_signed                   - Undefined Weak Reference
    _printf_truncate_unsigned                 - Undefined Weak Reference
    _rand_init                                - Undefined Weak Reference
    _signal_finish                            - Undefined Weak Reference
    _signal_init                              - Undefined Weak Reference
    _terminateio                              - Undefined Weak Reference
    __Vectors_Size                           0x000000ec   Number         0  startup_stm32f10x_md.o ABSOLUTE
    __Vectors                                0x08000000   Data           4  startup_stm32f10x_md.o(RESET)
    __Vectors_End                            0x080000ec   Data           0  startup_stm32f10x_md.o(RESET)
    __main                                   0x080000ed   Thumb Code     8  __main.o(!!!main)
    __scatterload                            0x080000f5   Thumb Code     0  __scatter.o(!!!scatter)
    __scatterload_rt2                        0x080000f5   Thumb Code    44  __scatter.o(!!!scatter)
    __scatterload_rt2_thumb_only             0x080000f5   Thumb Code     0  __scatter.o(!!!scatter)
    __scatterload_null                       0x08000103   Thumb Code     0  __scatter.o(!!!scatter)
    __decompress                             0x08000129   Thumb Code    90  __dczerorl2.o(!!dczerorl2)
    __decompress1                            0x08000129   Thumb Code     0  __dczerorl2.o(!!dczerorl2)
    __scatterload_zeroinit                   0x08000185   Thumb Code    28  __scatter_zi.o(!!handler_zi)
    _printf_f                                0x080001a1   Thumb Code     0  _printf_f.o(.ARM.Collect$$_printf_percent$$00000003)
    _printf_percent                          0x080001a1   Thumb Code     0  _printf_percent.o(.ARM.Collect$$_printf_percent$$00000000)
    _printf_d                                0x080001a7   Thumb Code     0  _printf_d.o(.ARM.Collect$$_printf_percent$$00000009)
    _printf_s                                0x080001ad   Thumb Code     0  _printf_s.o(.ARM.Collect$$_printf_percent$$00000014)
    _printf_percent_end                      0x080001b3   Thumb Code     0  _printf_percent_end.o(.ARM.Collect$$_printf_percent$$00000017)
    __rt_lib_init                            0x080001b7   Thumb Code     0  libinit.o(.ARM.Collect$$libinit$$00000000)
    __rt_lib_init_fp_1                       0x080001b9   Thumb Code     0  libinit2.o(.ARM.Collect$$libinit$$00000002)
    __rt_lib_init_heap_2                     0x080001b9   Thumb Code     0  libinit2.o(.ARM.Collect$$libinit$$00000005)
    __rt_lib_init_preinit_1                  0x080001b9   Thumb Code     0  libinit2.o(.ARM.Collect$$libinit$$00000004)
    __rt_lib_init_heap_1                     0x080001c1   Thumb Code     0  libinit2.o(.ARM.Collect$$libinit$$0000000A)
    __rt_lib_init_lc_common                  0x080001c1   Thumb Code     0  libinit2.o(.ARM.Collect$$libinit$$0000000F)
    __rt_lib_init_rand_1                     0x080001c1   Thumb Code     0  libinit2.o(.ARM.Collect$$libinit$$0000000E)
    __rt_lib_init_user_alloc_1               0x080001c1   Thumb Code     0  libinit2.o(.ARM.Collect$$libinit$$0000000C)
    __rt_lib_init_lc_collate_1               0x080001c7   Thumb Code     0  libinit2.o(.ARM.Collect$$libinit$$00000011)
    __rt_lib_init_lc_ctype_1                 0x080001c7   Thumb Code     0  libinit2.o(.ARM.Collect$$libinit$$00000013)
    __rt_lib_init_lc_monetary_1              0x080001c7   Thumb Code     0  libinit2.o(.ARM.Collect$$libinit$$00000015)
    __rt_lib_init_lc_numeric_2               0x080001c7   Thumb Code     0  libinit2.o(.ARM.Collect$$libinit$$00000016)
    __rt_lib_init_alloca_1                   0x080001d1   Thumb Code     0  libinit2.o(.ARM.Collect$$libinit$$0000002E)
    __rt_lib_init_argv_1                     0x080001d1   Thumb Code     0  libinit2.o(.ARM.Collect$$libinit$$0000002C)
    __rt_lib_init_atexit_1                   0x080001d1   Thumb Code     0  libinit2.o(.ARM.Collect$$libinit$$0000001B)
    __rt_lib_init_clock_1                    0x080001d1   Thumb Code     0  libinit2.o(.ARM.Collect$$libinit$$00000021)
    __rt_lib_init_cpp_1                      0x080001d1   Thumb Code     0  libinit2.o(.ARM.Collect$$libinit$$00000032)
    __rt_lib_init_exceptions_1               0x080001d1   Thumb Code     0  libinit2.o(.ARM.Collect$$libinit$$00000030)
    __rt_lib_init_fp_trap_1                  0x080001d1   Thumb Code     0  libinit2.o(.ARM.Collect$$libinit$$0000001F)
    __rt_lib_init_getenv_1                   0x080001d1   Thumb Code     0  libinit2.o(.ARM.Collect$$libinit$$00000023)
    __rt_lib_init_lc_numeric_1               0x080001d1   Thumb Code     0  libinit2.o(.ARM.Collect$$libinit$$00000017)
    __rt_lib_init_lc_time_1                  0x080001d1   Thumb Code     0  libinit2.o(.ARM.Collect$$libinit$$00000019)
    __rt_lib_init_return                     0x080001d1   Thumb Code     0  libinit2.o(.ARM.Collect$$libinit$$00000033)
    __rt_lib_init_signal_1                   0x080001d1   Thumb Code     0  libinit2.o(.ARM.Collect$$libinit$$0000001D)
    __rt_lib_init_stdio_1                    0x080001d1   Thumb Code     0  libinit2.o(.ARM.Collect$$libinit$$00000025)
    __rt_lib_shutdown                        0x080001d3   Thumb Code     0  libshutdown.o(.ARM.Collect$$libshutdown$$00000000)
    __rt_lib_shutdown_cpp_1                  0x080001d5   Thumb Code     0  libshutdown2.o(.ARM.Collect$$libshutdown$$00000002)
    __rt_lib_shutdown_fp_trap_1              0x080001d5   Thumb Code     0  libshutdown2.o(.ARM.Collect$$libshutdown$$00000007)
    __rt_lib_shutdown_heap_1                 0x080001d5   Thumb Code     0  libshutdown2.o(.ARM.Collect$$libshutdown$$0000000F)
    __rt_lib_shutdown_return                 0x080001d5   Thumb Code     0  libshutdown2.o(.ARM.Collect$$libshutdown$$00000010)
    __rt_lib_shutdown_signal_1               0x080001d5   Thumb Code     0  libshutdown2.o(.ARM.Collect$$libshutdown$$0000000A)
    __rt_lib_shutdown_stdio_1                0x080001d5   Thumb Code     0  libshutdown2.o(.ARM.Collect$$libshutdown$$00000004)
    __rt_lib_shutdown_user_alloc_1           0x080001d5   Thumb Code     0  libshutdown2.o(.ARM.Collect$$libshutdown$$0000000C)
    __rt_entry                               0x080001d7   Thumb Code     0  __rtentry.o(.ARM.Collect$$rtentry$$00000000)
    __rt_entry_presh_1                       0x080001d7   Thumb Code     0  __rtentry2.o(.ARM.Collect$$rtentry$$00000002)
    __rt_entry_sh                            0x080001d7   Thumb Code     0  __rtentry4.o(.ARM.Collect$$rtentry$$00000004)
    __rt_entry_li                            0x080001dd   Thumb Code     0  __rtentry2.o(.ARM.Collect$$rtentry$$0000000A)
    __rt_entry_postsh_1                      0x080001dd   Thumb Code     0  __rtentry2.o(.ARM.Collect$$rtentry$$00000009)
    __rt_entry_main                          0x080001e1   Thumb Code     0  __rtentry2.o(.ARM.Collect$$rtentry$$0000000D)
    __rt_entry_postli_1                      0x080001e1   Thumb Code     0  __rtentry2.o(.ARM.Collect$$rtentry$$0000000C)
    __rt_exit                                0x080001e9   Thumb Code     0  rtexit.o(.ARM.Collect$$rtexit$$00000000)
    __rt_exit_ls                             0x080001eb   Thumb Code     0  rtexit2.o(.ARM.Collect$$rtexit$$00000003)
    __rt_exit_prels_1                        0x080001eb   Thumb Code     0  rtexit2.o(.ARM.Collect$$rtexit$$00000002)
    __rt_exit_exit                           0x080001ef   Thumb Code     0  rtexit2.o(.ARM.Collect$$rtexit$$00000004)
    Reset_Handler                            0x080001f5   Thumb Code     8  startup_stm32f10x_md.o(.text)
    _maybe_terminate_alloc                   0x080001f5   Thumb Code     0  maybetermalloc1.o(.emb_text)
    ADC1_2_IRQHandler                        0x0800020f   Thumb Code     0  startup_stm32f10x_md.o(.text)
    CAN1_RX1_IRQHandler                      0x0800020f   Thumb Code     0  startup_stm32f10x_md.o(.text)
    CAN1_SCE_IRQHandler                      0x0800020f   Thumb Code     0  startup_stm32f10x_md.o(.text)
    DMA1_Channel1_IRQHandler                 0x0800020f   Thumb Code     0  startup_stm32f10x_md.o(.text)
    DMA1_Channel2_IRQHandler                 0x0800020f   Thumb Code     0  startup_stm32f10x_md.o(.text)
    DMA1_Channel3_IRQHandler                 0x0800020f   Thumb Code     0  startup_stm32f10x_md.o(.text)
    DMA1_Channel4_IRQHandler                 0x0800020f   Thumb Code     0  startup_stm32f10x_md.o(.text)
    DMA1_Channel5_IRQHandler                 0x0800020f   Thumb Code     0  startup_stm32f10x_md.o(.text)
    DMA1_Channel6_IRQHandler                 0x0800020f   Thumb Code     0  startup_stm32f10x_md.o(.text)
    DMA1_Channel7_IRQHandler                 0x0800020f   Thumb Code     0  startup_stm32f10x_md.o(.text)
    EXTI0_IRQHandler                         0x0800020f   Thumb Code     0  startup_stm32f10x_md.o(.text)
    EXTI15_10_IRQHandler                     0x0800020f   Thumb Code     0  startup_stm32f10x_md.o(.text)
    EXTI1_IRQHandler                         0x0800020f   Thumb Code     0  startup_stm32f10x_md.o(.text)
    EXTI2_IRQHandler                         0x0800020f   Thumb Code     0  startup_stm32f10x_md.o(.text)
    EXTI3_IRQHandler                         0x0800020f   Thumb Code     0  startup_stm32f10x_md.o(.text)
    EXTI4_IRQHandler                         0x0800020f   Thumb Code     0  startup_stm32f10x_md.o(.text)
    EXTI9_5_IRQHandler                       0x0800020f   Thumb Code     0  startup_stm32f10x_md.o(.text)
    FLASH_IRQHandler                         0x0800020f   Thumb Code     0  startup_stm32f10x_md.o(.text)
    I2C1_ER_IRQHandler                       0x0800020f   Thumb Code     0  startup_stm32f10x_md.o(.text)
    I2C1_EV_IRQHandler                       0x0800020f   Thumb Code     0  startup_stm32f10x_md.o(.text)
    I2C2_ER_IRQHandler                       0x0800020f   Thumb Code     0  startup_stm32f10x_md.o(.text)
    I2C2_EV_IRQHandler                       0x0800020f   Thumb Code     0  startup_stm32f10x_md.o(.text)
    PVD_IRQHandler                           0x0800020f   Thumb Code     0  startup_stm32f10x_md.o(.text)
    RCC_IRQHandler                           0x0800020f   Thumb Code     0  startup_stm32f10x_md.o(.text)
    RTCAlarm_IRQHandler                      0x0800020f   Thumb Code     0  startup_stm32f10x_md.o(.text)
    RTC_IRQHandler                           0x0800020f   Thumb Code     0  startup_stm32f10x_md.o(.text)
    SPI1_IRQHandler                          0x0800020f   Thumb Code     0  startup_stm32f10x_md.o(.text)
    SPI2_IRQHandler                          0x0800020f   Thumb Code     0  startup_stm32f10x_md.o(.text)
    TAMPER_IRQHandler                        0x0800020f   Thumb Code     0  startup_stm32f10x_md.o(.text)
    TIM1_BRK_IRQHandler                      0x0800020f   Thumb Code     0  startup_stm32f10x_md.o(.text)
    TIM1_CC_IRQHandler                       0x0800020f   Thumb Code     0  startup_stm32f10x_md.o(.text)
    TIM1_TRG_COM_IRQHandler                  0x0800020f   Thumb Code     0  startup_stm32f10x_md.o(.text)
    TIM1_UP_IRQHandler                       0x0800020f   Thumb Code     0  startup_stm32f10x_md.o(.text)
    TIM2_IRQHandler                          0x0800020f   Thumb Code     0  startup_stm32f10x_md.o(.text)
    TIM3_IRQHandler                          0x0800020f   Thumb Code     0  startup_stm32f10x_md.o(.text)
    TIM4_IRQHandler                          0x0800020f   Thumb Code     0  startup_stm32f10x_md.o(.text)
    USART3_IRQHandler                        0x0800020f   Thumb Code     0  startup_stm32f10x_md.o(.text)
    USBWakeUp_IRQHandler                     0x0800020f   Thumb Code     0  startup_stm32f10x_md.o(.text)
    USB_HP_CAN1_TX_IRQHandler                0x0800020f   Thumb Code     0  startup_stm32f10x_md.o(.text)
    USB_LP_CAN1_RX0_IRQHandler               0x0800020f   Thumb Code     0  startup_stm32f10x_md.o(.text)
    WWDG_IRQHandler                          0x0800020f   Thumb Code     0  startup_stm32f10x_md.o(.text)
    __user_initial_stackheap                 0x08000211   Thumb Code     0  startup_stm32f10x_md.o(.text)
    malloc                                   0x08000235   Thumb Code    94  h1_alloc.o(.text)
    free                                     0x08000293   Thumb Code    78  h1_free.o(.text)
    __2snprintf                              0x080002e1   Thumb Code    50  __2snprintf.o(.text)
    __printf                                 0x08000319   Thumb Code   104  __printf.o(.text)
    _printf_str                              0x08000381   Thumb Code    82  _printf_str.o(.text)
    _printf_int_dec                          0x080003d5   Thumb Code   104  _printf_dec.o(.text)
    strstr                                   0x0800044d   Thumb Code    36  strstr.o(.text)
    strcpy                                   0x08000471   Thumb Code    72  strcpy.o(.text)
    __use_two_region_memory                  0x080004b9   Thumb Code     2  heapauxi.o(.text)
    __rt_heap_escrow                         0x080004bb   Thumb Code     2  heapauxi.o(.text)
    __rt_heap_expand                         0x080004bd   Thumb Code     2  heapauxi.o(.text)
    __rt_heap_descriptor                     0x080004c1   Thumb Code     8  rt_heap_descriptor_intlibspace.o(.text)
    __use_no_heap                            0x080004c9   Thumb Code     2  hguard.o(.text)
    __heap$guard                             0x080004cb   Thumb Code     2  hguard.o(.text)
    _terminate_user_alloc                    0x080004cd   Thumb Code     2  init_alloc.o(.text)
    _init_user_alloc                         0x080004cf   Thumb Code     2  init_alloc.o(.text)
    __Heap_Full                              0x080004d1   Thumb Code    34  init_alloc.o(.text)
    __Heap_Broken                            0x080004f3   Thumb Code     6  init_alloc.o(.text)
    _init_alloc                              0x080004f9   Thumb Code    94  init_alloc.o(.text)
    __Heap_Initialize                        0x08000557   Thumb Code    10  h1_init.o(.text)
    __Heap_DescSize                          0x08000561   Thumb Code     4  h1_init.o(.text)
    _printf_int_common                       0x08000565   Thumb Code   178  _printf_intcommon.o(.text)
    __lib_sel_fp_printf                      0x08000617   Thumb Code     2  _printf_fp_dec.o(.text)
    _printf_fp_dec_real                      0x080007c9   Thumb Code   620  _printf_fp_dec.o(.text)
    _printf_char_common                      0x08000a3f   Thumb Code    32  _printf_char_common.o(.text)
    _sputc                                   0x08000a65   Thumb Code    10  _sputc.o(.text)
    _snputc                                  0x08000a6f   Thumb Code    16  _snputc.o(.text)
    _printf_cs_common                        0x08000a7f   Thumb Code    20  _printf_char.o(.text)
    _printf_char                             0x08000a93   Thumb Code    16  _printf_char.o(.text)
    _printf_string                           0x08000aa3   Thumb Code     8  _printf_char.o(.text)
    __user_libspace                          0x08000aad   Thumb Code     8  libspace.o(.text)
    __user_perproc_libspace                  0x08000aad   Thumb Code     0  libspace.o(.text)
    __user_perthread_libspace                0x08000aad   Thumb Code     0  libspace.o(.text)
    __rt_locale                              0x08000ab5   Thumb Code     8  rt_locale_intlibspace.o(.text)
    __Heap_ProvideMemory                     0x08000abd   Thumb Code    52  h1_extend.o(.text)
    _ll_udiv10                               0x08000af1   Thumb Code   138  lludiv10.o(.text)
    _printf_fp_infnan                        0x08000b7d   Thumb Code   112  _printf_fp_infnan.o(.text)
    _btod_etento                             0x08000bfd   Thumb Code   224  bigflt0.o(.text)
    __rt_SIGRTMEM                            0x08000ce1   Thumb Code    14  defsig_rtmem_outer.o(.text)
    __I$use$semihosting                      0x08000cef   Thumb Code     0  use_no_semi.o(.text)
    __use_no_semihosting_swi                 0x08000cef   Thumb Code     2  use_no_semi.o(.text)
    __semihosting_library_function           0x08000cf1   Thumb Code     0  indicate_semi.o(.text)
    __user_setup_stackheap                   0x08000cf1   Thumb Code    74  sys_stackheap_outer.o(.text)
    exit                                     0x08000d3b   Thumb Code    18  exit.o(.text)
    __sig_exit                               0x08000d4d   Thumb Code    10  defsig_exit.o(.text)
    __rt_SIGRTMEM_inner                      0x08000d59   Thumb Code    22  defsig_rtmem_inner.o(.text)
    strcmp                                   0x08000da9   Thumb Code   128  strcmpv7m.o(.text)
    _sys_exit                                0x08000e29   Thumb Code     8  sys_exit.o(.text)
    __default_signal_display                 0x08000e35   Thumb Code    50  defsig_general.o(.text)
    _ttywrch                                 0x08000e67   Thumb Code    14  sys_wrch.o(.text)
    _btod_d2e                                0x08000e75   Thumb Code    62  btod.o(CL$$btod_d2e)
    _d2e_denorm_low                          0x08000eb3   Thumb Code    70  btod.o(CL$$btod_d2e_denorm_low)
    _d2e_norm_op1                            0x08000ef9   Thumb Code    96  btod.o(CL$$btod_d2e_norm_op1)
    __btod_div_common                        0x08000f59   Thumb Code   696  btod.o(CL$$btod_div_common)
    _e2e                                     0x08001291   Thumb Code   220  btod.o(CL$$btod_e2e)
    _btod_ediv                               0x0800136d   Thumb Code    42  btod.o(CL$$btod_ediv)
    _btod_emul                               0x08001397   Thumb Code    42  btod.o(CL$$btod_emul)
    __btod_mult_common                       0x080013c1   Thumb Code   580  btod.o(CL$$btod_mult_common)
    ADC_Cmd                                  0x08001605   Thumb Code    20  stm32f10x_adc.o(i.ADC_Cmd)
    ADC_GetCalibrationStatus                 0x08001619   Thumb Code    14  stm32f10x_adc.o(i.ADC_GetCalibrationStatus)
    ADC_GetResetCalibrationStatus            0x08001627   Thumb Code    14  stm32f10x_adc.o(i.ADC_GetResetCalibrationStatus)
    ADC_Init                                 0x08001635   Thumb Code    62  stm32f10x_adc.o(i.ADC_Init)
    ADC_ResetCalibration                     0x0800167d   Thumb Code    10  stm32f10x_adc.o(i.ADC_ResetCalibration)
    ADC_StartCalibration                     0x08001687   Thumb Code    10  stm32f10x_adc.o(i.ADC_StartCalibration)
    BW_Menu                                  0x08001691   Thumb Code    46  menu.o(i.BW_Menu)
    BusFault_Handler                         0x080016c5   Thumb Code     2  stm32f10x_it.o(i.BusFault_Handler)
    CR_Menu                                  0x080016c9   Thumb Code    38  menu.o(i.CR_Menu)
    Connect_Server                           0x080016f5   Thumb Code   116  wifi.o(i.Connect_Server)
    DHT11_Check                              0x08001789   Thumb Code    86  dh11.o(i.DHT11_Check)
    DHT11_Init                               0x080017e5   Thumb Code    56  dh11.o(i.DHT11_Init)
    DHT11_Mode                               0x08001821   Thumb Code    36  dh11.o(i.DHT11_Mode)
    DHT11_Rst                                0x08001849   Thumb Code    42  dh11.o(i.DHT11_Rst)
    DMA_Cmd                                  0x08001879   Thumb Code    22  stm32f10x_dma.o(i.DMA_Cmd)
    DMA_DeInit                               0x08001891   Thumb Code   218  stm32f10x_dma.o(i.DMA_DeInit)
    DMA_GetCurrDataCounter                   0x08001975   Thumb Code     6  stm32f10x_dma.o(i.DMA_GetCurrDataCounter)
    DMA_Init                                 0x0800197b   Thumb Code    58  stm32f10x_dma.o(i.DMA_Init)
    DMA_SetCurrDataCounter                   0x080019b5   Thumb Code     4  stm32f10x_dma.o(i.DMA_SetCurrDataCounter)
    DebugMon_Handler                         0x080019b9   Thumb Code     2  stm32f10x_it.o(i.DebugMon_Handler)
    Delay_ms                                 0x080019bb   Thumb Code    22  delay.o(i.Delay_ms)
    Delay_s                                  0x080019d1   Thumb Code    22  delay.o(i.Delay_s)
    Delay_us                                 0x080019e7   Thumb Code    32  delay.o(i.Delay_us)
    GPIO_Init                                0x08001a09   Thumb Code   162  stm32f10x_gpio.o(i.GPIO_Init)
    GPIO_ReadInputDataBit                    0x08001aab   Thumb Code    14  stm32f10x_gpio.o(i.GPIO_ReadInputDataBit)
    GPIO_ResetBits                           0x08001ab9   Thumb Code     4  stm32f10x_gpio.o(i.GPIO_ResetBits)
    GPIO_SetBits                             0x08001abd   Thumb Code     4  stm32f10x_gpio.o(i.GPIO_SetBits)
    GPIO_WriteBit                            0x08001ac1   Thumb Code    10  stm32f10x_gpio.o(i.GPIO_WriteBit)
    Get_Basic_Setting                        0x08001acd   Thumb Code   382  sx1278.o(i.Get_Basic_Setting)
    HEADER_Menu                              0x08001d59   Thumb Code    58  menu.o(i.HEADER_Menu)
    HardFault_Handler                        0x08001d99   Thumb Code     2  stm32f10x_it.o(i.HardFault_Handler)
    INFORMATION_Menu                         0x08001d9d   Thumb Code    22  menu.o(i.INFORMATION_Menu)
    Join_AP                                  0x08001dc1   Thumb Code    50  wifi.o(i.Join_AP)
    Key_GetNum                               0x08001e0d   Thumb Code    88  key.o(i.Key_GetNum)
    Key_Init                                 0x08001e69   Thumb Code    40  key.o(i.Key_Init)
    Light_Init                               0x08001e95   Thumb Code    40  light.o(i.Light_Init)
    MYDMA_Init                               0x08001ec1   Thumb Code    90  my_dma.o(i.MYDMA_Init)
    MYUSART_Init                             0x08001f29   Thumb Code   172  serial.o(i.MYUSART_Init)
    MemManage_Handler                        0x08001fdd   Thumb Code     2  stm32f10x_it.o(i.MemManage_Handler)
    Menu                                     0x08001fe1   Thumb Code    80  menu.o(i.Menu)
    MySPI_Init                               0x08002035   Thumb Code    80  my_spi.o(i.MySPI_Init)
    MySPI_R_MISO                             0x08002089   Thumb Code    10  my_spi.o(i.MySPI_R_MISO)
    MySPI_Start                              0x08002099   Thumb Code     6  my_spi.o(i.MySPI_Start)
    MySPI_Stop                               0x0800209f   Thumb Code     6  my_spi.o(i.MySPI_Stop)
    MySPI_SwapByte                           0x080020a5   Thumb Code    64  my_spi.o(i.MySPI_SwapByte)
    MySPI_W_MOSI                             0x080020e5   Thumb Code    12  my_spi.o(i.MySPI_W_MOSI)
    MySPI_W_SCK                              0x080020f5   Thumb Code    12  my_spi.o(i.MySPI_W_SCK)
    MySPI_W_SS                               0x08002105   Thumb Code    12  my_spi.o(i.MySPI_W_SS)
    NMI_Handler                              0x08002115   Thumb Code     2  stm32f10x_it.o(i.NMI_Handler)
    NVIC_Init                                0x08002119   Thumb Code    94  misc.o(i.NVIC_Init)
    NVIC_PriorityGroupConfig                 0x0800217d   Thumb Code    10  misc.o(i.NVIC_PriorityGroupConfig)
    OLED_Clear                               0x08002191   Thumb Code    38  oled.o(i.OLED_Clear)
    OLED_I2C_Init                            0x080021b9   Thumb Code    76  oled.o(i.OLED_I2C_Init)
    OLED_I2C_SendByte                        0x08002209   Thumb Code    86  oled.o(i.OLED_I2C_SendByte)
    OLED_I2C_Start                           0x08002265   Thumb Code    52  oled.o(i.OLED_I2C_Start)
    OLED_I2C_Stop                            0x0800229d   Thumb Code    42  oled.o(i.OLED_I2C_Stop)
    OLED_Init                                0x080022cd   Thumb Code   172  oled.o(i.OLED_Init)
    OLED_Pow                                 0x08002379   Thumb Code    14  oled.o(i.OLED_Pow)
    OLED_SetCursor                           0x08002387   Thumb Code    34  oled.o(i.OLED_SetCursor)
    OLED_ShowBinNum                          0x080023a9   Thumb Code    58  oled.o(i.OLED_ShowBinNum)
    OLED_ShowChar                            0x080023e5   Thumb Code    98  oled.o(i.OLED_ShowChar)
    OLED_ShowHexNum                          0x0800244d   Thumb Code    68  oled.o(i.OLED_ShowHexNum)
    OLED_ShowNum                             0x08002491   Thumb Code    66  oled.o(i.OLED_ShowNum)
    OLED_ShowString                          0x080024d3   Thumb Code    38  oled.o(i.OLED_ShowString)
    OLED_WriteCommand                        0x080024f9   Thumb Code    34  oled.o(i.OLED_WriteCommand)
    OLED_WriteData                           0x0800251b   Thumb Code    34  oled.o(i.OLED_WriteData)
    Parameter_Menu                           0x0800253d   Thumb Code    58  menu.o(i.Parameter_Menu)
    PendSV_Handler                           0x0800257d   Thumb Code     2  stm32f10x_it.o(i.PendSV_Handler)
    Power_Menu                               0x08002581   Thumb Code    40  menu.o(i.Power_Menu)
    RCC_ADCCLKConfig                         0x080025ad   Thumb Code    14  stm32f10x_rcc.o(i.RCC_ADCCLKConfig)
    RCC_AHBPeriphClockCmd                    0x080025c1   Thumb Code    18  stm32f10x_rcc.o(i.RCC_AHBPeriphClockCmd)
    RCC_APB1PeriphClockCmd                   0x080025d9   Thumb Code    18  stm32f10x_rcc.o(i.RCC_APB1PeriphClockCmd)
    RCC_APB2PeriphClockCmd                   0x080025f1   Thumb Code    18  stm32f10x_rcc.o(i.RCC_APB2PeriphClockCmd)
    RCC_GetClocksFreq                        0x08002609   Thumb Code   128  stm32f10x_rcc.o(i.RCC_GetClocksFreq)
    Recieve_Data                             0x08002699   Thumb Code   168  sx1278.o(i.Recieve_Data)
    SVC_Handler                              0x0800275d   Thumb Code     2  stm32f10x_it.o(i.SVC_Handler)
    SX1278_Basic_Setting                     0x0800275f   Thumb Code    72  sx1278.o(i.SX1278_Basic_Setting)
    SX1278_Init                              0x080027a9   Thumb Code    72  sx1278.o(i.SX1278_Init)
    SX1278_ReadReg                           0x080027f5   Thumb Code    32  sx1278.o(i.SX1278_ReadReg)
    SX1278_SwapByte                          0x08002815   Thumb Code    30  sx1278.o(i.SX1278_SwapByte)
    SX1278_WriteReg                          0x08002833   Thumb Code    32  sx1278.o(i.SX1278_WriteReg)
    Send_Data                                0x08002853   Thumb Code    48  sx1278.o(i.Send_Data)
    Send_Http                                0x08002885   Thumb Code   204  wifi.o(i.Send_Http)
    Sending_test                             0x08002971   Thumb Code   176  sx1278.o(i.Sending_test)
    Set_Cursor                               0x08002b01   Thumb Code    58  menu.o(i.Set_Cursor)
    Setting_Menu                             0x08002b45   Thumb Code    26  menu.o(i.Setting_Menu)
    Show_Menu                                0x08002b65   Thumb Code   142  menu.o(i.Show_Menu)
    Show_Wifi_Status                         0x08002bf9   Thumb Code    52  menu.o(i.Show_Wifi_Status)
    Soil_Humidity_Init                       0x08002c31   Thumb Code   130  soil_humidity.o(i.Soil_Humidity_Init)
    String_Copy                              0x08002cbd   Thumb Code    38  wifi.o(i.String_Copy)
    SysTick_Handler                          0x08002ce3   Thumb Code     2  stm32f10x_it.o(i.SysTick_Handler)
    SystemInit                               0x08002ce5   Thumb Code    64  system_stm32f10x.o(i.SystemInit)
    Test                                     0x08002d35   Thumb Code   100  sx1278.o(i.Test)
    USART1_IRQHandler                        0x08002da1   Thumb Code   132  serial.o(i.USART1_IRQHandler)
    USART2_IRQHandler                        0x08002e31   Thumb Code   102  wifi.o(i.USART2_IRQHandler)
    USART_ClearITPendingBit                  0x08002ea9   Thumb Code    12  stm32f10x_usart.o(i.USART_ClearITPendingBit)
    USART_Cmd                                0x08002eb5   Thumb Code    20  stm32f10x_usart.o(i.USART_Cmd)
    USART_DMACmd                             0x08002ec9   Thumb Code    16  stm32f10x_usart.o(i.USART_DMACmd)
    USART_GetFlagStatus                      0x08002ed9   Thumb Code    14  stm32f10x_usart.o(i.USART_GetFlagStatus)
    USART_GetITStatus                        0x08002ee7   Thumb Code    62  stm32f10x_usart.o(i.USART_GetITStatus)
    USART_ITConfig                           0x08002f25   Thumb Code    48  stm32f10x_usart.o(i.USART_ITConfig)
    USART_Init                               0x08002f55   Thumb Code   166  stm32f10x_usart.o(i.USART_Init)
    USART_ReceiveData                        0x08003001   Thumb Code     8  stm32f10x_usart.o(i.USART_ReceiveData)
    USART_SendData                           0x08003009   Thumb Code     8  stm32f10x_usart.o(i.USART_SendData)
    UsageFault_Handler                       0x08003011   Thumb Code     2  stm32f10x_it.o(i.UsageFault_Handler)
    WIFI_SendByte                            0x08003015   Thumb Code    26  wifi.o(i.WIFI_SendByte)
    WIFI_SendString                          0x08003035   Thumb Code    24  wifi.o(i.WIFI_SendString)
    Welcome_menu                             0x0800304d   Thumb Code    46  menu.o(i.Welcome_menu)
    Wifi_USART_Init                          0x080030cd   Thumb Code   182  wifi.o(i.Wifi_USART_Init)
    __ARM_fpclassify                         0x0800318d   Thumb Code    40  fpclassify.o(i.__ARM_fpclassify)
    check_AP_Connection                      0x080031b5   Thumb Code    70  wifi.o(i.check_AP_Connection)
    main                                     0x0800320d   Thumb Code   152  main.o(i.main)
    _get_lc_numeric                          0x080032c5   Thumb Code    44  lc_numeric_c.o(locale$$code)
    __fpl_dretinf                            0x080032f1   Thumb Code    12  dretinf.o(x$fpl$dretinf)
    __aeabi_f2d                              0x080032fd   Thumb Code     0  f2d.o(x$fpl$f2d)
    _f2d                                     0x080032fd   Thumb Code    86  f2d.o(x$fpl$f2d)
    __fpl_fnaninf                            0x08003353   Thumb Code   140  fnaninf.o(x$fpl$fnaninf)
    _printf_fp_dec                           0x080033df   Thumb Code     4  printf1.o(x$fpl$printf1)
    OLED_F8x16                               0x080033e2   Data        1520  oled.o(.constdata)
    __I$use$fp                               0x080033e2   Number         0  usenofp.o(x$fpl$usenofp)
    Region$$Table$$Base                      0x08003cd4   Number         0  anon$$obj.o(Region$$Table)
    Region$$Table$$Limit                     0x08003cf4   Number         0  anon$$obj.o(Region$$Table)
    RxData                                   0x20000014   Data           1  serial.o(.data)
    RxFlag                                   0x20000015   Data           1  serial.o(.data)
    CO2_index                                0x20000018   Data           4  serial.o(.data)
    state                                    0x2000001c   Data           4  serial.o(.data)
    Buffer                                   0x20000020   Data         128  sx1278.o(.data)
    Recieved_String_Size                     0x200000a0   Data           1  wifi.o(.data)
    Cursor_position                          0x20000120   Data           1  menu.o(.data)
    Cursor_choice                            0x20000121   Data           1  menu.o(.data)
    Server_Status                            0x20000124   Data           4  menu.o(.data)
    Setting                                  0x20000128   Data           8  menu.o(.data)
    menu                                     0x20000130   Data          32  menu.o(.data)
    parameter                                0x20000150   Data          20  menu.o(.data)
    BW                                       0x20000164   Data          44  menu.o(.data)
    CR                                       0x20000190   Data          20  menu.o(.data)
    HEADER                                   0x200001a4   Data          12  menu.o(.data)
    POWER                                    0x200001b0   Data          68  menu.o(.data)
    CO2                                      0x200001f4   Data          12  serial.o(.bss)
    CO2_temp                                 0x20000200   Data          12  serial.o(.bss)
    WIFI_temp                                0x20000400   Data         500  wifi.o(.bss)
    __libspace_start                         0x200005f4   Data          96  libspace.o(.bss)
    __temporary_stack_top$libspace           0x20000654   Data           0  libspace.o(.bss)



==============================================================================

Memory Map of the image

  Image Entry point : 0x080000ed

  Load Region LR_IROM1 (Base: 0x08000000, Size: 0x00003f04, Max: 0x00010000, ABSOLUTE, COMPRESSED[0x00003e58])

    Execution Region ER_IROM1 (Exec base: 0x08000000, Load base: 0x08000000, Size: 0x00003d10, Max: 0x00010000, ABSOLUTE)

    Exec Addr    Load Addr    Size         Type   Attr      Idx    E Section Name        Object

    0x08000000   0x08000000   0x000000ec   Data   RO            3    RESET               startup_stm32f10x_md.o
    0x080000ec   0x080000ec   0x00000008   Code   RO         4261  * !!!main             c_w.l(__main.o)
    0x080000f4   0x080000f4   0x00000034   Code   RO         4533    !!!scatter          c_w.l(__scatter.o)
    0x08000128   0x08000128   0x0000005a   Code   RO         4531    !!dczerorl2         c_w.l(__dczerorl2.o)
    0x08000182   0x08000182   0x00000002   PAD
    0x08000184   0x08000184   0x0000001c   Code   RO         4535    !!handler_zi        c_w.l(__scatter_zi.o)
    0x080001a0   0x080001a0   0x00000000   Code   RO         4254    .ARM.Collect$$_printf_percent$$00000000  c_w.l(_printf_percent.o)
    0x080001a0   0x080001a0   0x00000006   Code   RO         4253    .ARM.Collect$$_printf_percent$$00000003  c_w.l(_printf_f.o)
    0x080001a6   0x080001a6   0x00000006   Code   RO         4252    .ARM.Collect$$_printf_percent$$00000009  c_w.l(_printf_d.o)
    0x080001ac   0x080001ac   0x00000006   Code   RO         4251    .ARM.Collect$$_printf_percent$$00000014  c_w.l(_printf_s.o)
    0x080001b2   0x080001b2   0x00000004   Code   RO         4307    .ARM.Collect$$_printf_percent$$00000017  c_w.l(_printf_percent_end.o)
    0x080001b6   0x080001b6   0x00000002   Code   RO         4470    .ARM.Collect$$libinit$$00000000  c_w.l(libinit.o)
    0x080001b8   0x080001b8   0x00000000   Code   RO         4313    .ARM.Collect$$libinit$$00000002  c_w.l(libinit2.o)
    0x080001b8   0x080001b8   0x00000000   Code   RO         4315    .ARM.Collect$$libinit$$00000004  c_w.l(libinit2.o)
    0x080001b8   0x080001b8   0x00000008   Code   RO         4316    .ARM.Collect$$libinit$$00000005  c_w.l(libinit2.o)
    0x080001c0   0x080001c0   0x00000000   Code   RO         4318    .ARM.Collect$$libinit$$0000000A  c_w.l(libinit2.o)
    0x080001c0   0x080001c0   0x00000000   Code   RO         4320    .ARM.Collect$$libinit$$0000000C  c_w.l(libinit2.o)
    0x080001c0   0x080001c0   0x00000000   Code   RO         4322    .ARM.Collect$$libinit$$0000000E  c_w.l(libinit2.o)
    0x080001c0   0x080001c0   0x00000006   Code   RO         4323    .ARM.Collect$$libinit$$0000000F  c_w.l(libinit2.o)
    0x080001c6   0x080001c6   0x00000000   Code   RO         4325    .ARM.Collect$$libinit$$00000011  c_w.l(libinit2.o)
    0x080001c6   0x080001c6   0x00000000   Code   RO         4327    .ARM.Collect$$libinit$$00000013  c_w.l(libinit2.o)
    0x080001c6   0x080001c6   0x00000000   Code   RO         4329    .ARM.Collect$$libinit$$00000015  c_w.l(libinit2.o)
    0x080001c6   0x080001c6   0x0000000a   Code   RO         4330    .ARM.Collect$$libinit$$00000016  c_w.l(libinit2.o)
    0x080001d0   0x080001d0   0x00000000   Code   RO         4331    .ARM.Collect$$libinit$$00000017  c_w.l(libinit2.o)
    0x080001d0   0x080001d0   0x00000000   Code   RO         4333    .ARM.Collect$$libinit$$00000019  c_w.l(libinit2.o)
    0x080001d0   0x080001d0   0x00000000   Code   RO         4335    .ARM.Collect$$libinit$$0000001B  c_w.l(libinit2.o)
    0x080001d0   0x080001d0   0x00000000   Code   RO         4337    .ARM.Collect$$libinit$$0000001D  c_w.l(libinit2.o)
    0x080001d0   0x080001d0   0x00000000   Code   RO         4339    .ARM.Collect$$libinit$$0000001F  c_w.l(libinit2.o)
    0x080001d0   0x080001d0   0x00000000   Code   RO         4341    .ARM.Collect$$libinit$$00000021  c_w.l(libinit2.o)
    0x080001d0   0x080001d0   0x00000000   Code   RO         4343    .ARM.Collect$$libinit$$00000023  c_w.l(libinit2.o)
    0x080001d0   0x080001d0   0x00000000   Code   RO         4345    .ARM.Collect$$libinit$$00000025  c_w.l(libinit2.o)
    0x080001d0   0x080001d0   0x00000000   Code   RO         4349    .ARM.Collect$$libinit$$0000002C  c_w.l(libinit2.o)
    0x080001d0   0x080001d0   0x00000000   Code   RO         4351    .ARM.Collect$$libinit$$0000002E  c_w.l(libinit2.o)
    0x080001d0   0x080001d0   0x00000000   Code   RO         4353    .ARM.Collect$$libinit$$00000030  c_w.l(libinit2.o)
    0x080001d0   0x080001d0   0x00000000   Code   RO         4355    .ARM.Collect$$libinit$$00000032  c_w.l(libinit2.o)
    0x080001d0   0x080001d0   0x00000002   Code   RO         4356    .ARM.Collect$$libinit$$00000033  c_w.l(libinit2.o)
    0x080001d2   0x080001d2   0x00000002   Code   RO         4528    .ARM.Collect$$libshutdown$$00000000  c_w.l(libshutdown.o)
    0x080001d4   0x080001d4   0x00000000   Code   RO         4484    .ARM.Collect$$libshutdown$$00000002  c_w.l(libshutdown2.o)
    0x080001d4   0x080001d4   0x00000000   Code   RO         4486    .ARM.Collect$$libshutdown$$00000004  c_w.l(libshutdown2.o)
    0x080001d4   0x080001d4   0x00000000   Code   RO         4489    .ARM.Collect$$libshutdown$$00000007  c_w.l(libshutdown2.o)
    0x080001d4   0x080001d4   0x00000000   Code   RO         4492    .ARM.Collect$$libshutdown$$0000000A  c_w.l(libshutdown2.o)
    0x080001d4   0x080001d4   0x00000000   Code   RO         4494    .ARM.Collect$$libshutdown$$0000000C  c_w.l(libshutdown2.o)
    0x080001d4   0x080001d4   0x00000000   Code   RO         4497    .ARM.Collect$$libshutdown$$0000000F  c_w.l(libshutdown2.o)
    0x080001d4   0x080001d4   0x00000002   Code   RO         4498    .ARM.Collect$$libshutdown$$00000010  c_w.l(libshutdown2.o)
    0x080001d6   0x080001d6   0x00000000   Code   RO         4269    .ARM.Collect$$rtentry$$00000000  c_w.l(__rtentry.o)
    0x080001d6   0x080001d6   0x00000000   Code   RO         4368    .ARM.Collect$$rtentry$$00000002  c_w.l(__rtentry2.o)
    0x080001d6   0x080001d6   0x00000006   Code   RO         4380    .ARM.Collect$$rtentry$$00000004  c_w.l(__rtentry4.o)
    0x080001dc   0x080001dc   0x00000000   Code   RO         4370    .ARM.Collect$$rtentry$$00000009  c_w.l(__rtentry2.o)
    0x080001dc   0x080001dc   0x00000004   Code   RO         4371    .ARM.Collect$$rtentry$$0000000A  c_w.l(__rtentry2.o)
    0x080001e0   0x080001e0   0x00000000   Code   RO         4373    .ARM.Collect$$rtentry$$0000000C  c_w.l(__rtentry2.o)
    0x080001e0   0x080001e0   0x00000008   Code   RO         4374    .ARM.Collect$$rtentry$$0000000D  c_w.l(__rtentry2.o)
    0x080001e8   0x080001e8   0x00000002   Code   RO         4473    .ARM.Collect$$rtexit$$00000000  c_w.l(rtexit.o)
    0x080001ea   0x080001ea   0x00000000   Code   RO         4502    .ARM.Collect$$rtexit$$00000002  c_w.l(rtexit2.o)
    0x080001ea   0x080001ea   0x00000004   Code   RO         4503    .ARM.Collect$$rtexit$$00000003  c_w.l(rtexit2.o)
    0x080001ee   0x080001ee   0x00000006   Code   RO         4504    .ARM.Collect$$rtexit$$00000004  c_w.l(rtexit2.o)
    0x080001f4   0x080001f4   0x00000000   Code   RO         4389    .emb_text           c_w.l(maybetermalloc1.o)
    0x080001f4   0x080001f4   0x00000040   Code   RO            4    .text               startup_stm32f10x_md.o
    0x08000234   0x08000234   0x0000005e   Code   RO         4163    .text               c_w.l(h1_alloc.o)
    0x08000292   0x08000292   0x0000004e   Code   RO         4165    .text               c_w.l(h1_free.o)
    0x080002e0   0x080002e0   0x00000038   Code   RO         4221    .text               c_w.l(__2snprintf.o)
    0x08000318   0x08000318   0x00000068   Code   RO         4225    .text               c_w.l(__printf.o)
    0x08000380   0x08000380   0x00000052   Code   RO         4227    .text               c_w.l(_printf_str.o)
    0x080003d2   0x080003d2   0x00000002   PAD
    0x080003d4   0x080003d4   0x00000078   Code   RO         4229    .text               c_w.l(_printf_dec.o)
    0x0800044c   0x0800044c   0x00000024   Code   RO         4255    .text               c_w.l(strstr.o)
    0x08000470   0x08000470   0x00000048   Code   RO         4257    .text               c_w.l(strcpy.o)
    0x080004b8   0x080004b8   0x00000006   Code   RO         4259    .text               c_w.l(heapauxi.o)
    0x080004be   0x080004be   0x00000002   PAD
    0x080004c0   0x080004c0   0x00000008   Code   RO         4273    .text               c_w.l(rt_heap_descriptor_intlibspace.o)
    0x080004c8   0x080004c8   0x00000004   Code   RO         4275    .text               c_w.l(hguard.o)
    0x080004cc   0x080004cc   0x0000008a   Code   RO         4277    .text               c_w.l(init_alloc.o)
    0x08000556   0x08000556   0x0000000e   Code   RO         4281    .text               c_w.l(h1_init.o)
    0x08000564   0x08000564   0x000000b2   Code   RO         4295    .text               c_w.l(_printf_intcommon.o)
    0x08000616   0x08000616   0x0000041e   Code   RO         4297    .text               c_w.l(_printf_fp_dec.o)
    0x08000a34   0x08000a34   0x00000030   Code   RO         4299    .text               c_w.l(_printf_char_common.o)
    0x08000a64   0x08000a64   0x0000000a   Code   RO         4301    .text               c_w.l(_sputc.o)
    0x08000a6e   0x08000a6e   0x00000010   Code   RO         4303    .text               c_w.l(_snputc.o)
    0x08000a7e   0x08000a7e   0x0000002c   Code   RO         4305    .text               c_w.l(_printf_char.o)
    0x08000aaa   0x08000aaa   0x00000002   PAD
    0x08000aac   0x08000aac   0x00000008   Code   RO         4364    .text               c_w.l(libspace.o)
    0x08000ab4   0x08000ab4   0x00000008   Code   RO         4385    .text               c_w.l(rt_locale_intlibspace.o)
    0x08000abc   0x08000abc   0x00000034   Code   RO         4391    .text               c_w.l(h1_extend.o)
    0x08000af0   0x08000af0   0x0000008a   Code   RO         4395    .text               c_w.l(lludiv10.o)
    0x08000b7a   0x08000b7a   0x00000002   PAD
    0x08000b7c   0x08000b7c   0x00000080   Code   RO         4397    .text               c_w.l(_printf_fp_infnan.o)
    0x08000bfc   0x08000bfc   0x000000e4   Code   RO         4401    .text               c_w.l(bigflt0.o)
    0x08000ce0   0x08000ce0   0x0000000e   Code   RO         4429    .text               c_w.l(defsig_rtmem_outer.o)
    0x08000cee   0x08000cee   0x00000002   Code   RO         4444    .text               c_w.l(use_no_semi.o)
    0x08000cf0   0x08000cf0   0x00000000   Code   RO         4446    .text               c_w.l(indicate_semi.o)
    0x08000cf0   0x08000cf0   0x0000004a   Code   RO         4447    .text               c_w.l(sys_stackheap_outer.o)
    0x08000d3a   0x08000d3a   0x00000012   Code   RO         4453    .text               c_w.l(exit.o)
    0x08000d4c   0x08000d4c   0x0000000a   Code   RO         4455    .text               c_w.l(defsig_exit.o)
    0x08000d56   0x08000d56   0x00000002   PAD
    0x08000d58   0x08000d58   0x00000050   Code   RO         4457    .text               c_w.l(defsig_rtmem_inner.o)
    0x08000da8   0x08000da8   0x00000080   Code   RO         4459    .text               c_w.l(strcmpv7m.o)
    0x08000e28   0x08000e28   0x0000000c   Code   RO         4471    .text               c_w.l(sys_exit.o)
    0x08000e34   0x08000e34   0x00000032   Code   RO         4481    .text               c_w.l(defsig_general.o)
    0x08000e66   0x08000e66   0x0000000e   Code   RO         4499    .text               c_w.l(sys_wrch.o)
    0x08000e74   0x08000e74   0x0000003e   Code   RO         4404    CL$$btod_d2e        c_w.l(btod.o)
    0x08000eb2   0x08000eb2   0x00000046   Code   RO         4406    CL$$btod_d2e_denorm_low  c_w.l(btod.o)
    0x08000ef8   0x08000ef8   0x00000060   Code   RO         4405    CL$$btod_d2e_norm_op1  c_w.l(btod.o)
    0x08000f58   0x08000f58   0x00000338   Code   RO         4414    CL$$btod_div_common  c_w.l(btod.o)
    0x08001290   0x08001290   0x000000dc   Code   RO         4411    CL$$btod_e2e        c_w.l(btod.o)
    0x0800136c   0x0800136c   0x0000002a   Code   RO         4408    CL$$btod_ediv       c_w.l(btod.o)
    0x08001396   0x08001396   0x0000002a   Code   RO         4407    CL$$btod_emul       c_w.l(btod.o)
    0x080013c0   0x080013c0   0x00000244   Code   RO         4413    CL$$btod_mult_common  c_w.l(btod.o)
    0x08001604   0x08001604   0x00000014   Code   RO          197    i.ADC_Cmd           stm32f10x_adc.o
    0x08001618   0x08001618   0x0000000e   Code   RO          205    i.ADC_GetCalibrationStatus  stm32f10x_adc.o
    0x08001626   0x08001626   0x0000000e   Code   RO          211    i.ADC_GetResetCalibrationStatus  stm32f10x_adc.o
    0x08001634   0x08001634   0x00000048   Code   RO          215    i.ADC_Init          stm32f10x_adc.o
    0x0800167c   0x0800167c   0x0000000a   Code   RO          220    i.ADC_ResetCalibration  stm32f10x_adc.o
    0x08001686   0x08001686   0x0000000a   Code   RO          224    i.ADC_StartCalibration  stm32f10x_adc.o
    0x08001690   0x08001690   0x00000034   Code   RO         3926    i.BW_Menu           menu.o
    0x080016c4   0x080016c4   0x00000002   Code   RO         4094    i.BusFault_Handler  stm32f10x_it.o
    0x080016c6   0x080016c6   0x00000002   PAD
    0x080016c8   0x080016c8   0x0000002c   Code   RO         3927    i.CR_Menu           menu.o
    0x080016f4   0x080016f4   0x00000094   Code   RO         3816    i.Connect_Server    wifi.o
    0x08001788   0x08001788   0x0000005c   Code   RO         3630    i.DHT11_Check       dh11.o
    0x080017e4   0x080017e4   0x0000003c   Code   RO         3631    i.DHT11_Init        dh11.o
    0x08001820   0x08001820   0x00000028   Code   RO         3632    i.DHT11_Mode        dh11.o
    0x08001848   0x08001848   0x00000030   Code   RO         3636    i.DHT11_Rst         dh11.o
    0x08001878   0x08001878   0x00000016   Code   RO          906    i.DMA_Cmd           stm32f10x_dma.o
    0x0800188e   0x0800188e   0x00000002   PAD
    0x08001890   0x08001890   0x000000e4   Code   RO          907    i.DMA_DeInit        stm32f10x_dma.o
    0x08001974   0x08001974   0x00000006   Code   RO          908    i.DMA_GetCurrDataCounter  stm32f10x_dma.o
    0x0800197a   0x0800197a   0x0000003a   Code   RO          912    i.DMA_Init          stm32f10x_dma.o
    0x080019b4   0x080019b4   0x00000004   Code   RO          913    i.DMA_SetCurrDataCounter  stm32f10x_dma.o
    0x080019b8   0x080019b8   0x00000002   Code   RO         4095    i.DebugMon_Handler  stm32f10x_it.o
    0x080019ba   0x080019ba   0x00000016   Code   RO         4007    i.Delay_ms          delay.o
    0x080019d0   0x080019d0   0x00000016   Code   RO         4008    i.Delay_s           delay.o
    0x080019e6   0x080019e6   0x00000020   Code   RO         4009    i.Delay_us          delay.o
    0x08001a06   0x08001a06   0x00000002   PAD
    0x08001a08   0x08001a08   0x000000a2   Code   RO         1340    i.GPIO_Init         stm32f10x_gpio.o
    0x08001aaa   0x08001aaa   0x0000000e   Code   RO         1344    i.GPIO_ReadInputDataBit  stm32f10x_gpio.o
    0x08001ab8   0x08001ab8   0x00000004   Code   RO         1347    i.GPIO_ResetBits    stm32f10x_gpio.o
    0x08001abc   0x08001abc   0x00000004   Code   RO         1348    i.GPIO_SetBits      stm32f10x_gpio.o
    0x08001ac0   0x08001ac0   0x0000000a   Code   RO         1351    i.GPIO_WriteBit     stm32f10x_gpio.o
    0x08001aca   0x08001aca   0x00000002   PAD
    0x08001acc   0x08001acc   0x0000028c   Code   RO         3525    i.Get_Basic_Setting  sx1278.o
    0x08001d58   0x08001d58   0x00000040   Code   RO         3928    i.HEADER_Menu       menu.o
    0x08001d98   0x08001d98   0x00000002   Code   RO         4096    i.HardFault_Handler  stm32f10x_it.o
    0x08001d9a   0x08001d9a   0x00000002   PAD
    0x08001d9c   0x08001d9c   0x00000024   Code   RO         3929    i.INFORMATION_Menu  menu.o
    0x08001dc0   0x08001dc0   0x0000004c   Code   RO         3817    i.Join_AP           wifi.o
    0x08001e0c   0x08001e0c   0x0000005c   Code   RO         3609    i.Key_GetNum        key.o
    0x08001e68   0x08001e68   0x0000002c   Code   RO         3610    i.Key_Init          key.o
    0x08001e94   0x08001e94   0x0000002c   Code   RO         3766    i.Light_Init        light.o
    0x08001ec0   0x08001ec0   0x00000068   Code   RO         3913    i.MYDMA_Init        my_dma.o
    0x08001f28   0x08001f28   0x000000b4   Code   RO         3463    i.MYUSART_Init      serial.o
    0x08001fdc   0x08001fdc   0x00000002   Code   RO         4097    i.MemManage_Handler  stm32f10x_it.o
    0x08001fde   0x08001fde   0x00000002   PAD
    0x08001fe0   0x08001fe0   0x00000054   Code   RO         3930    i.Menu              menu.o
    0x08002034   0x08002034   0x00000054   Code   RO         3407    i.MySPI_Init        my_spi.o
    0x08002088   0x08002088   0x00000010   Code   RO         3408    i.MySPI_R_MISO      my_spi.o
    0x08002098   0x08002098   0x00000006   Code   RO         3409    i.MySPI_Start       my_spi.o
    0x0800209e   0x0800209e   0x00000006   Code   RO         3410    i.MySPI_Stop        my_spi.o
    0x080020a4   0x080020a4   0x00000040   Code   RO         3411    i.MySPI_SwapByte    my_spi.o
    0x080020e4   0x080020e4   0x00000010   Code   RO         3412    i.MySPI_W_MOSI      my_spi.o
    0x080020f4   0x080020f4   0x00000010   Code   RO         3413    i.MySPI_W_SCK       my_spi.o
    0x08002104   0x08002104   0x00000010   Code   RO         3414    i.MySPI_W_SS        my_spi.o
    0x08002114   0x08002114   0x00000002   Code   RO         4098    i.NMI_Handler       stm32f10x_it.o
    0x08002116   0x08002116   0x00000002   PAD
    0x08002118   0x08002118   0x00000064   Code   RO          132    i.NVIC_Init         misc.o
    0x0800217c   0x0800217c   0x00000014   Code   RO          133    i.NVIC_PriorityGroupConfig  misc.o
    0x08002190   0x08002190   0x00000026   Code   RO         3304    i.OLED_Clear        oled.o
    0x080021b6   0x080021b6   0x00000002   PAD
    0x080021b8   0x080021b8   0x00000050   Code   RO         3305    i.OLED_I2C_Init     oled.o
    0x08002208   0x08002208   0x0000005c   Code   RO         3306    i.OLED_I2C_SendByte  oled.o
    0x08002264   0x08002264   0x00000038   Code   RO         3307    i.OLED_I2C_Start    oled.o
    0x0800229c   0x0800229c   0x00000030   Code   RO         3308    i.OLED_I2C_Stop     oled.o
    0x080022cc   0x080022cc   0x000000ac   Code   RO         3309    i.OLED_Init         oled.o
    0x08002378   0x08002378   0x0000000e   Code   RO         3310    i.OLED_Pow          oled.o
    0x08002386   0x08002386   0x00000022   Code   RO         3311    i.OLED_SetCursor    oled.o
    0x080023a8   0x080023a8   0x0000003a   Code   RO         3312    i.OLED_ShowBinNum   oled.o
    0x080023e2   0x080023e2   0x00000002   PAD
    0x080023e4   0x080023e4   0x00000068   Code   RO         3313    i.OLED_ShowChar     oled.o
    0x0800244c   0x0800244c   0x00000044   Code   RO         3314    i.OLED_ShowHexNum   oled.o
    0x08002490   0x08002490   0x00000042   Code   RO         3315    i.OLED_ShowNum      oled.o
    0x080024d2   0x080024d2   0x00000026   Code   RO         3317    i.OLED_ShowString   oled.o
    0x080024f8   0x080024f8   0x00000022   Code   RO         3318    i.OLED_WriteCommand  oled.o
    0x0800251a   0x0800251a   0x00000022   Code   RO         3319    i.OLED_WriteData    oled.o
    0x0800253c   0x0800253c   0x00000040   Code   RO         3931    i.Parameter_Menu    menu.o
    0x0800257c   0x0800257c   0x00000002   Code   RO         4099    i.PendSV_Handler    stm32f10x_it.o
    0x0800257e   0x0800257e   0x00000002   PAD
    0x08002580   0x08002580   0x0000002c   Code   RO         3932    i.Power_Menu        menu.o
    0x080025ac   0x080025ac   0x00000014   Code   RO         1766    i.RCC_ADCCLKConfig  stm32f10x_rcc.o
    0x080025c0   0x080025c0   0x00000018   Code   RO         1767    i.RCC_AHBPeriphClockCmd  stm32f10x_rcc.o
    0x080025d8   0x080025d8   0x00000018   Code   RO         1768    i.RCC_APB1PeriphClockCmd  stm32f10x_rcc.o
    0x080025f0   0x080025f0   0x00000018   Code   RO         1770    i.RCC_APB2PeriphClockCmd  stm32f10x_rcc.o
    0x08002608   0x08002608   0x00000090   Code   RO         1778    i.RCC_GetClocksFreq  stm32f10x_rcc.o
    0x08002698   0x08002698   0x000000c4   Code   RO         3526    i.Recieve_Data      sx1278.o
    0x0800275c   0x0800275c   0x00000002   Code   RO         4100    i.SVC_Handler       stm32f10x_it.o
    0x0800275e   0x0800275e   0x00000048   Code   RO         3527    i.SX1278_Basic_Setting  sx1278.o
    0x080027a6   0x080027a6   0x00000002   PAD
    0x080027a8   0x080027a8   0x0000004c   Code   RO         3528    i.SX1278_Init       sx1278.o
    0x080027f4   0x080027f4   0x00000020   Code   RO         3529    i.SX1278_ReadReg    sx1278.o
    0x08002814   0x08002814   0x0000001e   Code   RO         3530    i.SX1278_SwapByte   sx1278.o
    0x08002832   0x08002832   0x00000020   Code   RO         3531    i.SX1278_WriteReg   sx1278.o
    0x08002852   0x08002852   0x00000030   Code   RO         3532    i.Send_Data         sx1278.o
    0x08002882   0x08002882   0x00000002   PAD
    0x08002884   0x08002884   0x000000ec   Code   RO         3818    i.Send_Http         wifi.o
    0x08002970   0x08002970   0x000000e8   Code   RO         3533    i.Sending_test      sx1278.o
    0x08002a58   0x08002a58   0x000000a8   Code   RO           24    i.SetSysClockTo72   system_stm32f10x.o
    0x08002b00   0x08002b00   0x00000044   Code   RO         3933    i.Set_Cursor        menu.o
    0x08002b44   0x08002b44   0x00000020   Code   RO         3934    i.Setting_Menu      menu.o
    0x08002b64   0x08002b64   0x00000094   Code   RO         3935    i.Show_Menu         menu.o
    0x08002bf8   0x08002bf8   0x00000038   Code   RO         3936    i.Show_Wifi_Status  menu.o
    0x08002c30   0x08002c30   0x0000008c   Code   RO         3787    i.Soil_Humidity_Init  soil_humidity.o
    0x08002cbc   0x08002cbc   0x00000026   Code   RO         3820    i.String_Copy       wifi.o
    0x08002ce2   0x08002ce2   0x00000002   Code   RO         4101    i.SysTick_Handler   stm32f10x_it.o
    0x08002ce4   0x08002ce4   0x00000050   Code   RO           26    i.SystemInit        system_stm32f10x.o
    0x08002d34   0x08002d34   0x0000006c   Code   RO         3534    i.Test              sx1278.o
    0x08002da0   0x08002da0   0x00000090   Code   RO         3465    i.USART1_IRQHandler  serial.o
    0x08002e30   0x08002e30   0x00000078   Code   RO         3821    i.USART2_IRQHandler  wifi.o
    0x08002ea8   0x08002ea8   0x0000000c   Code   RO         2934    i.USART_ClearITPendingBit  stm32f10x_usart.o
    0x08002eb4   0x08002eb4   0x00000014   Code   RO         2937    i.USART_Cmd         stm32f10x_usart.o
    0x08002ec8   0x08002ec8   0x00000010   Code   RO         2938    i.USART_DMACmd      stm32f10x_usart.o
    0x08002ed8   0x08002ed8   0x0000000e   Code   RO         2940    i.USART_GetFlagStatus  stm32f10x_usart.o
    0x08002ee6   0x08002ee6   0x0000003e   Code   RO         2941    i.USART_GetITStatus  stm32f10x_usart.o
    0x08002f24   0x08002f24   0x00000030   Code   RO         2943    i.USART_ITConfig    stm32f10x_usart.o
    0x08002f54   0x08002f54   0x000000ac   Code   RO         2944    i.USART_Init        stm32f10x_usart.o
    0x08003000   0x08003000   0x00000008   Code   RO         2951    i.USART_ReceiveData  stm32f10x_usart.o
    0x08003008   0x08003008   0x00000008   Code   RO         2954    i.USART_SendData    stm32f10x_usart.o
    0x08003010   0x08003010   0x00000002   Code   RO         4102    i.UsageFault_Handler  stm32f10x_it.o
    0x08003012   0x08003012   0x00000002   PAD
    0x08003014   0x08003014   0x00000020   Code   RO         3823    i.WIFI_SendByte     wifi.o
    0x08003034   0x08003034   0x00000018   Code   RO         3825    i.WIFI_SendString   wifi.o
    0x0800304c   0x0800304c   0x00000080   Code   RO         3937    i.Welcome_menu      menu.o
    0x080030cc   0x080030cc   0x000000c0   Code   RO         3827    i.Wifi_USART_Init   wifi.o
    0x0800318c   0x0800318c   0x00000028   Code   RO         4442    i.__ARM_fpclassify  m_ws.l(fpclassify.o)
    0x080031b4   0x080031b4   0x00000058   Code   RO         3828    i.check_AP_Connection  wifi.o
    0x0800320c   0x0800320c   0x000000b8   Code   RO         4035    i.main              main.o
    0x080032c4   0x080032c4   0x0000002c   Code   RO         4427    locale$$code        c_w.l(lc_numeric_c.o)
    0x080032f0   0x080032f0   0x0000000c   Code   RO         4357    x$fpl$dretinf       fz_ws.l(dretinf.o)
    0x080032fc   0x080032fc   0x00000056   Code   RO         4263    x$fpl$f2d           fz_ws.l(f2d.o)
    0x08003352   0x08003352   0x0000008c   Code   RO         4359    x$fpl$fnaninf       fz_ws.l(fnaninf.o)
    0x080033de   0x080033de   0x00000004   Code   RO         4265    x$fpl$printf1       fz_ws.l(printf1.o)
    0x080033e2   0x080033e2   0x00000000   Code   RO         4361    x$fpl$usenofp       fz_ws.l(usenofp.o)
    0x080033e2   0x080033e2   0x000005f0   Data   RO         3320    .constdata          oled.o
    0x080039d2   0x080039d2   0x00000002   PAD
    0x080039d4   0x080039d4   0x00000094   Data   RO         4402    .constdata          c_w.l(bigflt0.o)
    0x08003a68   0x08003a68   0x000000f5   Data   RO         3830    .conststring        wifi.o
    0x08003b5d   0x08003b5d   0x00000003   PAD
    0x08003b60   0x08003b60   0x00000171   Data   RO         3938    .conststring        menu.o
    0x08003cd1   0x08003cd1   0x00000003   PAD
    0x08003cd4   0x08003cd4   0x00000020   Data   RO         4529    Region$$Table       anon$$obj.o
    0x08003cf4   0x08003cf4   0x0000001c   Data   RO         4426    locale$$data        c_w.l(lc_numeric_c.o)


    Execution Region RW_IRAM1 (Exec base: 0x20000000, Load base: 0x08003d10, Size: 0x00000c58, Max: 0x00005000, ABSOLUTE, COMPRESSED[0x00000148])

    Exec Addr    Load Addr    Size         Type   Attr      Idx    E Section Name        Object

    0x20000000   COMPRESSED   0x00000014   Data   RW         1798    .data               stm32f10x_rcc.o
    0x20000014   COMPRESSED   0x0000000c   Data   RW         3472    .data               serial.o
    0x20000020   COMPRESSED   0x00000080   Data   RW         3536    .data               sx1278.o
    0x200000a0   COMPRESSED   0x00000080   Data   RW         3831    .data               wifi.o
    0x20000120   COMPRESSED   0x000000d4   Data   RW         3939    .data               menu.o
    0x200001f4        -       0x00000018   Zero   RW         3470    .bss                serial.o
    0x2000020c        -       0x000003e8   Zero   RW         3829    .bss                wifi.o
    0x200005f4        -       0x00000060   Zero   RW         4365    .bss                c_w.l(libspace.o)
    0x20000654   COMPRESSED   0x00000004   PAD
    0x20000658        -       0x00000200   Zero   RW            2    HEAP                startup_stm32f10x_md.o
    0x20000858        -       0x00000400   Zero   RW            1    STACK               startup_stm32f10x_md.o


==============================================================================

Image component sizes


      Code (inc. data)   RO Data    RW Data    ZI Data      Debug   Object Name

         0          0          0          0          0       4492   core_cm3.o
        76          0          0          0          0       1766   delay.o
       240         20          0          0          0     212466   dh11.o
       136          8          0          0          0       1076   key.o
         0          0          0          0          0     236684   led.o
        44          4          0          0          0        501   light.o
       184         32          0          0          0       1989   main.o
       820        164        369        212          0       7628   menu.o
       120         16          0          0          0     204747   misc.o
       104         14          0          0          0        545   my_dma.o
       224         22          0          0          0       4228   my_spi.o
       936         26       1520          0          0       9759   oled.o
       324         20          0         12         24       2381   serial.o
       140         10          0          0          0        653   soil_humidity.o
        64         26        236          0       1536        824   startup_stm32f10x_md.o
       140         10          0          0          0      14270   stm32f10x_adc.o
       318         10          0          0          0      14332   stm32f10x_dma.o
       194          0          0          0          0      12320   stm32f10x_gpio.o
        18          0          0          0          0       3786   stm32f10x_it.o
       236         40          0         20          0      14129   stm32f10x_rcc.o
       360          6          0          0          0      13146   stm32f10x_usart.o
      1478        392          0        128          0       7082   sx1278.o
       248         24          0          0          0      18581   system_stm32f10x.o
       954        142        245        128       1000       7318   wifi.o

    ----------------------------------------------------------------------
      7384        986       2410        500       2560     794703   Object Totals
         0          0         32          0          0          0   (incl. Generated)
        26          0          8          0          0          0   (incl. Padding)

    ----------------------------------------------------------------------

      Code (inc. data)   RO Data    RW Data    ZI Data      Debug   Library Member Name

        56          6          0          0          0         88   __2snprintf.o
        90          0          0          0          0          0   __dczerorl2.o
         8          0          0          0          0         68   __main.o
       104          0          0          0          0         84   __printf.o
         0          0          0          0          0          0   __rtentry.o
        12          0          0          0          0          0   __rtentry2.o
         6          0          0          0          0          0   __rtentry4.o
        52          8          0          0          0          0   __scatter.o
        28          0          0          0          0          0   __scatter_zi.o
        44          0          0          0          0        108   _printf_char.o
        48          6          0          0          0         96   _printf_char_common.o
         6          0          0          0          0          0   _printf_d.o
       120         16          0          0          0         92   _printf_dec.o
         6          0          0          0          0          0   _printf_f.o
      1054          0          0          0          0        216   _printf_fp_dec.o
       128         16          0          0          0         84   _printf_fp_infnan.o
       178          0          0          0          0         88   _printf_intcommon.o
         0          0          0          0          0          0   _printf_percent.o
         4          0          0          0          0          0   _printf_percent_end.o
         6          0          0          0          0          0   _printf_s.o
        82          0          0          0          0         80   _printf_str.o
        16          0          0          0          0         68   _snputc.o
        10          0          0          0          0         68   _sputc.o
       228          4        148          0          0         96   bigflt0.o
      1936        128          0          0          0        672   btod.o
        10          0          0          0          0         68   defsig_exit.o
        50          0          0          0          0         88   defsig_general.o
        80         58          0          0          0         76   defsig_rtmem_inner.o
        14          0          0          0          0         80   defsig_rtmem_outer.o
        18          0          0          0          0         80   exit.o
        94          0          0          0          0         80   h1_alloc.o
        52          0          0          0          0         68   h1_extend.o
        78          0          0          0          0         80   h1_free.o
        14          0          0          0          0         84   h1_init.o
         6          0          0          0          0        152   heapauxi.o
         4          0          0          0          0        136   hguard.o
         0          0          0          0          0          0   indicate_semi.o
       138          0          0          0          0        168   init_alloc.o
        44         10         28          0          0         76   lc_numeric_c.o
         2          0          0          0          0          0   libinit.o
        26          0          0          0          0          0   libinit2.o
         2          0          0          0          0          0   libshutdown.o
         2          0          0          0          0          0   libshutdown2.o
         8          4          0          0         96         68   libspace.o
       138          0          0          0          0         80   lludiv10.o
         0          0          0          0          0          0   maybetermalloc1.o
         8          4          0          0          0         68   rt_heap_descriptor_intlibspace.o
         8          4          0          0          0         68   rt_locale_intlibspace.o
         2          0          0          0          0          0   rtexit.o
        10          0          0          0          0          0   rtexit2.o
       128          0          0          0          0         68   strcmpv7m.o
        72          0          0          0          0         80   strcpy.o
        36          0          0          0          0         80   strstr.o
        12          4          0          0          0         68   sys_exit.o
        74          0          0          0          0         80   sys_stackheap_outer.o
        14          0          0          0          0         76   sys_wrch.o
         2          0          0          0          0         68   use_no_semi.o
        12          0          0          0          0         68   dretinf.o
        86          4          0          0          0         84   f2d.o
       140          4          0          0          0         84   fnaninf.o
         4          0          0          0          0         68   printf1.o
         0          0          0          0          0          0   usenofp.o
        40          0          0          0          0         68   fpclassify.o

    ----------------------------------------------------------------------
      5662        276        176          0        100       4320   Library Totals
        12          0          0          0          4          0   (incl. Padding)

    ----------------------------------------------------------------------

      Code (inc. data)   RO Data    RW Data    ZI Data      Debug   Library Name

      5368        268        176          0         96       3948   c_w.l
       242          8          0          0          0        304   fz_ws.l
        40          0          0          0          0         68   m_ws.l

    ----------------------------------------------------------------------
      5662        276        176          0        100       4320   Library Totals

    ----------------------------------------------------------------------

==============================================================================


      Code (inc. data)   RO Data    RW Data    ZI Data      Debug   

     13046       1262       2586        500       2660     790959   Grand Totals
     13046       1262       2586        328       2660     790959   ELF Image Totals (compressed)
     13046       1262       2586        328          0          0   ROM Totals

==============================================================================

    Total RO  Size (Code + RO Data)                15632 (  15.27kB)
    Total RW  Size (RW Data + ZI Data)              3160 (   3.09kB)
    Total ROM Size (Code + RO Data + RW Data)      15960 (  15.59kB)

==============================================================================

