Component: ARM Compiler 5.06 update 5 (build 528) Tool: armlink [4d35e2]

==============================================================================

Section Cross References

    startup_stm32f10x_md.o(STACK) refers (Special) to heapauxi.o(.text) for __use_two_region_memory
    startup_stm32f10x_md.o(HEAP) refers (Special) to heapauxi.o(.text) for __use_two_region_memory
    startup_stm32f10x_md.o(RESET) refers (Special) to heapauxi.o(.text) for __use_two_region_memory
    startup_stm32f10x_md.o(RESET) refers to startup_stm32f10x_md.o(STACK) for __initial_sp
    startup_stm32f10x_md.o(RESET) refers to startup_stm32f10x_md.o(.text) for Reset_Handler
    startup_stm32f10x_md.o(RESET) refers to stm32f10x_it.o(i.NMI_Handler) for NMI_Handler
    startup_stm32f10x_md.o(RESET) refers to stm32f10x_it.o(i.HardFault_Handler) for HardFault_Handler
    startup_stm32f10x_md.o(RESET) refers to stm32f10x_it.o(i.MemManage_Handler) for MemManage_Handler
    startup_stm32f10x_md.o(RESET) refers to stm32f10x_it.o(i.BusFault_Handler) for BusFault_Handler
    startup_stm32f10x_md.o(RESET) refers to stm32f10x_it.o(i.UsageFault_Handler) for UsageFault_Handler
    startup_stm32f10x_md.o(RESET) refers to stm32f10x_it.o(i.SVC_Handler) for SVC_Handler
    startup_stm32f10x_md.o(RESET) refers to stm32f10x_it.o(i.DebugMon_Handler) for DebugMon_Handler
    startup_stm32f10x_md.o(RESET) refers to stm32f10x_it.o(i.PendSV_Handler) for PendSV_Handler
    startup_stm32f10x_md.o(RESET) refers to stm32f10x_it.o(i.SysTick_Handler) for SysTick_Handler
    startup_stm32f10x_md.o(RESET) refers to power.o(i.EXTI9_5_IRQHandler) for EXTI9_5_IRQHandler
    startup_stm32f10x_md.o(RESET) refers to serial.o(i.USART1_IRQHandler) for USART1_IRQHandler
    startup_stm32f10x_md.o(RESET) refers to wifi.o(i.USART2_IRQHandler) for USART2_IRQHandler
    startup_stm32f10x_md.o(.text) refers (Special) to heapauxi.o(.text) for __use_two_region_memory
    startup_stm32f10x_md.o(.text) refers to system_stm32f10x.o(i.SystemInit) for SystemInit
    startup_stm32f10x_md.o(.text) refers to __main.o(!!!main) for __main
    startup_stm32f10x_md.o(.text) refers to startup_stm32f10x_md.o(HEAP) for Heap_Mem
    startup_stm32f10x_md.o(.text) refers to startup_stm32f10x_md.o(STACK) for Stack_Mem
    system_stm32f10x.o(i.SystemCoreClockUpdate) refers to system_stm32f10x.o(.data) for .data
    system_stm32f10x.o(i.SystemInit) refers to system_stm32f10x.o(i.SetSysClockTo72) for SetSysClockTo72
    stm32f10x_adc.o(i.ADC_DeInit) refers to stm32f10x_rcc.o(i.RCC_APB2PeriphResetCmd) for RCC_APB2PeriphResetCmd
    stm32f10x_bkp.o(i.BKP_DeInit) refers to stm32f10x_rcc.o(i.RCC_BackupResetCmd) for RCC_BackupResetCmd
    stm32f10x_can.o(i.CAN_DeInit) refers to stm32f10x_rcc.o(i.RCC_APB1PeriphResetCmd) for RCC_APB1PeriphResetCmd
    stm32f10x_can.o(i.CAN_GetITStatus) refers to stm32f10x_can.o(i.CheckITStatus) for CheckITStatus
    stm32f10x_cec.o(i.CEC_DeInit) refers to stm32f10x_rcc.o(i.RCC_APB1PeriphResetCmd) for RCC_APB1PeriphResetCmd
    stm32f10x_dac.o(i.DAC_DeInit) refers to stm32f10x_rcc.o(i.RCC_APB1PeriphResetCmd) for RCC_APB1PeriphResetCmd
    stm32f10x_flash.o(i.FLASH_EnableWriteProtection) refers to stm32f10x_flash.o(i.FLASH_WaitForLastOperation) for FLASH_WaitForLastOperation
    stm32f10x_flash.o(i.FLASH_EraseAllBank1Pages) refers to stm32f10x_flash.o(i.FLASH_WaitForLastBank1Operation) for FLASH_WaitForLastBank1Operation
    stm32f10x_flash.o(i.FLASH_EraseAllPages) refers to stm32f10x_flash.o(i.FLASH_WaitForLastOperation) for FLASH_WaitForLastOperation
    stm32f10x_flash.o(i.FLASH_EraseOptionBytes) refers to stm32f10x_flash.o(i.FLASH_GetReadOutProtectionStatus) for FLASH_GetReadOutProtectionStatus
    stm32f10x_flash.o(i.FLASH_EraseOptionBytes) refers to stm32f10x_flash.o(i.FLASH_WaitForLastOperation) for FLASH_WaitForLastOperation
    stm32f10x_flash.o(i.FLASH_ErasePage) refers to stm32f10x_flash.o(i.FLASH_WaitForLastOperation) for FLASH_WaitForLastOperation
    stm32f10x_flash.o(i.FLASH_ProgramHalfWord) refers to stm32f10x_flash.o(i.FLASH_WaitForLastOperation) for FLASH_WaitForLastOperation
    stm32f10x_flash.o(i.FLASH_ProgramOptionByteData) refers to stm32f10x_flash.o(i.FLASH_WaitForLastOperation) for FLASH_WaitForLastOperation
    stm32f10x_flash.o(i.FLASH_ProgramWord) refers to stm32f10x_flash.o(i.FLASH_WaitForLastOperation) for FLASH_WaitForLastOperation
    stm32f10x_flash.o(i.FLASH_ReadOutProtection) refers to stm32f10x_flash.o(i.FLASH_WaitForLastOperation) for FLASH_WaitForLastOperation
    stm32f10x_flash.o(i.FLASH_UserOptionByteConfig) refers to stm32f10x_flash.o(i.FLASH_WaitForLastOperation) for FLASH_WaitForLastOperation
    stm32f10x_flash.o(i.FLASH_WaitForLastBank1Operation) refers to stm32f10x_flash.o(i.FLASH_GetBank1Status) for FLASH_GetBank1Status
    stm32f10x_flash.o(i.FLASH_WaitForLastOperation) refers to stm32f10x_flash.o(i.FLASH_GetBank1Status) for FLASH_GetBank1Status
[...]
    __Vectors                                0x08000000   Data           4  startup_stm32f10x_md.o(RESET)
    __Vectors_End                            0x080000ec   Data           0  startup_stm32f10x_md.o(RESET)
    __main                                   0x080000ed   Thumb Code     8  __main.o(!!!main)
    __scatterload                            0x080000f5   Thumb Code     0  __scatter.o(!!!scatter)
    __scatterload_rt2                        0x080000f5   Thumb Code    44  __scatter.o(!!!scatter)
    __scatterload_rt2_thumb_only             0x080000f5   Thumb Code     0  __scatter.o(!!!scatter)
    __scatterload_null                       0x08000103   Thumb Code     0  __scatter.o(!!!scatter)
    __decompress                             0x08000129   Thumb Code    90  __dczerorl2.o(!!dczerorl2)
    __decompress1                            0x08000129   Thumb Code     0  __dczerorl2.o(!!dczerorl2)
    __scatterload_zeroinit                   0x08000185   Thumb Code    28  __scatter_zi.o(!!handler_zi)
    _printf_d                                0x080001a1   Thumb Code     0  _printf_d.o(.ARM.Collect$$_printf_percent$$00000009)
    _printf_percent                          0x080001a1   Thumb Code     0  _printf_percent.o(.ARM.Collect$$_printf_percent$$00000000)
    _printf_s                                0x080001a7   Thumb Code     0  _printf_s.o(.ARM.Collect$$_printf_percent$$00000014)
    _printf_percent_end                      0x080001ad   Thumb Code     0  _printf_percent_end.o(.ARM.Collect$$_printf_percent$$00000017)
    __rt_lib_init                            0x080001b1   Thumb Code     0  libinit.o(.ARM.Collect$$libinit$$00000000)
    __rt_lib_init_fp_1                       0x080001b3   Thumb Code     0  libinit2.o(.ARM.Collect$$libinit$$00000002)
    __rt_lib_init_heap_2                     0x080001b3   Thumb Code     0  libinit2.o(.ARM.Collect$$libinit$$00000005)
    __rt_lib_init_preinit_1                  0x080001b3   Thumb Code     0  libinit2.o(.ARM.Collect$$libinit$$00000004)
    __rt_lib_init_heap_1                     0x080001bb   Thumb Code     0  libinit2.o(.ARM.Collect$$libinit$$0000000A)
    __rt_lib_init_lc_common                  0x080001bb   Thumb Code     0  libinit2.o(.ARM.Collect$$libinit$$0000000F)
    __rt_lib_init_rand_1                     0x080001bb   Thumb Code     0  libinit2.o(.ARM.Collect$$libinit$$0000000E)
    __rt_lib_init_user_alloc_1               0x080001bb   Thumb Code     0  libinit2.o(.ARM.Collect$$libinit$$0000000C)
    __rt_lib_init_lc_collate_1               0x080001c1   Thumb Code     0  libinit2.o(.ARM.Collect$$libinit$$00000011)
    __rt_lib_init_lc_ctype_2                 0x080001c1   Thumb Code     0  libinit2.o(.ARM.Collect$$libinit$$00000012)
    __rt_lib_init_alloca_1                   0x080001cd   Thumb Code     0  libinit2.o(.ARM.Collect$$libinit$$0000002E)
    __rt_lib_init_argv_1                     0x080001cd   Thumb Code     0  libinit2.o(.ARM.Collect$$libinit$$0000002C)
    __rt_lib_init_atexit_1                   0x080001cd   Thumb Code     0  libinit2.o(.ARM.Collect$$libinit$$0000001B)
    __rt_lib_init_clock_1                    0x080001cd   Thumb Code     0  libinit2.o(.ARM.Collect$$libinit$$00000021)
    __rt_lib_init_cpp_1                      0x080001cd   Thumb Code     0  libinit2.o(.ARM.Collect$$libinit$$00000032)
    __rt_lib_init_exceptions_1               0x080001cd   Thumb Code     0  libinit2.o(.ARM.Collect$$libinit$$00000030)
    __rt_lib_init_fp_trap_1                  0x080001cd   Thumb Code     0  libinit2.o(.ARM.Collect$$libinit$$0000001F)
    __rt_lib_init_getenv_1                   0x080001cd   Thumb Code     0  libinit2.o(.ARM.Collect$$libinit$$00000023)
    __rt_lib_init_lc_ctype_1                 0x080001cd   Thumb Code     0  libinit2.o(.ARM.Collect$$libinit$$00000013)
    __rt_lib_init_lc_monetary_1              0x080001cd   Thumb Code     0  libinit2.o(.ARM.Collect$$libinit$$00000015)
    __rt_lib_init_lc_numeric_1               0x080001cd   Thumb Code     0  libinit2.o(.ARM.Collect$$libinit$$00000017)
    __rt_lib_init_lc_time_1                  0x080001cd   Thumb Code     0  libinit2.o(.ARM.Collect$$libinit$$00000019)
    __rt_lib_init_return                     0x080001cd   Thumb Code     0  libinit2.o(.ARM.Collect$$libinit$$00000033)
    __rt_lib_init_signal_1                   0x080001cd   Thumb Code     0  libinit2.o(.ARM.Collect$$libinit$$0000001D)
    __rt_lib_init_stdio_1                    0x080001cd   Thumb Code     0  libinit2.o(.ARM.Collect$$libinit$$00000025)
    __rt_lib_shutdown                        0x080001cf   Thumb Code     0  libshutdown.o(.ARM.Collect$$libshutdown$$00000000)
    __rt_lib_shutdown_cpp_1                  0x080001d1   Thumb Code     0  libshutdown2.o(.ARM.Collect$$libshutdown$$00000002)
    __rt_lib_shutdown_fp_trap_1              0x080001d1   Thumb Code     0  libshutdown2.o(.ARM.Collect$$libshutdown$$00000007)
    __rt_lib_shutdown_heap_1                 0x080001d1   Thumb Code     0  libshutdown2.o(.ARM.Collect$$libshutdown$$0000000F)
    __rt_lib_shutdown_return                 0x080001d1   Thumb Code     0  libshutdown2.o(.ARM.Collect$$libshutdown$$00000010)
    __rt_lib_shutdown_signal_1               0x080001d1   Thumb Code     0  libshutdown2.o(.ARM.Collect$$libshutdown$$0000000A)
    __rt_lib_shutdown_stdio_1                0x080001d1   Thumb Code     0  libshutdown2.o(.ARM.Collect$$libshutdown$$00000004)
    __rt_lib_shutdown_user_alloc_1           0x080001d1   Thumb Code     0  libshutdown2.o(.ARM.Collect$$libshutdown$$0000000C)
    __rt_entry                               0x080001d3   Thumb Code     0  __rtentry.o(.ARM.Collect$$rtentry$$00000000)
    __rt_entry_presh_1                       0x080001d3   Thumb Code     0  __rtentry2.o(.ARM.Collect$$rtentry$$00000002)
    __rt_entry_sh                            0x080001d3   Thumb Code     0  __rtentry4.o(.ARM.Collect$$rtentry$$00000004)
    __rt_entry_li                            0x080001d9   Thumb Code     0  __rtentry2.o(.ARM.Collect$$rtentry$$0000000A)
    __rt_entry_postsh_1                      0x080001d9   Thumb Code     0  __rtentry2.o(.ARM.Collect$$rtentry$$00000009)
    __rt_entry_main                          0x080001dd   Thumb Code     0  __rtentry2.o(.ARM.Collect$$rtentry$$0000000D)
    __rt_entry_postli_1                      0x080001dd   Thumb Code     0  __rtentry2.o(.ARM.Collect$$rtentry$$0000000C)
    __rt_exit                                0x080001e5   Thumb Code     0  rtexit.o(.ARM.Collect$$rtexit$$00000000)
    __rt_exit_ls                             0x080001e7   Thumb Code     0  rtexit2.o(.ARM.Collect$$rtexit$$00000003)
    __rt_exit_prels_1                        0x080001e7   Thumb Code     0  rtexit2.o(.ARM.Collect$$rtexit$$00000002)
    __rt_exit_exit                           0x080001eb   Thumb Code     0  rtexit2.o(.ARM.Collect$$rtexit$$00000004)
    Reset_Handler                            0x080001f1   Thumb Code     8  startup_stm32f10x_md.o(.text)
    _maybe_terminate_alloc                   0x080001f1   Thumb Code     0  maybetermalloc1.o(.emb_text)
    ADC1_2_IRQHandler                        0x0800020b   Thumb Code     0  startup_stm32f10x_md.o(.text)
    CAN1_RX1_IRQHandler                      0x0800020b   Thumb Code     0  startup_stm32f10x_md.o(.text)
    CAN1_SCE_IRQHandler                      0x0800020b   Thumb Code     0  startup_stm32f10x_md.o(.text)
    DMA1_Channel1_IRQHandler                 0x0800020b   Thumb Code     0  startup_stm32f10x_md.o(.text)
    DMA1_Channel2_IRQHandler                 0x0800020b   Thumb Code     0  startup_stm32f10x_md.o(.text)
    DMA1_Channel3_IRQHandler                 0x0800020b   Thumb Code     0  startup_stm32f10x_md.o(.text)
    DMA1_Channel4_IRQHandler                 0x0800020b   Thumb Code     0  startup_stm32f10x_md.o(.text)
    DMA1_Channel5_IRQHandler                 0x0800020b   Thumb Code     0  startup_stm32f10x_md.o(.text)
    DMA1_Channel6_IRQHandler                 0x0800020b   Thumb Code     0  startup_stm32f10x_md.o(.text)
    DMA1_Channel7_IRQHandler                 0x0800020b   Thumb Code     0  startup_stm32f10x_md.o(.text)
    EXTI0_IRQHandler                         0x0800020b   Thumb Code     0  startup_stm32f10x_md.o(.text)
    EXTI15_10_IRQHandler                     0x0800020b   Thumb Code     0  startup_stm32f10x_md.o(.text)
    EXTI1_IRQHandler                         0x0800020b   Thumb Code     0  startup_stm32f10x_md.o(.text)
    EXTI2_IRQHandler                         0x0800020b   Thumb Code     0  startup_stm32f10x_md.o(.text)
    EXTI3_IRQHandler                         0x0800020b   Thumb Code     0  startup_stm32f10x_md.o(.text)
    EXTI4_IRQHandler                         0x0800020b   Thumb Code     0  startup_stm32f10x_md.o(.text)
    FLASH_IRQHandler                         0x0800020b   Thumb Code     0  startup_stm32f10x_md.o(.text)
    I2C1_ER_IRQHandler                       0x0800020b   Thumb Code     0  startup_stm32f10x_md.o(.text)
    I2C1_EV_IRQHandler                       0x0800020b   Thumb Code     0  startup_stm32f10x_md.o(.text)
    I2C2_ER_IRQHandler                       0x0800020b   Thumb Code     0  startup_stm32f10x_md.o(.text)
    I2C2_EV_IRQHandler                       0x0800020b   Thumb Code     0  startup_stm32f10x_md.o(.text)
    PVD_IRQHandler                           0x0800020b   Thumb Code     0  startup_stm32f10x_md.o(.text)
    RCC_IRQHandler                           0x0800020b   Thumb Code     0  startup_stm32f10x_md.o(.text)
    RTCAlarm_IRQHandler                      0x0800020b   Thumb Code     0  startup_stm32f10x_md.o(.text)
    RTC_IRQHandler                           0x0800020b   Thumb Code     0  startup_stm32f10x_md.o(.text)
    SPI1_IRQHandler                          0x0800020b   Thumb Code     0  startup_stm32f10x_md.o(.text)
    SPI2_IRQHandler                          0x0800020b   Thumb Code     0  startup_stm32f10x_md.o(.text)
    TAMPER_IRQHandler                        0x0800020b   Thumb Code     0  startup_stm32f10x_md.o(.text)
    TIM1_BRK_IRQHandler                      0x0800020b   Thumb Code     0  startup_stm32f10x_md.o(.text)
    TIM1_CC_IRQHandler                       0x0800020b   Thumb Code     0  startup_stm32f10x_md.o(.text)
    TIM1_TRG_COM_IRQHandler                  0x0800020b   Thumb Code     0  startup_stm32f10x_md.o(.text)
    TIM1_UP_IRQHandler                       0x0800020b   Thumb Code     0  startup_stm32f10x_md.o(.text)
    TIM2_IRQHandler                          0x0800020b   Thumb Code     0  startup_stm32f10x_md.o(.text)
    TIM3_IRQHandler                          0x0800020b   Thumb Code     0  startup_stm32f10x_md.o(.text)
    TIM4_IRQHandler                          0x0800020b   Thumb Code     0  startup_stm32f10x_md.o(.text)
    USART3_IRQHandler                        0x0800020b   Thumb Code     0  startup_stm32f10x_md.o(.text)
    USBWakeUp_IRQHandler                     0x0800020b   Thumb Code     0  startup_stm32f10x_md.o(.text)
    USB_HP_CAN1_TX_IRQHandler                0x0800020b   Thumb Code     0  startup_stm32f10x_md.o(.text)
    USB_LP_CAN1_RX0_IRQHandler               0x0800020b   Thumb Code     0  startup_stm32f10x_md.o(.text)
    WWDG_IRQHandler                          0x0800020b   Thumb Code     0  startup_stm32f10x_md.o(.text)
    __user_initial_stackheap                 0x0800020d   Thumb Code     0  startup_stm32f10x_md.o(.text)
    calloc                                   0x08000231   Thumb Code    40  calloc.o(.text)
    free                                     0x08000259   Thumb Code    78  h1_free.o(.text)
    __aeabi_uldivmod                         0x080002a7   Thumb Code     0  lludivv7m.o(.text)
    _ll_udiv                                 0x080002a7   Thumb Code   238  lludivv7m.o(.text)
    __2sprintf                               0x08000395   Thumb Code    38  __2sprintf.o(.text)
    __2snprintf                              0x080003c1   Thumb Code    50  __2snprintf.o(.text)
    _printf_pre_padding                      0x080003f9   Thumb Code    44  _printf_pad.o(.text)
    _printf_post_padding                     0x08000425   Thumb Code    34  _printf_pad.o(.text)
    _printf_str                              0x08000447   Thumb Code    82  _printf_str.o(.text)
    _printf_int_dec                          0x08000499   Thumb Code   104  _printf_dec.o(.text)
    __printf                                 0x08000511   Thumb Code   308  __printf_flags_wp.o(.text)
    __0sscanf                                0x08000649   Thumb Code    52  __0sscanf.o(.text)
    _scanf_longlong                          0x08000685   Thumb Code   342  _scanf_longlong.o(.text)
    strchr                                   0x080007db   Thumb Code    20  strchr.o(.text)
    strstr                                   0x080007ef   Thumb Code    36  strstr.o(.text)
    memcmp                                   0x08000813   Thumb Code    88  memcmp.o(.text)
    strcpy                                   0x0800086b   Thumb Code    72  strcpy.o(.text)
    strlen                                   0x080008b3   Thumb Code    62  strlen.o(.text)
    __aeabi_memcpy                           0x080008f1   Thumb Code     0  rt_memcpy_v6.o(.text)
    __rt_memcpy                              0x080008f1   Thumb Code   138  rt_memcpy_v6.o(.text)
    _memcpy_lastbytes                        0x08000957   Thumb Code     0  rt_memcpy_v6.o(.text)
    __aeabi_memcpy4                          0x0800097b   Thumb Code     0  rt_memcpy_w.o(.text)
    __aeabi_memcpy8                          0x0800097b   Thumb Code     0  rt_memcpy_w.o(.text)
    __rt_memcpy_w                            0x0800097b   Thumb Code   100  rt_memcpy_w.o(.text)
    _memcpy_lastbytes_aligned                0x080009c3   Thumb Code     0  rt_memcpy_w.o(.text)
    __aeabi_memset                           0x080009df   Thumb Code    16  aeabi_memset.o(.text)
    __aeabi_memclr                           0x080009ef   Thumb Code     0  rt_memclr.o(.text)
    __rt_memclr                              0x080009ef   Thumb Code    68  rt_memclr.o(.text)
    _memset                                  0x080009f3   Thumb Code     0  rt_memclr.o(.text)
    __aeabi_memclr4                          0x08000a33   Thumb Code     0  rt_memclr_w.o(.text)
    __aeabi_memclr8                          0x08000a33   Thumb Code     0  rt_memclr_w.o(.text)
    __rt_memclr_w                            0x08000a33   Thumb Code    78  rt_memclr_w.o(.text)
    _memset_w                                0x08000a37   Thumb Code     0  rt_memclr_w.o(.text)
    strncpy                                  0x08000a81   Thumb Code    86  strncpy.o(.text)
    localtime                                0x08000ad9   Thumb Code     6  localtime.o(.text)
    mktime                                   0x08000b23   Thumb Code   356  mktime.o(.text)
    __use_two_region_memory                  0x08000c91   Thumb Code     2  heapauxi.o(.text)
    __rt_heap_escrow                         0x08000c93   Thumb Code     2  heapauxi.o(.text)
    __rt_heap_expand                         0x08000c95   Thumb Code     2  heapauxi.o(.text)
    __rt_heap_descriptor                     0x08000c99   Thumb Code     8  rt_heap_descriptor_intlibspace.o(.text)
    __use_no_heap                            0x08000ca1   Thumb Code     2  hguard.o(.text)
    __heap$guard                             0x08000ca3   Thumb Code     2  hguard.o(.text)
    _terminate_user_alloc                    0x08000ca5   Thumb Code     2  init_alloc.o(.text)
    _init_user_alloc                         0x08000ca7   Thumb Code     2  init_alloc.o(.text)
    __Heap_Full                              0x08000ca9   Thumb Code    34  init_alloc.o(.text)
    __Heap_Broken                            0x08000ccb   Thumb Code     6  init_alloc.o(.text)
    _init_alloc                              0x08000cd1   Thumb Code    94  init_alloc.o(.text)
    malloc                                   0x08000d2f   Thumb Code    94  h1_alloc.o(.text)
    _printf_int_common                       0x08000d8d   Thumb Code   178  _printf_intcommon.o(.text)
    _printf_char_common                      0x08000e4b   Thumb Code    32  _printf_char_common.o(.text)
    _sputc                                   0x08000e71   Thumb Code    10  _sputc.o(.text)
    _snputc                                  0x08000e7b   Thumb Code    16  _snputc.o(.text)
    _printf_cs_common                        0x08000e8b   Thumb Code    20  _printf_char.o(.text)
    _printf_char                             0x08000e9f   Thumb Code    16  _printf_char.o(.text)
    _printf_string                           0x08000eaf   Thumb Code     8  _printf_char.o(.text)
    _chval                                   0x08000eb7   Thumb Code    28  _chval.o(.text)
    __vfscanf_char                           0x08000ee1   Thumb Code    24  scanf_char.o(.text)
    _sgetc                                   0x08000f01   Thumb Code    30  _sgetc.o(.text)
    _sbackspace                              0x08000f1f   Thumb Code    34  _sgetc.o(.text)
    _localtime_r                             0x08000f41   Thumb Code   178  localtime_internal.o(.text)
    _n$localtime_r                           0x08000f41   Thumb Code     0  localtime_internal.o(.text)
    __user_libspace                          0x08000ff9   Thumb Code     8  libspace.o(.text)
    __user_perproc_libspace                  0x08000ff9   Thumb Code     0  libspace.o(.text)
    __user_perthread_libspace                0x08000ff9   Thumb Code     0  libspace.o(.text)
    __Heap_Initialize                        0x08001001   Thumb Code    10  h1_init.o(.text)
    __Heap_DescSize                          0x0800100b   Thumb Code     4  h1_init.o(.text)
    __Heap_ProvideMemory                     0x0800100f   Thumb Code    52  h1_extend.o(.text)
    isspace                                  0x08001043   Thumb Code    18  isspace.o(.text)
    __vfscanf                                0x08001055   Thumb Code   878  _scanf.o(.text)
    __rt_SIGRTMEM                            0x080013c9   Thumb Code    14  defsig_rtmem_outer.o(.text)
    __user_setup_stackheap                   0x080013d7   Thumb Code    74  sys_stackheap_outer.o(.text)
    __rt_ctype_table                         0x08001421   Thumb Code    16  rt_ctype_table.o(.text)
    exit                                     0x08001431   Thumb Code    18  exit.o(.text)
    __sig_exit                               0x08001443   Thumb Code    10  defsig_exit.o(.text)
    __rt_SIGRTMEM_inner                      0x0800144d   Thumb Code    22  defsig_rtmem_inner.o(.text)
    _sys_exit                                0x0800149d   Thumb Code     8  sys_exit.o(.text)
    __I$use$semihosting                      0x080014a9   Thumb Code     0  use_no_semi.o(.text)
    __use_no_semihosting_swi                 0x080014a9   Thumb Code     2  use_no_semi.o(.text)
    __semihosting_library_function           0x080014ab   Thumb Code     0  indicate_semi.o(.text)
    __rt_locale                              0x080014ad   Thumb Code     8  rt_locale_intlibspace.o(.text)
    __default_signal_display                 0x080014b5   Thumb Code    50  defsig_general.o(.text)
    _ttywrch                                 0x080014e7   Thumb Code    14  sys_wrch.o(.text)
    strcmp                                   0x080014f5   Thumb Code   128  strcmpv7m.o(.text)
    ADC_Cmd                                  0x08001575   Thumb Code    20  stm32f10x_adc.o(i.ADC_Cmd)
    ADC_GetCalibrationStatus                 0x08001589   Thumb Code    14  stm32f10x_adc.o(i.ADC_GetCalibrationStatus)
    ADC_GetConversionValue                   0x08001597   Thumb Code     6  stm32f10x_adc.o(i.ADC_GetConversionValue)
    ADC_GetFlagStatus                        0x0800159d   Thumb Code    14  stm32f10x_adc.o(i.ADC_GetFlagStatus)
    ADC_GetResetCalibrationStatus            0x080015ab   Thumb Code    14  stm32f10x_adc.o(i.ADC_GetResetCalibrationStatus)
    ADC_Init                                 0x080015b9   Thumb Code    62  stm32f10x_adc.o(i.ADC_Init)
    ADC_RegularChannelConfig                 0x08001601   Thumb Code   116  stm32f10x_adc.o(i.ADC_RegularChannelConfig)
    ADC_ResetCalibration                     0x08001675   Thumb Code    10  stm32f10x_adc.o(i.ADC_ResetCalibration)
    ADC_SoftwareStartConvCmd                 0x0800167f   Thumb Code    20  stm32f10x_adc.o(i.ADC_SoftwareStartConvCmd)
    ADC_StartCalibration                     0x08001693   Thumb Code    10  stm32f10x_adc.o(i.ADC_StartCalibration)
    AD_GetValue                              0x0800169d   Thumb Code    46  soil_humidity.o(i.AD_GetValue)
    Act_As_Central_Device                    0x080016d1   Thumb Code   400  menu.o(i.Act_As_Central_Device)
    Act_As_Edge_Device                       0x080018a1   Thumb Code   466  menu.o(i.Act_As_Edge_Device)
    BKP_DeInit                               0x08001a9d   Thumb Code    18  stm32f10x_bkp.o(i.BKP_DeInit)
    BKP_ReadBackupRegister                   0x08001ab1   Thumb Code    12  stm32f10x_bkp.o(i.BKP_ReadBackupRegister)
    BKP_WriteBackupRegister                  0x08001ac1   Thumb Code    12  stm32f10x_bkp.o(i.BKP_WriteBackupRegister)
    BW_Menu                                  0x08001ad1   Thumb Code    46  menu.o(i.BW_Menu)
    BusFault_Handler                         0x08001b09   Thumb Code     2  stm32f10x_it.o(i.BusFault_Handler)
    CR_Menu                                  0x08001b0d   Thumb Code   104  menu.o(i.CR_Menu)
    Central_Device_Send_Data                 0x08001b79   Thumb Code    84  sx1278.o(i.Central_Device_Send_Data)
    Connect_Server                           0x08001c05   Thumb Code   184  wifi.o(i.Connect_Server)
    DHT11_Check                              0x08001cf1   Thumb Code    86  dh11.o(i.DHT11_Check)
    DHT11_Init                               0x08001d4d   Thumb Code    56  dh11.o(i.DHT11_Init)
    DHT11_Mode                               0x08001d89   Thumb Code    36  dh11.o(i.DHT11_Mode)
    DHT11_Read_Bit                           0x08001db1   Thumb Code    82  dh11.o(i.DHT11_Read_Bit)
    DHT11_Read_Byte                          0x08001e09   Thumb Code    26  dh11.o(i.DHT11_Read_Byte)
    DHT11_Read_Data                          0x08001e23   Thumb Code    80  dh11.o(i.DHT11_Read_Data)
    DHT11_Rst                                0x08001e75   Thumb Code    42  dh11.o(i.DHT11_Rst)
    DMA_Cmd                                  0x08001ea5   Thumb Code    22  stm32f10x_dma.o(i.DMA_Cmd)
    DMA_DeInit                               0x08001ebd   Thumb Code   218  stm32f10x_dma.o(i.DMA_DeInit)
    DMA_GetCurrDataCounter                   0x08001fa1   Thumb Code     6  stm32f10x_dma.o(i.DMA_GetCurrDataCounter)
    DMA_Init                                 0x08001fa7   Thumb Code    58  stm32f10x_dma.o(i.DMA_Init)
    DMA_SetCurrDataCounter                   0x08001fe1   Thumb Code     4  stm32f10x_dma.o(i.DMA_SetCurrDataCounter)
    DS18B20_Check                            0x08001fe5   Thumb Code    86  ds18b20.o(i.DS18B20_Check)
    DS18B20_Get_Temp                         0x08002041   Thumb Code    96  ds18b20.o(i.DS18B20_Get_Temp)
    DS18B20_Mode                             0x080020a5   Thumb Code    46  ds18b20.o(i.DS18B20_Mode)
    DS18B20_Read_Bit                         0x080020d9   Thumb Code    70  ds18b20.o(i.DS18B20_Read_Bit)
    DS18B20_Read_Byte                        0x08002125   Thumb Code    32  ds18b20.o(i.DS18B20_Read_Byte)
    DS18B20_Rst                              0x08002145   Thumb Code    44  ds18b20.o(i.DS18B20_Rst)
    DS18B20_Start                            0x08002175   Thumb Code    26  ds18b20.o(i.DS18B20_Start)
    DS18B20_Write_Byte                       0x08002191   Thumb Code    88  ds18b20.o(i.DS18B20_Write_Byte)
    DebugMon_Handler                         0x080021ed   Thumb Code     2  stm32f10x_it.o(i.DebugMon_Handler)
    Delay_ms                                 0x080021ef   Thumb Code    22  delay.o(i.Delay_ms)
    Delay_s                                  0x08002205   Thumb Code    22  delay.o(i.Delay_s)
    Delay_us                                 0x0800221b   Thumb Code    32  delay.o(i.Delay_us)
    EXTI9_5_IRQHandler                       0x0800223b   Thumb Code    24  power.o(i.EXTI9_5_IRQHandler)
    EXTI_ClearITPendingBit                   0x08002255   Thumb Code     6  stm32f10x_exti.o(i.EXTI_ClearITPendingBit)
    EXTI_GetITStatus                         0x08002261   Thumb Code    28  stm32f10x_exti.o(i.EXTI_GetITStatus)
    Edge_Device_Send_Data                    0x08002281   Thumb Code    84  sx1278.o(i.Edge_Device_Send_Data)
    GPIO_Init                                0x0800230d   Thumb Code   162  stm32f10x_gpio.o(i.GPIO_Init)
    GPIO_ReadInputDataBit                    0x080023af   Thumb Code    14  stm32f10x_gpio.o(i.GPIO_ReadInputDataBit)
    GPIO_ResetBits                           0x080023bd   Thumb Code     4  stm32f10x_gpio.o(i.GPIO_ResetBits)
    GPIO_SetBits                             0x080023c1   Thumb Code     4  stm32f10x_gpio.o(i.GPIO_SetBits)
    GPIO_WriteBit                            0x080023c5   Thumb Code    10  stm32f10x_gpio.o(i.GPIO_WriteBit)
    Get_Basic_Setting                        0x080023d1   Thumb Code   398  sx1278.o(i.Get_Basic_Setting)
    Get_CO2                                  0x0800266d   Thumb Code    18  main.o(i.Get_CO2)
    Get_Light                                0x08002689   Thumb Code    10  light.o(i.Get_Light)
    Get_Tem_Hum                              0x08002699   Thumb Code    28  main.o(i.Get_Tem_Hum)
    Get_Time_Stamp                           0x080026b9   Thumb Code   292  wifi.o(i.Get_Time_Stamp)
    HEADER_Menu                              0x08002821   Thumb Code    58  menu.o(i.HEADER_Menu)
    HardFault_Handler                        0x08002861   Thumb Code     2  stm32f10x_it.o(i.HardFault_Handler)
    INFORMATION_Menu                         0x08002865   Thumb Code    22  menu.o(i.INFORMATION_Menu)
    Join_AP                                  0x08002889   Thumb Code    50  wifi.o(i.Join_AP)
    Key_GetNum                               0x080028d5   Thumb Code    88  key.o(i.Key_GetNum)
    Key_Init                                 0x08002931   Thumb Code    40  key.o(i.Key_Init)
    Light_Init                               0x0800295d   Thumb Code    40  light.o(i.Light_Init)
    MYDMA_Init                               0x08002989   Thumb Code    90  my_dma.o(i.MYDMA_Init)
    MYUSART_Init                             0x080029f1   Thumb Code   172  serial.o(i.MYUSART_Init)
    MemManage_Handler                        0x08002aa5   Thumb Code     2  stm32f10x_it.o(i.MemManage_Handler)
    Menu                                     0x08002aa9   Thumb Code   164  menu.o(i.Menu)
    MyRTC_Init                               0x08002b65   Thumb Code   120  myrtc.o(i.MyRTC_Init)
    MyRTC_ReadTime                           0x08002bdd   Thumb Code    66  myrtc.o(i.MyRTC_ReadTime)
    MyRTC_SetTime                            0x08002c25   Thumb Code    58  myrtc.o(i.MyRTC_SetTime)
    MyRTC_UpdateTime                         0x08002c65   Thumb Code    22  myrtc.o(i.MyRTC_UpdateTime)
    MySPI_Init                               0x08002c7d   Thumb Code   214  my_spi.o(i.MySPI_Init)
    MySPI_LORA_CS                            0x08002d61   Thumb Code    12  my_spi.o(i.MySPI_LORA_CS)
    MySPI_LORA_Start                         0x08002d71   Thumb Code     6  my_spi.o(i.MySPI_LORA_Start)
    MySPI_LORA_Stop                          0x08002d77   Thumb Code     6  my_spi.o(i.MySPI_LORA_Stop)
    MySPI_SD_CS                              0x08002d7d   Thumb Code    12  my_spi.o(i.MySPI_SD_CS)
    MySPI_SD_Start                           0x08002d8d   Thumb Code     6  my_spi.o(i.MySPI_SD_Start)
    MySPI_SD_Stop                            0x08002d93   Thumb Code     6  my_spi.o(i.MySPI_SD_Stop)
    MySPI_SwapByte                           0x08002d99   Thumb Code    48  my_spi.o(i.MySPI_SwapByte)
    NMI_Handler                              0x08002dcd   Thumb Code     2  stm32f10x_it.o(i.NMI_Handler)
    NVIC_Init                                0x08002dd1   Thumb Code    94  misc.o(i.NVIC_Init)
    NVIC_PriorityGroupConfig                 0x08002e35   Thumb Code    10  misc.o(i.NVIC_PriorityGroupConfig)
    OLED_Clear                               0x08002e49   Thumb Code    38  oled.o(i.OLED_Clear)
    OLED_I2C_Init                            0x08002e71   Thumb Code    76  oled.o(i.OLED_I2C_Init)
    OLED_I2C_SendByte                        0x08002ec1   Thumb Code    86  oled.o(i.OLED_I2C_SendByte)
    OLED_I2C_Start                           0x08002f1d   Thumb Code    52  oled.o(i.OLED_I2C_Start)
    OLED_I2C_Stop                            0x08002f55   Thumb Code    42  oled.o(i.OLED_I2C_Stop)
    OLED_Init                                0x08002f85   Thumb Code   172  oled.o(i.OLED_Init)
    OLED_Pow                                 0x08003031   Thumb Code    14  oled.o(i.OLED_Pow)
    OLED_SetCursor                           0x0800303f   Thumb Code    34  oled.o(i.OLED_SetCursor)
    OLED_ShowBinNum                          0x08003061   Thumb Code    58  oled.o(i.OLED_ShowBinNum)
    OLED_ShowChar                            0x0800309d   Thumb Code    98  oled.o(i.OLED_ShowChar)
    OLED_ShowHexNum                          0x08003105   Thumb Code    68  oled.o(i.OLED_ShowHexNum)
    OLED_ShowNum                             0x08003149   Thumb Code    66  oled.o(i.OLED_ShowNum)
    OLED_ShowString                          0x0800318b   Thumb Code    38  oled.o(i.OLED_ShowString)
    OLED_WriteCommand                        0x080031b1   Thumb Code    34  oled.o(i.OLED_WriteCommand)
    OLED_WriteData                           0x080031d3   Thumb Code    34  oled.o(i.OLED_WriteData)
    PWR_BackupAccessCmd                      0x080031f5   Thumb Code     6  stm32f10x_pwr.o(i.PWR_BackupAccessCmd)
    Parameter_Menu                           0x08003201   Thumb Code    58  menu.o(i.Parameter_Menu)
    PendSV_Handler                           0x08003241   Thumb Code     2  stm32f10x_it.o(i.PendSV_Handler)
    Power_Menu                               0x08003245   Thumb Code    46  menu.o(i.Power_Menu)
    RCC_ADCCLKConfig                         0x0800327d   Thumb Code    14  stm32f10x_rcc.o(i.RCC_ADCCLKConfig)
    RCC_AHBPeriphClockCmd                    0x08003291   Thumb Code    18  stm32f10x_rcc.o(i.RCC_AHBPeriphClockCmd)
    RCC_APB1PeriphClockCmd                   0x080032a9   Thumb Code    18  stm32f10x_rcc.o(i.RCC_APB1PeriphClockCmd)
    RCC_APB2PeriphClockCmd                   0x080032c1   Thumb Code    18  stm32f10x_rcc.o(i.RCC_APB2PeriphClockCmd)
    RCC_BackupResetCmd                       0x080032d9   Thumb Code     6  stm32f10x_rcc.o(i.RCC_BackupResetCmd)
    RCC_GetClocksFreq                        0x080032e5   Thumb Code   128  stm32f10x_rcc.o(i.RCC_GetClocksFreq)
    RCC_GetFlagStatus                        0x08003375   Thumb Code    44  stm32f10x_rcc.o(i.RCC_GetFlagStatus)
    RCC_LSEConfig                            0x080033a5   Thumb Code    28  stm32f10x_rcc.o(i.RCC_LSEConfig)
    RCC_RTCCLKCmd                            0x080033c5   Thumb Code     6  stm32f10x_rcc.o(i.RCC_RTCCLKCmd)
    RCC_RTCCLKConfig                         0x080033d1   Thumb Code    10  stm32f10x_rcc.o(i.RCC_RTCCLKConfig)
    RTC_EnterConfigMode                      0x080033e1   Thumb Code    12  stm32f10x_rtc.o(i.RTC_EnterConfigMode)
    RTC_ExitConfigMode                       0x080033f1   Thumb Code    12  stm32f10x_rtc.o(i.RTC_ExitConfigMode)
    RTC_GetCounter                           0x08003401   Thumb Code    16  stm32f10x_rtc.o(i.RTC_GetCounter)
    RTC_SetCounter                           0x08003415   Thumb Code    26  stm32f10x_rtc.o(i.RTC_SetCounter)
    RTC_SetPrescaler                         0x08003435   Thumb Code    28  stm32f10x_rtc.o(i.RTC_SetPrescaler)
    RTC_WaitForLastTask                      0x08003455   Thumb Code    10  stm32f10x_rtc.o(i.RTC_WaitForLastTask)
    RTC_WaitForSynchro                       0x08003465   Thumb Code    18  stm32f10x_rtc.o(i.RTC_WaitForSynchro)
    Receive_Test                             0x0800347d   Thumb Code   134  sx1278.o(i.Receive_Test)
    Recieve_Data                             0x08003529   Thumb Code   202  sx1278.o(i.Recieve_Data)
    SD_Check                                 0x080035f5   Thumb Code   188  sd_card.o(i.SD_Check)
    SD_Initialize                            0x08003719   Thumb Code   198  sd_card.o(i.SD_Initialize)
    SD_ReadSector                            0x08003821   Thumb Code   156  sd_card.o(i.SD_ReadSector)
    SD_SendCommand                           0x080038fd   Thumb Code    82  sd_card.o(i.SD_SendCommand)
    SD_WriteSector                           0x08003951   Thumb Code   148  sd_card.o(i.SD_WriteSector)
    SPI_Cmd                                  0x08003a0d   Thumb Code    20  stm32f10x_spi.o(i.SPI_Cmd)
    SPI_I2S_GetFlagStatus                    0x08003a21   Thumb Code    14  stm32f10x_spi.o(i.SPI_I2S_GetFlagStatus)
    SPI_I2S_ReceiveData                      0x08003a2f   Thumb Code     4  stm32f10x_spi.o(i.SPI_I2S_ReceiveData)
    SPI_I2S_SendData                         0x08003a33   Thumb Code     4  stm32f10x_spi.o(i.SPI_I2S_SendData)
    SPI_Init                                 0x08003a37   Thumb Code    56  stm32f10x_spi.o(i.SPI_Init)
    SVC_Handler                              0x08003a6f   Thumb Code     2  stm32f10x_it.o(i.SVC_Handler)
    SX1278_Basic_Setting                     0x08003a71   Thumb Code    72  sx1278.o(i.SX1278_Basic_Setting)
    SX1278_Init                              0x08003ab9   Thumb Code    68  sx1278.o(i.SX1278_Init)
    SX1278_ReadReg                           0x08003b01   Thumb Code    32  sx1278.o(i.SX1278_ReadReg)
    SX1278_SwapByte                          0x08003b21   Thumb Code    30  sx1278.o(i.SX1278_SwapByte)
    SX1278_WriteReg                          0x08003b3f   Thumb Code    38  sx1278.o(i.SX1278_WriteReg)
    Send_Data                                0x08003b65   Thumb Code    48  sx1278.o(i.Send_Data)
    Send_Http                                0x08003b95   Thumb Code   272  wifi.o(i.Send_Http)
    Send_Sensor_Data                         0x08003d0d   Thumb Code     2  sx1278.o(i.Send_Sensor_Data)
    Sending_test                             0x08003d11   Thumb Code   176  sx1278.o(i.Sending_test)
    Sensor_Test                              0x08003df9   Thumb Code   112  menu.o(i.Sensor_Test)
    Set_Cursor                               0x08003f19   Thumb Code    58  menu.o(i.Set_Cursor)
    Setting_Menu                             0x08003f5d   Thumb Code    26  menu.o(i.Setting_Menu)
    Show_DS18B20_Tempreature                 0x08003f7d   Thumb Code    68  ds18b20.o(i.Show_DS18B20_Tempreature)
    Show_Menu                                0x08003fc1   Thumb Code   148  menu.o(i.Show_Menu)
    Show_Time                                0x08004059   Thumb Code    56  menu.o(i.Show_Time)
    Show_Wifi_Status                         0x08004099   Thumb Code    52  menu.o(i.Show_Wifi_Status)
    Soil_Humidity_Init                       0x080040d1   Thumb Code   130  soil_humidity.o(i.Soil_Humidity_Init)
    Start                                    0x0800415d   Thumb Code    40  menu.o(i.Start)
    String_Copy                              0x08004189   Thumb Code    38  wifi.o(i.String_Copy)
    SysTick_Handler                          0x080041af   Thumb Code     2  stm32f10x_it.o(i.SysTick_Handler)
    SystemInit                               0x080041b1   Thumb Code    64  system_stm32f10x.o(i.SystemInit)
    USART1_IRQHandler                        0x08004201   Thumb Code   132  serial.o(i.USART1_IRQHandler)
    USART2_IRQHandler                        0x08004291   Thumb Code   104  wifi.o(i.USART2_IRQHandler)
    USART_ClearITPendingBit                  0x0800430d   Thumb Code    12  stm32f10x_usart.o(i.USART_ClearITPendingBit)
    USART_Cmd                                0x08004319   Thumb Code    20  stm32f10x_usart.o(i.USART_Cmd)
    USART_DMACmd                             0x0800432d   Thumb Code    16  stm32f10x_usart.o(i.USART_DMACmd)
    USART_GetFlagStatus                      0x0800433d   Thumb Code    14  stm32f10x_usart.o(i.USART_GetFlagStatus)
    USART_GetITStatus                        0x0800434b   Thumb Code    62  stm32f10x_usart.o(i.USART_GetITStatus)
    USART_ITConfig                           0x08004389   Thumb Code    48  stm32f10x_usart.o(i.USART_ITConfig)
    USART_Init                               0x080043b9   Thumb Code   166  stm32f10x_usart.o(i.USART_Init)
    USART_ReceiveData                        0x08004465   Thumb Code     8  stm32f10x_usart.o(i.USART_ReceiveData)
    USART_SendArray                          0x0800446d   Thumb Code    26  serial.o(i.USART_SendArray)
    USART_SendByte                           0x08004489   Thumb Code    26  serial.o(i.USART_SendByte)
    USART_SendData                           0x080044a9   Thumb Code     8  stm32f10x_usart.o(i.USART_SendData)
    UsageFault_Handler                       0x080044b1   Thumb Code     2  stm32f10x_it.o(i.UsageFault_Handler)
    WIFI_SendByte                            0x080044b5   Thumb Code    26  wifi.o(i.WIFI_SendByte)
    WIFI_SendString                          0x080044d5   Thumb Code    24  wifi.o(i.WIFI_SendString)
    Wait_or_Found                            0x080044ed   Thumb Code   106  wifi.o(i.Wait_or_Found)
    Welcome_menu                             0x08004571   Thumb Code    46  menu.o(i.Welcome_menu)
    Wifi_USART_Init                          0x080045f1   Thumb Code   182  wifi.o(i.Wifi_USART_Init)
    WriteFileToSD                            0x080046b1   Thumb Code   184  write_to_disk.o(i.WriteFileToSD)
    _is_digit                                0x080047a9   Thumb Code    14  __printf_wp.o(i._is_digit)
    check_AP_Connection                      0x080047b9   Thumb Code    80  wifi.o(i.check_AP_Connection)
    disk_initialize                          0x08004cd1   Thumb Code     8  diskio.o(i.disk_initialize)
    disk_ioctl                               0x08004cd9   Thumb Code    42  diskio.o(i.disk_ioctl)
    disk_read                                0x08004d05   Thumb Code    50  diskio.o(i.disk_read)
    disk_status                              0x08004d37   Thumb Code     8  diskio.o(i.disk_status)
    disk_write                               0x08004d41   Thumb Code    50  diskio.o(i.disk_write)
    f_close                                  0x08004d73   Thumb Code    30  ff.o(i.f_close)
    f_lseek                                  0x08004d91   Thumb Code   308  ff.o(i.f_lseek)
    f_mount                                  0x08004ec5   Thumb Code    72  ff.o(i.f_mount)
    f_open                                   0x08004f11   Thumb Code   434  ff.o(i.f_open)
    f_sync                                   0x080050c3   Thumb Code   142  ff.o(i.f_sync)
    f_write                                  0x08005151   Thumb Code   384  ff.o(i.f_write)
    get_fattime                              0x0800544d   Thumb Code    48  ff.o(i.get_fattime)
    main                                     0x08005501   Thumb Code    84  main.o(i.main)
    _get_lc_ctype                            0x08005a79   Thumb Code    44  lc_ctype_c.o(locale$$code)
    __aeabi_d2iz                             0x08005aa5   Thumb Code     0  dfix.o(x$fpl$dfix)
    _dfix                                    0x08005aa5   Thumb Code    94  dfix.o(x$fpl$dfix)
    __aeabi_i2d                              0x08005b03   Thumb Code     0  dflt_clz.o(x$fpl$dflt)
    _dflt                                    0x08005b03   Thumb Code    46  dflt_clz.o(x$fpl$dflt)
    __aeabi_dmul                             0x08005b31   Thumb Code     0  dmul.o(x$fpl$dmul)
    _dmul                                    0x08005b31   Thumb Code   332  dmul.o(x$fpl$dmul)
    __fpl_dnaninf                            0x08005c85   Thumb Code   156  dnaninf.o(x$fpl$dnaninf)
    __fpl_dretinf                            0x08005d21   Thumb Code    12  dretinf.o(x$fpl$dretinf)
    OLED_F8x16                               0x08005d2c   Data        1520  oled.o(.constdata)
    __I$use$fp                               0x08005d2c   Number         0  usenofp.o(x$fpl$usenofp)
    _monlen                                  0x08006347   Data          12  _monlen.o(.constdata)
    Region$$Table$$Base                      0x08006764   Number         0  anon$$obj.o(Region$$Table)
    Region$$Table$$Limit                     0x08006784   Number         0  anon$$obj.o(Region$$Table)
    __ctype                                  0x08006791   Data           0  lc_ctype_c.o(locale$$data)
    RxData                                   0x20000014   Data           1  serial.o(.data)
    RxFlag                                   0x20000015   Data           1  serial.o(.data)
    CO2_index                                0x20000018   Data           4  serial.o(.data)
    state                                    0x2000001c   Data           4  serial.o(.data)
    Buffer                                   0x20000020   Data         128  sx1278.o(.data)
    Recieved_String_Size                     0x200000a0   Data           1  wifi.o(.data)
    data_ready_flag                          0x200000a1   Data           1  wifi.o(.data)
    Cursor_position                          0x20000188   Data           1  menu.o(.data)
    Cursor_choice                            0x20000189   Data           1  menu.o(.data)
    Time_Status                              0x200001a0   Data           4  menu.o(.data)
    Server_Status                            0x200001a4   Data           4  menu.o(.data)
    MyRTC_Time                               0x200002cc   Data          12  myrtc.o(.data)
    res                                      0x200002d8   Data           1  write_to_disk.o(.data)
    bw                                       0x200002dc   Data           4  write_to_disk.o(.data)
    CO2_Concentration                        0x200002e0   Data           2  main.o(.data)
    temperature                              0x200002e2   Data           2  main.o(.data)
    humi                                     0x200002e4   Data           2  main.o(.data)
    CO2                                      0x200002f0   Data          12  serial.o(.bss)
    CO2_temp                                 0x200002fc   Data          12  serial.o(.bss)
    WIFI_temp                                0x200004fc   Data         500  wifi.o(.bss)
    fs                                       0x20000790   Data         560  write_to_disk.o(.bss)
    file                                     0x200009c0   Data         552  write_to_disk.o(.bss)
    __libspace_start                         0x20000c14   Data          96  libspace.o(.bss)
    __temporary_stack_top$libspace           0x20000c74   Data           0  libspace.o(.bss)



==============================================================================

Memory Map of the image

  Image Entry point : 0x080000ed

  Load Region LR_IROM1 (Base: 0x08000000, Size: 0x00006b84, Max: 0x00010000, ABSOLUTE, COMPRESSED[0x00006a2c])

    Execution Region ER_IROM1 (Exec base: 0x08000000, Load base: 0x08000000, Size: 0x00006894, Max: 0x00010000, ABSOLUTE)

    Exec Addr    Load Addr    Size         Type   Attr      Idx    E Section Name        Object

    0x08000000   0x08000000   0x000000ec   Data   RO            3    RESET               startup_stm32f10x_md.o
    0x080000ec   0x080000ec   0x00000008   Code   RO         4689  * !!!main             c_w.l(__main.o)
    0x080000f4   0x080000f4   0x00000034   Code   RO         4963    !!!scatter          c_w.l(__scatter.o)
    0x08000128   0x08000128   0x0000005a   Code   RO         4961    !!dczerorl2         c_w.l(__dczerorl2.o)
    0x08000182   0x08000182   0x00000002   PAD
    0x08000184   0x08000184   0x0000001c   Code   RO         4965    !!handler_zi        c_w.l(__scatter_zi.o)
    0x080001a0   0x080001a0   0x00000000   Code   RO         4655    .ARM.Collect$$_printf_percent$$00000000  c_w.l(_printf_percent.o)
    0x080001a0   0x080001a0   0x00000006   Code   RO         4654    .ARM.Collect$$_printf_percent$$00000009  c_w.l(_printf_d.o)
    0x080001a6   0x080001a6   0x00000006   Code   RO         4653    .ARM.Collect$$_printf_percent$$00000014  c_w.l(_printf_s.o)
    0x080001ac   0x080001ac   0x00000004   Code   RO         4747    .ARM.Collect$$_printf_percent$$00000017  c_w.l(_printf_percent_end.o)
    0x080001b0   0x080001b0   0x00000002   Code   RO         4881    .ARM.Collect$$libinit$$00000000  c_w.l(libinit.o)
    0x080001b2   0x080001b2   0x00000000   Code   RO         4808    .ARM.Collect$$libinit$$00000002  c_w.l(libinit2.o)
    0x080001b2   0x080001b2   0x00000000   Code   RO         4810    .ARM.Collect$$libinit$$00000004  c_w.l(libinit2.o)
    0x080001b2   0x080001b2   0x00000008   Code   RO         4811    .ARM.Collect$$libinit$$00000005  c_w.l(libinit2.o)
    0x080001ba   0x080001ba   0x00000000   Code   RO         4813    .ARM.Collect$$libinit$$0000000A  c_w.l(libinit2.o)
    0x080001ba   0x080001ba   0x00000000   Code   RO         4815    .ARM.Collect$$libinit$$0000000C  c_w.l(libinit2.o)
    0x080001ba   0x080001ba   0x00000000   Code   RO         4817    .ARM.Collect$$libinit$$0000000E  c_w.l(libinit2.o)
    0x080001ba   0x080001ba   0x00000006   Code   RO         4818    .ARM.Collect$$libinit$$0000000F  c_w.l(libinit2.o)
    0x080001c0   0x080001c0   0x00000000   Code   RO         4820    .ARM.Collect$$libinit$$00000011  c_w.l(libinit2.o)
    0x080001c0   0x080001c0   0x0000000c   Code   RO         4821    .ARM.Collect$$libinit$$00000012  c_w.l(libinit2.o)
    0x080001cc   0x080001cc   0x00000000   Code   RO         4822    .ARM.Collect$$libinit$$00000013  c_w.l(libinit2.o)
    0x080001cc   0x080001cc   0x00000000   Code   RO         4824    .ARM.Collect$$libinit$$00000015  c_w.l(libinit2.o)
    0x080001cc   0x080001cc   0x00000000   Code   RO         4826    .ARM.Collect$$libinit$$00000017  c_w.l(libinit2.o)
    0x080001cc   0x080001cc   0x00000000   Code   RO         4828    .ARM.Collect$$libinit$$00000019  c_w.l(libinit2.o)
    0x080001cc   0x080001cc   0x00000000   Code   RO         4830    .ARM.Collect$$libinit$$0000001B  c_w.l(libinit2.o)
    0x080001cc   0x080001cc   0x00000000   Code   RO         4832    .ARM.Collect$$libinit$$0000001D  c_w.l(libinit2.o)
    0x080001cc   0x080001cc   0x00000000   Code   RO         4834    .ARM.Collect$$libinit$$0000001F  c_w.l(libinit2.o)
    0x080001cc   0x080001cc   0x00000000   Code   RO         4836    .ARM.Collect$$libinit$$00000021  c_w.l(libinit2.o)
    0x080001cc   0x080001cc   0x00000000   Code   RO         4838    .ARM.Collect$$libinit$$00000023  c_w.l(libinit2.o)
    0x080001cc   0x080001cc   0x00000000   Code   RO         4840    .ARM.Collect$$libinit$$00000025  c_w.l(libinit2.o)
    0x080001cc   0x080001cc   0x00000000   Code   RO         4844    .ARM.Collect$$libinit$$0000002C  c_w.l(libinit2.o)
    0x080001cc   0x080001cc   0x00000000   Code   RO         4846    .ARM.Collect$$libinit$$0000002E  c_w.l(libinit2.o)
    0x080001cc   0x080001cc   0x00000000   Code   RO         4848    .ARM.Collect$$libinit$$00000030  c_w.l(libinit2.o)
    0x080001cc   0x080001cc   0x00000000   Code   RO         4850    .ARM.Collect$$libinit$$00000032  c_w.l(libinit2.o)
    0x080001cc   0x080001cc   0x00000002   Code   RO         4851    .ARM.Collect$$libinit$$00000033  c_w.l(libinit2.o)
    0x080001ce   0x080001ce   0x00000002   Code   RO         4958    .ARM.Collect$$libshutdown$$00000000  c_w.l(libshutdown.o)
    0x080001d0   0x080001d0   0x00000000   Code   RO         4914    .ARM.Collect$$libshutdown$$00000002  c_w.l(libshutdown2.o)
    0x080001d0   0x080001d0   0x00000000   Code   RO         4916    .ARM.Collect$$libshutdown$$00000004  c_w.l(libshutdown2.o)
    0x080001d0   0x080001d0   0x00000000   Code   RO         4919    .ARM.Collect$$libshutdown$$00000007  c_w.l(libshutdown2.o)
    0x080001d0   0x080001d0   0x00000000   Code   RO         4922    .ARM.Collect$$libshutdown$$0000000A  c_w.l(libshutdown2.o)
    0x080001d0   0x080001d0   0x00000000   Code   RO         4924    .ARM.Collect$$libshutdown$$0000000C  c_w.l(libshutdown2.o)
    0x080001d0   0x080001d0   0x00000000   Code   RO         4927    .ARM.Collect$$libshutdown$$0000000F  c_w.l(libshutdown2.o)
    0x080001d0   0x080001d0   0x00000002   Code   RO         4928    .ARM.Collect$$libshutdown$$00000010  c_w.l(libshutdown2.o)
    0x080001d2   0x080001d2   0x00000000   Code   RO         4705    .ARM.Collect$$rtentry$$00000000  c_w.l(__rtentry.o)
    0x080001d2   0x080001d2   0x00000000   Code   RO         4766    .ARM.Collect$$rtentry$$00000002  c_w.l(__rtentry2.o)
    0x080001d2   0x080001d2   0x00000006   Code   RO         4778    .ARM.Collect$$rtentry$$00000004  c_w.l(__rtentry4.o)
    0x080001d8   0x080001d8   0x00000000   Code   RO         4768    .ARM.Collect$$rtentry$$00000009  c_w.l(__rtentry2.o)
    0x080001d8   0x080001d8   0x00000004   Code   RO         4769    .ARM.Collect$$rtentry$$0000000A  c_w.l(__rtentry2.o)
    0x080001dc   0x080001dc   0x00000000   Code   RO         4771    .ARM.Collect$$rtentry$$0000000C  c_w.l(__rtentry2.o)
    0x080001dc   0x080001dc   0x00000008   Code   RO         4772    .ARM.Collect$$rtentry$$0000000D  c_w.l(__rtentry2.o)
    0x080001e4   0x080001e4   0x00000002   Code   RO         4889    .ARM.Collect$$rtexit$$00000000  c_w.l(rtexit.o)
    0x080001e6   0x080001e6   0x00000000   Code   RO         4932    .ARM.Collect$$rtexit$$00000002  c_w.l(rtexit2.o)
    0x080001e6   0x080001e6   0x00000004   Code   RO         4933    .ARM.Collect$$rtexit$$00000003  c_w.l(rtexit2.o)
    0x080001ea   0x080001ea   0x00000006   Code   RO         4934    .ARM.Collect$$rtexit$$00000004  c_w.l(rtexit2.o)
    0x080001f0   0x080001f0   0x00000000   Code   RO         4782    .emb_text           c_w.l(maybetermalloc1.o)
    0x080001f0   0x080001f0   0x00000040   Code   RO            4    .text               startup_stm32f10x_md.o
    0x08000230   0x08000230   0x00000028   Code   RO         4559    .text               c_w.l(calloc.o)
    0x08000258   0x08000258   0x0000004e   Code   RO         4561    .text               c_w.l(h1_free.o)
    0x080002a6   0x080002a6   0x000000ee   Code   RO         4615    .text               c_w.l(lludivv7m.o)
    0x08000394   0x08000394   0x0000002c   Code   RO         4617    .text               c_w.l(__2sprintf.o)
    0x080003c0   0x080003c0   0x00000038   Code   RO         4619    .text               c_w.l(__2snprintf.o)
    0x080003f8   0x080003f8   0x0000004e   Code   RO         4627    .text               c_w.l(_printf_pad.o)
    0x08000446   0x08000446   0x00000052   Code   RO         4629    .text               c_w.l(_printf_str.o)
    0x08000498   0x08000498   0x00000078   Code   RO         4631    .text               c_w.l(_printf_dec.o)
    0x08000510   0x08000510   0x00000138   Code   RO         4645    .text               c_w.l(__printf_flags_wp.o)
    0x08000648   0x08000648   0x0000003c   Code   RO         4656    .text               c_w.l(__0sscanf.o)
    0x08000684   0x08000684   0x00000156   Code   RO         4658    .text               c_w.l(_scanf_longlong.o)
    0x080007da   0x080007da   0x00000014   Code   RO         4660    .text               c_w.l(strchr.o)
    0x080007ee   0x080007ee   0x00000024   Code   RO         4662    .text               c_w.l(strstr.o)
    0x08000812   0x08000812   0x00000058   Code   RO         4664    .text               c_w.l(memcmp.o)
    0x0800086a   0x0800086a   0x00000048   Code   RO         4666    .text               c_w.l(strcpy.o)
    0x080008b2   0x080008b2   0x0000003e   Code   RO         4668    .text               c_w.l(strlen.o)
    0x080008f0   0x080008f0   0x0000008a   Code   RO         4670    .text               c_w.l(rt_memcpy_v6.o)
    0x0800097a   0x0800097a   0x00000064   Code   RO         4672    .text               c_w.l(rt_memcpy_w.o)
    0x080009de   0x080009de   0x00000010   Code   RO         4674    .text               c_w.l(aeabi_memset.o)
    0x080009ee   0x080009ee   0x00000044   Code   RO         4676    .text               c_w.l(rt_memclr.o)
    0x08000a32   0x08000a32   0x0000004e   Code   RO         4678    .text               c_w.l(rt_memclr_w.o)
    0x08000a80   0x08000a80   0x00000056   Code   RO         4680    .text               c_w.l(strncpy.o)
    0x08000ad6   0x08000ad6   0x00000002   PAD
    0x08000ad8   0x08000ad8   0x0000000c   Code   RO         4682    .text               c_w.l(localtime.o)
    0x08000ae4   0x08000ae4   0x000001ac   Code   RO         4685    .text               c_w.l(mktime.o)
    0x08000c90   0x08000c90   0x00000006   Code   RO         4687    .text               c_w.l(heapauxi.o)
    0x08000c96   0x08000c96   0x00000002   PAD
    0x08000c98   0x08000c98   0x00000008   Code   RO         4713    .text               c_w.l(rt_heap_descriptor_intlibspace.o)
    0x08000ca0   0x08000ca0   0x00000004   Code   RO         4715    .text               c_w.l(hguard.o)
    0x08000ca4   0x08000ca4   0x0000008a   Code   RO         4717    .text               c_w.l(init_alloc.o)
    0x08000d2e   0x08000d2e   0x0000005e   Code   RO         4723    .text               c_w.l(h1_alloc.o)
    0x08000d8c   0x08000d8c   0x000000b2   Code   RO         4737    .text               c_w.l(_printf_intcommon.o)
    0x08000e3e   0x08000e3e   0x00000002   PAD
    0x08000e40   0x08000e40   0x00000030   Code   RO         4739    .text               c_w.l(_printf_char_common.o)
    0x08000e70   0x08000e70   0x0000000a   Code   RO         4741    .text               c_w.l(_sputc.o)
    0x08000e7a   0x08000e7a   0x00000010   Code   RO         4743    .text               c_w.l(_snputc.o)
    0x08000e8a   0x08000e8a   0x0000002c   Code   RO         4745    .text               c_w.l(_printf_char.o)
    0x08000eb6   0x08000eb6   0x0000001c   Code   RO         4748    .text               c_w.l(_chval.o)
    0x08000ed2   0x08000ed2   0x00000002   PAD
    0x08000ed4   0x08000ed4   0x0000002c   Code   RO         4750    .text               c_w.l(scanf_char.o)
    0x08000f00   0x08000f00   0x00000040   Code   RO         4752    .text               c_w.l(_sgetc.o)
    0x08000f40   0x08000f40   0x000000b8   Code   RO         4755    .text               c_w.l(localtime_internal.o)
    0x08000ff8   0x08000ff8   0x00000008   Code   RO         4762    .text               c_w.l(libspace.o)
    0x08001000   0x08001000   0x0000000e   Code   RO         4784    .text               c_w.l(h1_init.o)
    0x0800100e   0x0800100e   0x00000034   Code   RO         4786    .text               c_w.l(h1_extend.o)
    0x08001042   0x08001042   0x00000012   Code   RO         4792    .text               c_w.l(isspace.o)
    0x08001054   0x08001054   0x00000374   Code   RO         4796    .text               c_w.l(_scanf.o)
    0x080013c8   0x080013c8   0x0000000e   Code   RO         4798    .text               c_w.l(defsig_rtmem_outer.o)
    0x080013d6   0x080013d6   0x0000004a   Code   RO         4854    .text               c_w.l(sys_stackheap_outer.o)
    0x08001420   0x08001420   0x00000010   Code   RO         4856    .text               c_w.l(rt_ctype_table.o)
    0x08001430   0x08001430   0x00000012   Code   RO         4864    .text               c_w.l(exit.o)
    0x08001442   0x08001442   0x0000000a   Code   RO         4866    .text               c_w.l(defsig_exit.o)
    0x0800144c   0x0800144c   0x00000050   Code   RO         4872    .text               c_w.l(defsig_rtmem_inner.o)
    0x0800149c   0x0800149c   0x0000000c   Code   RO         4884    .text               c_w.l(sys_exit.o)
    0x080014a8   0x080014a8   0x00000002   Code   RO         4886    .text               c_w.l(use_no_semi.o)
    0x080014aa   0x080014aa   0x00000000   Code   RO         4888    .text               c_w.l(indicate_semi.o)
    0x080014aa   0x080014aa   0x00000002   PAD
    0x080014ac   0x080014ac   0x00000008   Code   RO         4894    .text               c_w.l(rt_locale_intlibspace.o)
    0x080014b4   0x080014b4   0x00000032   Code   RO         4905    .text               c_w.l(defsig_general.o)
    0x080014e6   0x080014e6   0x0000000e   Code   RO         4929    .text               c_w.l(sys_wrch.o)
    0x080014f4   0x080014f4   0x00000080   Code   RO         4940    .text               c_w.l(strcmpv7m.o)
    0x08001574   0x08001574   0x00000014   Code   RO          197    i.ADC_Cmd           stm32f10x_adc.o
    0x08001588   0x08001588   0x0000000e   Code   RO          205    i.ADC_GetCalibrationStatus  stm32f10x_adc.o
    0x08001596   0x08001596   0x00000006   Code   RO          206    i.ADC_GetConversionValue  stm32f10x_adc.o
    0x0800159c   0x0800159c   0x0000000e   Code   RO          208    i.ADC_GetFlagStatus  stm32f10x_adc.o
    0x080015aa   0x080015aa   0x0000000e   Code   RO          211    i.ADC_GetResetCalibrationStatus  stm32f10x_adc.o
    0x080015b8   0x080015b8   0x00000048   Code   RO          215    i.ADC_Init          stm32f10x_adc.o
    0x08001600   0x08001600   0x00000074   Code   RO          219    i.ADC_RegularChannelConfig  stm32f10x_adc.o
    0x08001674   0x08001674   0x0000000a   Code   RO          220    i.ADC_ResetCalibration  stm32f10x_adc.o
    0x0800167e   0x0800167e   0x00000014   Code   RO          222    i.ADC_SoftwareStartConvCmd  stm32f10x_adc.o
    0x08001692   0x08001692   0x0000000a   Code   RO          224    i.ADC_StartCalibration  stm32f10x_adc.o
    0x0800169c   0x0800169c   0x00000034   Code   RO         3640    i.AD_GetValue       soil_humidity.o
    0x080016d0   0x080016d0   0x000001d0   Code   RO         3849    i.Act_As_Central_Device  menu.o
    0x080018a0   0x080018a0   0x000001fc   Code   RO         3850    i.Act_As_Edge_Device  menu.o
    0x08001a9c   0x08001a9c   0x00000012   Code   RO          421    i.BKP_DeInit        stm32f10x_bkp.o
    0x08001aae   0x08001aae   0x00000002   PAD
    0x08001ab0   0x08001ab0   0x00000010   Code   RO          426    i.BKP_ReadBackupRegister  stm32f10x_bkp.o
    0x08001ac0   0x08001ac0   0x00000010   Code   RO          430    i.BKP_WriteBackupRegister  stm32f10x_bkp.o
    0x08001ad0   0x08001ad0   0x00000038   Code   RO         3851    i.BW_Menu           menu.o
    0x08001b08   0x08001b08   0x00000002   Code   RO         4200    i.BusFault_Handler  stm32f10x_it.o
    0x08001b0a   0x08001b0a   0x00000002   PAD
    0x08001b0c   0x08001b0c   0x0000006c   Code   RO         3852    i.CR_Menu           menu.o
    0x08001b78   0x08001b78   0x0000008c   Code   RO         3444    i.Central_Device_Send_Data  sx1278.o
    0x08001c04   0x08001c04   0x000000ec   Code   RO         3728    i.Connect_Server    wifi.o
    0x08001cf0   0x08001cf0   0x0000005c   Code   RO         3570    i.DHT11_Check       dh11.o
    0x08001d4c   0x08001d4c   0x0000003c   Code   RO         3571    i.DHT11_Init        dh11.o
    0x08001d88   0x08001d88   0x00000028   Code   RO         3572    i.DHT11_Mode        dh11.o
    0x08001db0   0x08001db0   0x00000058   Code   RO         3573    i.DHT11_Read_Bit    dh11.o
    0x08001e08   0x08001e08   0x0000001a   Code   RO         3574    i.DHT11_Read_Byte   dh11.o
    0x08001e22   0x08001e22   0x00000050   Code   RO         3575    i.DHT11_Read_Data   dh11.o
    0x08001e72   0x08001e72   0x00000002   PAD
    0x08001e74   0x08001e74   0x00000030   Code   RO         3576    i.DHT11_Rst         dh11.o
    0x08001ea4   0x08001ea4   0x00000016   Code   RO          906    i.DMA_Cmd           stm32f10x_dma.o
    0x08001eba   0x08001eba   0x00000002   PAD
    0x08001ebc   0x08001ebc   0x000000e4   Code   RO          907    i.DMA_DeInit        stm32f10x_dma.o
    0x08001fa0   0x08001fa0   0x00000006   Code   RO          908    i.DMA_GetCurrDataCounter  stm32f10x_dma.o
    0x08001fa6   0x08001fa6   0x0000003a   Code   RO          912    i.DMA_Init          stm32f10x_dma.o
    0x08001fe0   0x08001fe0   0x00000004   Code   RO          913    i.DMA_SetCurrDataCounter  stm32f10x_dma.o
    0x08001fe4   0x08001fe4   0x0000005c   Code   RO         3661    i.DS18B20_Check     ds18b20.o
    0x08002040   0x08002040   0x00000064   Code   RO         3662    i.DS18B20_Get_Temp  ds18b20.o
    0x080020a4   0x080020a4   0x00000034   Code   RO         3664    i.DS18B20_Mode      ds18b20.o
    0x080020d8   0x080020d8   0x0000004c   Code   RO         3665    i.DS18B20_Read_Bit  ds18b20.o
    0x08002124   0x08002124   0x00000020   Code   RO         3666    i.DS18B20_Read_Byte  ds18b20.o
    0x08002144   0x08002144   0x00000030   Code   RO         3667    i.DS18B20_Rst       ds18b20.o
    0x08002174   0x08002174   0x0000001a   Code   RO         3668    i.DS18B20_Start     ds18b20.o
    0x0800218e   0x0800218e   0x00000002   PAD
    0x08002190   0x08002190   0x0000005c   Code   RO         3669    i.DS18B20_Write_Byte  ds18b20.o
    0x080021ec   0x080021ec   0x00000002   Code   RO         4201    i.DebugMon_Handler  stm32f10x_it.o
    0x080021ee   0x080021ee   0x00000016   Code   RO         4135    i.Delay_ms          delay.o
    0x08002204   0x08002204   0x00000016   Code   RO         4136    i.Delay_s           delay.o
    0x0800221a   0x0800221a   0x00000020   Code   RO         4137    i.Delay_us          delay.o
    0x0800223a   0x0800223a   0x00000018   Code   RO         3994    i.EXTI9_5_IRQHandler  power.o
    0x08002252   0x08002252   0x00000002   PAD
    0x08002254   0x08002254   0x0000000c   Code   RO          980    i.EXTI_ClearITPendingBit  stm32f10x_exti.o
    0x08002260   0x08002260   0x00000020   Code   RO          984    i.EXTI_GetITStatus  stm32f10x_exti.o
    0x08002280   0x08002280   0x0000008c   Code   RO         3445    i.Edge_Device_Send_Data  sx1278.o
    0x0800230c   0x0800230c   0x000000a2   Code   RO         1340    i.GPIO_Init         stm32f10x_gpio.o
    0x080023ae   0x080023ae   0x0000000e   Code   RO         1344    i.GPIO_ReadInputDataBit  stm32f10x_gpio.o
    0x080023bc   0x080023bc   0x00000004   Code   RO         1347    i.GPIO_ResetBits    stm32f10x_gpio.o
    0x080023c0   0x080023c0   0x00000004   Code   RO         1348    i.GPIO_SetBits      stm32f10x_gpio.o
    0x080023c4   0x080023c4   0x0000000a   Code   RO         1351    i.GPIO_WriteBit     stm32f10x_gpio.o
    0x080023ce   0x080023ce   0x00000002   PAD
    0x080023d0   0x080023d0   0x0000029c   Code   RO         3446    i.Get_Basic_Setting  sx1278.o
    0x0800266c   0x0800266c   0x0000001c   Code   RO         4161    i.Get_CO2           main.o
    0x08002688   0x08002688   0x00000010   Code   RO         3619    i.Get_Light         light.o
    0x08002698   0x08002698   0x00000020   Code   RO         4162    i.Get_Tem_Hum       main.o
    0x080026b8   0x080026b8   0x00000168   Code   RO         3729    i.Get_Time_Stamp    wifi.o
    0x08002820   0x08002820   0x00000040   Code   RO         3853    i.HEADER_Menu       menu.o
    0x08002860   0x08002860   0x00000002   Code   RO         4202    i.HardFault_Handler  stm32f10x_it.o
    0x08002862   0x08002862   0x00000002   PAD
    0x08002864   0x08002864   0x00000024   Code   RO         3854    i.INFORMATION_Menu  menu.o
    0x08002888   0x08002888   0x0000004c   Code   RO         3730    i.Join_AP           wifi.o
    0x080028d4   0x080028d4   0x0000005c   Code   RO         3549    i.Key_GetNum        key.o
    0x08002930   0x08002930   0x0000002c   Code   RO         3550    i.Key_Init          key.o
    0x0800295c   0x0800295c   0x0000002c   Code   RO         3620    i.Light_Init        light.o
    0x08002988   0x08002988   0x00000068   Code   RO         3836    i.MYDMA_Init        my_dma.o
    0x080029f0   0x080029f0   0x000000b4   Code   RO         3382    i.MYUSART_Init      serial.o
    0x08002aa4   0x08002aa4   0x00000002   Code   RO         4203    i.MemManage_Handler  stm32f10x_it.o
    0x08002aa6   0x08002aa6   0x00000002   PAD
    0x08002aa8   0x08002aa8   0x000000bc   Code   RO         3855    i.Menu              menu.o
    0x08002b64   0x08002b64   0x00000078   Code   RO         4083    i.MyRTC_Init        myrtc.o
    0x08002bdc   0x08002bdc   0x00000048   Code   RO         4084    i.MyRTC_ReadTime    myrtc.o
    0x08002c24   0x08002c24   0x00000040   Code   RO         4085    i.MyRTC_SetTime     myrtc.o
    0x08002c64   0x08002c64   0x00000016   Code   RO         4086    i.MyRTC_UpdateTime  myrtc.o
    0x08002c7a   0x08002c7a   0x00000002   PAD
    0x08002c7c   0x08002c7c   0x000000e4   Code   RO         3324    i.MySPI_Init        my_spi.o
    0x08002d60   0x08002d60   0x00000010   Code   RO         3325    i.MySPI_LORA_CS     my_spi.o
    0x08002d70   0x08002d70   0x00000006   Code   RO         3326    i.MySPI_LORA_Start  my_spi.o
    0x08002d76   0x08002d76   0x00000006   Code   RO         3327    i.MySPI_LORA_Stop   my_spi.o
    0x08002d7c   0x08002d7c   0x00000010   Code   RO         3328    i.MySPI_SD_CS       my_spi.o
    0x08002d8c   0x08002d8c   0x00000006   Code   RO         3329    i.MySPI_SD_Start    my_spi.o
    0x08002d92   0x08002d92   0x00000006   Code   RO         3330    i.MySPI_SD_Stop     my_spi.o
    0x08002d98   0x08002d98   0x00000034   Code   RO         3331    i.MySPI_SwapByte    my_spi.o
    0x08002dcc   0x08002dcc   0x00000002   Code   RO         4204    i.NMI_Handler       stm32f10x_it.o
    0x08002dce   0x08002dce   0x00000002   PAD
    0x08002dd0   0x08002dd0   0x00000064   Code   RO          132    i.NVIC_Init         misc.o
    0x08002e34   0x08002e34   0x00000014   Code   RO          133    i.NVIC_PriorityGroupConfig  misc.o
    0x08002e48   0x08002e48   0x00000026   Code   RO         3221    i.OLED_Clear        oled.o
    0x08002e6e   0x08002e6e   0x00000002   PAD
    0x08002e70   0x08002e70   0x00000050   Code   RO         3222    i.OLED_I2C_Init     oled.o
    0x08002ec0   0x08002ec0   0x0000005c   Code   RO         3223    i.OLED_I2C_SendByte  oled.o
    0x08002f1c   0x08002f1c   0x00000038   Code   RO         3224    i.OLED_I2C_Start    oled.o
    0x08002f54   0x08002f54   0x00000030   Code   RO         3225    i.OLED_I2C_Stop     oled.o
    0x08002f84   0x08002f84   0x000000ac   Code   RO         3226    i.OLED_Init         oled.o
    0x08003030   0x08003030   0x0000000e   Code   RO         3227    i.OLED_Pow          oled.o
    0x0800303e   0x0800303e   0x00000022   Code   RO         3228    i.OLED_SetCursor    oled.o
    0x08003060   0x08003060   0x0000003a   Code   RO         3229    i.OLED_ShowBinNum   oled.o
    0x0800309a   0x0800309a   0x00000002   PAD
    0x0800309c   0x0800309c   0x00000068   Code   RO         3230    i.OLED_ShowChar     oled.o
    0x08003104   0x08003104   0x00000044   Code   RO         3231    i.OLED_ShowHexNum   oled.o
    0x08003148   0x08003148   0x00000042   Code   RO         3232    i.OLED_ShowNum      oled.o
    0x0800318a   0x0800318a   0x00000026   Code   RO         3234    i.OLED_ShowString   oled.o
    0x080031b0   0x080031b0   0x00000022   Code   RO         3235    i.OLED_WriteCommand  oled.o
    0x080031d2   0x080031d2   0x00000022   Code   RO         3236    i.OLED_WriteData    oled.o
    0x080031f4   0x080031f4   0x0000000c   Code   RO         1703    i.PWR_BackupAccessCmd  stm32f10x_pwr.o
    0x08003200   0x08003200   0x00000040   Code   RO         3856    i.Parameter_Menu    menu.o
    0x08003240   0x08003240   0x00000002   Code   RO         4205    i.PendSV_Handler    stm32f10x_it.o
    0x08003242   0x08003242   0x00000002   PAD
    0x08003244   0x08003244   0x00000038   Code   RO         3857    i.Power_Menu        menu.o
    0x0800327c   0x0800327c   0x00000014   Code   RO         1766    i.RCC_ADCCLKConfig  stm32f10x_rcc.o
    0x08003290   0x08003290   0x00000018   Code   RO         1767    i.RCC_AHBPeriphClockCmd  stm32f10x_rcc.o
    0x080032a8   0x080032a8   0x00000018   Code   RO         1768    i.RCC_APB1PeriphClockCmd  stm32f10x_rcc.o
    0x080032c0   0x080032c0   0x00000018   Code   RO         1770    i.RCC_APB2PeriphClockCmd  stm32f10x_rcc.o
    0x080032d8   0x080032d8   0x0000000c   Code   RO         1773    i.RCC_BackupResetCmd  stm32f10x_rcc.o
    0x080032e4   0x080032e4   0x00000090   Code   RO         1778    i.RCC_GetClocksFreq  stm32f10x_rcc.o
    0x08003374   0x08003374   0x00000030   Code   RO         1779    i.RCC_GetFlagStatus  stm32f10x_rcc.o
    0x080033a4   0x080033a4   0x00000020   Code   RO         1786    i.RCC_LSEConfig     stm32f10x_rcc.o
    0x080033c4   0x080033c4   0x0000000c   Code   RO         1793    i.RCC_RTCCLKCmd     stm32f10x_rcc.o
    0x080033d0   0x080033d0   0x00000010   Code   RO         1794    i.RCC_RTCCLKConfig  stm32f10x_rcc.o
    0x080033e0   0x080033e0   0x00000010   Code   RO         1971    i.RTC_EnterConfigMode  stm32f10x_rtc.o
    0x080033f0   0x080033f0   0x00000010   Code   RO         1972    i.RTC_ExitConfigMode  stm32f10x_rtc.o
    0x08003400   0x08003400   0x00000014   Code   RO         1973    i.RTC_GetCounter    stm32f10x_rtc.o
    0x08003414   0x08003414   0x00000020   Code   RO         1979    i.RTC_SetCounter    stm32f10x_rtc.o
    0x08003434   0x08003434   0x00000020   Code   RO         1980    i.RTC_SetPrescaler  stm32f10x_rtc.o
    0x08003454   0x08003454   0x00000010   Code   RO         1981    i.RTC_WaitForLastTask  stm32f10x_rtc.o
    0x08003464   0x08003464   0x00000018   Code   RO         1982    i.RTC_WaitForSynchro  stm32f10x_rtc.o
    0x0800347c   0x0800347c   0x000000ac   Code   RO         3447    i.Receive_Test      sx1278.o
    0x08003528   0x08003528   0x000000ca   Code   RO         3448    i.Recieve_Data      sx1278.o
    0x080035f2   0x080035f2   0x00000002   PAD
    0x080035f4   0x080035f4   0x00000124   Code   RO         4040    i.SD_Check          sd_card.o
    0x08003718   0x08003718   0x00000108   Code   RO         4041    i.SD_Initialize     sd_card.o
    0x08003820   0x08003820   0x000000dc   Code   RO         4042    i.SD_ReadSector     sd_card.o
    0x080038fc   0x080038fc   0x00000052   Code   RO         4043    i.SD_SendCommand    sd_card.o
    0x0800394e   0x0800394e   0x00000002   PAD
    0x08003950   0x08003950   0x000000bc   Code   RO         4044    i.SD_WriteSector    sd_card.o
    0x08003a0c   0x08003a0c   0x00000014   Code   RO         2255    i.SPI_Cmd           stm32f10x_spi.o
    0x08003a20   0x08003a20   0x0000000e   Code   RO         2263    i.SPI_I2S_GetFlagStatus  stm32f10x_spi.o
    0x08003a2e   0x08003a2e   0x00000004   Code   RO         2266    i.SPI_I2S_ReceiveData  stm32f10x_spi.o
    0x08003a32   0x08003a32   0x00000004   Code   RO         2267    i.SPI_I2S_SendData  stm32f10x_spi.o
    0x08003a36   0x08003a36   0x00000038   Code   RO         2268    i.SPI_Init          stm32f10x_spi.o
    0x08003a6e   0x08003a6e   0x00000002   Code   RO         4206    i.SVC_Handler       stm32f10x_it.o
    0x08003a70   0x08003a70   0x00000048   Code   RO         3449    i.SX1278_Basic_Setting  sx1278.o
    0x08003ab8   0x08003ab8   0x00000048   Code   RO         3450    i.SX1278_Init       sx1278.o
    0x08003b00   0x08003b00   0x00000020   Code   RO         3451    i.SX1278_ReadReg    sx1278.o
    0x08003b20   0x08003b20   0x0000001e   Code   RO         3452    i.SX1278_SwapByte   sx1278.o
    0x08003b3e   0x08003b3e   0x00000026   Code   RO         3453    i.SX1278_WriteReg   sx1278.o
    0x08003b64   0x08003b64   0x00000030   Code   RO         3454    i.Send_Data         sx1278.o
    0x08003b94   0x08003b94   0x00000178   Code   RO         3731    i.Send_Http         wifi.o
    0x08003d0c   0x08003d0c   0x00000002   Code   RO         3455    i.Send_Sensor_Data  sx1278.o
    0x08003d0e   0x08003d0e   0x00000002   PAD
    0x08003d10   0x08003d10   0x000000e8   Code   RO         3456    i.Sending_test      sx1278.o
    0x08003df8   0x08003df8   0x00000078   Code   RO         3858    i.Sensor_Test       menu.o
    0x08003e70   0x08003e70   0x000000a8   Code   RO           24    i.SetSysClockTo72   system_stm32f10x.o
    0x08003f18   0x08003f18   0x00000044   Code   RO         3859    i.Set_Cursor        menu.o
    0x08003f5c   0x08003f5c   0x00000020   Code   RO         3860    i.Setting_Menu      menu.o
    0x08003f7c   0x08003f7c   0x00000044   Code   RO         3670    i.Show_DS18B20_Tempreature  ds18b20.o
    0x08003fc0   0x08003fc0   0x00000098   Code   RO         3861    i.Show_Menu         menu.o
    0x08004058   0x08004058   0x00000040   Code   RO         3862    i.Show_Time         menu.o
    0x08004098   0x08004098   0x00000038   Code   RO         3863    i.Show_Wifi_Status  menu.o
    0x080040d0   0x080040d0   0x0000008c   Code   RO         3641    i.Soil_Humidity_Init  soil_humidity.o
    0x0800415c   0x0800415c   0x0000002c   Code   RO         3864    i.Start             menu.o
    0x08004188   0x08004188   0x00000026   Code   RO         3733    i.String_Copy       wifi.o
    0x080041ae   0x080041ae   0x00000002   Code   RO         4207    i.SysTick_Handler   stm32f10x_it.o
    0x080041b0   0x080041b0   0x00000050   Code   RO           26    i.SystemInit        system_stm32f10x.o
    0x08004200   0x08004200   0x00000090   Code   RO         3384    i.USART1_IRQHandler  serial.o
    0x08004290   0x08004290   0x0000007c   Code   RO         3734    i.USART2_IRQHandler  wifi.o
    0x0800430c   0x0800430c   0x0000000c   Code   RO         2934    i.USART_ClearITPendingBit  stm32f10x_usart.o
    0x08004318   0x08004318   0x00000014   Code   RO         2937    i.USART_Cmd         stm32f10x_usart.o
    0x0800432c   0x0800432c   0x00000010   Code   RO         2938    i.USART_DMACmd      stm32f10x_usart.o
    0x0800433c   0x0800433c   0x0000000e   Code   RO         2940    i.USART_GetFlagStatus  stm32f10x_usart.o
    0x0800434a   0x0800434a   0x0000003e   Code   RO         2941    i.USART_GetITStatus  stm32f10x_usart.o
    0x08004388   0x08004388   0x00000030   Code   RO         2943    i.USART_ITConfig    stm32f10x_usart.o
    0x080043b8   0x080043b8   0x000000ac   Code   RO         2944    i.USART_Init        stm32f10x_usart.o
    0x08004464   0x08004464   0x00000008   Code   RO         2951    i.USART_ReceiveData  stm32f10x_usart.o
    0x0800446c   0x0800446c   0x0000001a   Code   RO         3385    i.USART_SendArray   serial.o
    0x08004486   0x08004486   0x00000002   PAD
    0x08004488   0x08004488   0x00000020   Code   RO         3386    i.USART_SendByte    serial.o
    0x080044a8   0x080044a8   0x00000008   Code   RO         2954    i.USART_SendData    stm32f10x_usart.o
    0x080044b0   0x080044b0   0x00000002   Code   RO         4208    i.UsageFault_Handler  stm32f10x_it.o
    0x080044b2   0x080044b2   0x00000002   PAD
    0x080044b4   0x080044b4   0x00000020   Code   RO         3736    i.WIFI_SendByte     wifi.o
    0x080044d4   0x080044d4   0x00000018   Code   RO         3738    i.WIFI_SendString   wifi.o
    0x080044ec   0x080044ec   0x00000084   Code   RO         3740    i.Wait_or_Found     wifi.o
    0x08004570   0x08004570   0x00000080   Code   RO         3865    i.Welcome_menu      menu.o
    0x080045f0   0x080045f0   0x000000c0   Code   RO         3741    i.Wifi_USART_Init   wifi.o
    0x080046b0   0x080046b0   0x000000f8   Code   RO         4119    i.WriteFileToSD     write_to_disk.o
    0x080047a8   0x080047a8   0x0000000e   Code   RO         4643    i._is_digit         c_w.l(__printf_wp.o)
    0x080047b6   0x080047b6   0x00000002   PAD
    0x080047b8   0x080047b8   0x00000064   Code   RO         3742    i.check_AP_Connection  wifi.o
    0x0800481c   0x0800481c   0x000000d0   Code   RO         4308    i.check_fs          ff.o
    0x080048ec   0x080048ec   0x00000018   Code   RO         4309    i.clst2sect         ff.o
    0x08004904   0x08004904   0x000000de   Code   RO         4310    i.create_chain      ff.o
    0x080049e2   0x080049e2   0x00000002   PAD
    0x080049e4   0x080049e4   0x000000f8   Code   RO         4311    i.create_name       ff.o
    0x08004adc   0x08004adc   0x00000058   Code   RO         4312    i.dir_clear         ff.o
    0x08004b34   0x08004b34   0x000000ae   Code   RO         4313    i.dir_next          ff.o
    0x08004be2   0x08004be2   0x0000006c   Code   RO         4315    i.dir_register      ff.o
    0x08004c4e   0x08004c4e   0x00000082   Code   RO         4317    i.dir_sdi           ff.o
    0x08004cd0   0x08004cd0   0x00000008   Code   RO         4263    i.disk_initialize   diskio.o
    0x08004cd8   0x08004cd8   0x0000002a   Code   RO         4264    i.disk_ioctl        diskio.o
    0x08004d02   0x08004d02   0x00000002   PAD
    0x08004d04   0x08004d04   0x00000032   Code   RO         4265    i.disk_read         diskio.o
    0x08004d36   0x08004d36   0x00000008   Code   RO         4266    i.disk_status       diskio.o
    0x08004d3e   0x08004d3e   0x00000002   PAD
    0x08004d40   0x08004d40   0x00000032   Code   RO         4267    i.disk_write        diskio.o
    0x08004d72   0x08004d72   0x0000001e   Code   RO         4318    i.f_close           ff.o
    0x08004d90   0x08004d90   0x00000134   Code   RO         4321    i.f_lseek           ff.o
    0x08004ec4   0x08004ec4   0x0000004c   Code   RO         4323    i.f_mount           ff.o
    0x08004f10   0x08004f10   0x000001b2   Code   RO         4324    i.f_open            ff.o
    0x080050c2   0x080050c2   0x0000008e   Code   RO         4330    i.f_sync            ff.o
    0x08005150   0x08005150   0x00000180   Code   RO         4333    i.f_write           ff.o
    0x080052d0   0x080052d0   0x000000be   Code   RO         4334    i.follow_path       ff.o
    0x0800538e   0x0800538e   0x000000be   Code   RO         4335    i.get_fat           ff.o
    0x0800544c   0x0800544c   0x00000034   Code   RO         4336    i.get_fattime       ff.o
    0x08005480   0x08005480   0x0000003a   Code   RO         4338    i.get_ldnumber      ff.o
    0x080054ba   0x080054ba   0x00000026   Code   RO         4339    i.ld_clust          ff.o
    0x080054e0   0x080054e0   0x00000016   Code   RO         4340    i.ld_dword          ff.o
    0x080054f6   0x080054f6   0x0000000a   Code   RO         4341    i.ld_word           ff.o
    0x08005500   0x08005500   0x00000054   Code   RO         4163    i.main              main.o
    0x08005554   0x08005554   0x00000250   Code   RO         4342    i.mount_volume      ff.o
    0x080057a4   0x080057a4   0x00000032   Code   RO         4343    i.move_window       ff.o
    0x080057d6   0x080057d6   0x000000ea   Code   RO         4344    i.put_fat           ff.o
    0x080058c0   0x080058c0   0x00000074   Code   RO         4345    i.remove_chain      ff.o
    0x08005934   0x08005934   0x00000028   Code   RO         4346    i.st_clust          ff.o
    0x0800595c   0x0800595c   0x00000010   Code   RO         4347    i.st_dword          ff.o
    0x0800596c   0x0800596c   0x00000008   Code   RO         4348    i.st_word           ff.o
    0x08005974   0x08005974   0x00000088   Code   RO         4349    i.sync_fs           ff.o
    0x080059fc   0x080059fc   0x00000046   Code   RO         4350    i.sync_window       ff.o
    0x08005a42   0x08005a42   0x00000034   Code   RO         4351    i.validate          ff.o
    0x08005a76   0x08005a76   0x00000002   PAD
    0x08005a78   0x08005a78   0x0000002c   Code   RO         4901    locale$$code        c_w.l(lc_ctype_c.o)
    0x08005aa4   0x08005aa4   0x0000005e   Code   RO         4691    x$fpl$dfix          fz_ws.l(dfix.o)
    0x08005b02   0x08005b02   0x0000002e   Code   RO         4696    x$fpl$dflt          fz_ws.l(dflt_clz.o)
    0x08005b30   0x08005b30   0x00000154   Code   RO         4701    x$fpl$dmul          fz_ws.l(dmul.o)
    0x08005c84   0x08005c84   0x0000009c   Code   RO         4757    x$fpl$dnaninf       fz_ws.l(dnaninf.o)
    0x08005d20   0x08005d20   0x0000000c   Code   RO         4759    x$fpl$dretinf       fz_ws.l(dretinf.o)
    0x08005d2c   0x08005d2c   0x00000000   Code   RO         4761    x$fpl$usenofp       fz_ws.l(usenofp.o)
    0x08005d2c   0x08005d2c   0x000005f0   Data   RO         3237    .constdata          oled.o
    0x0800631c   0x0800631c   0x0000001a   Data   RO         3867    .constdata          menu.o
    0x08006336   0x08006336   0x00000011   Data   RO         4646    .constdata          c_w.l(__printf_flags_wp.o)
    0x08006347   0x08006347   0x0000000c   Data   RO         4754    .constdata          c_w.l(_monlen.o)
    0x08006353   0x08006353   0x00000001   PAD
    0x08006354   0x08006354   0x0000010d   Data   RO         3744    .conststring        wifi.o
    0x08006461   0x08006461   0x00000003   PAD
    0x08006464   0x08006464   0x00000300   Data   RO         3868    .conststring        menu.o
    0x08006764   0x08006764   0x00000020   Data   RO         4959    Region$$Table       anon$$obj.o
    0x08006784   0x08006784   0x00000110   Data   RO         4900    locale$$data        c_w.l(lc_ctype_c.o)


    Execution Region RW_IRAM1 (Exec base: 0x20000000, Load base: 0x08006894, Size: 0x00001278, Max: 0x00005000, ABSOLUTE, COMPRESSED[0x00000198])

    Exec Addr    Load Addr    Size         Type   Attr      Idx    E Section Name        Object

    0x20000000   COMPRESSED   0x00000014   Data   RW         1798    .data               stm32f10x_rcc.o
    0x20000014   COMPRESSED   0x0000000c   Data   RW         3391    .data               serial.o
    0x20000020   COMPRESSED   0x00000080   Data   RW         3458    .data               sx1278.o
    0x200000a0   COMPRESSED   0x000000e8   Data   RW         3745    .data               wifi.o
    0x20000188   COMPRESSED   0x00000140   Data   RW         3869    .data               menu.o
    0x200002c8   COMPRESSED   0x00000004   Data   RW         4045    .data               sd_card.o
    0x200002cc   COMPRESSED   0x0000000c   Data   RW         4087    .data               myrtc.o
    0x200002d8   COMPRESSED   0x00000008   Data   RW         4121    .data               write_to_disk.o
    0x200002e0   COMPRESSED   0x00000006   Data   RW         4168    .data               main.o
    0x200002e6   COMPRESSED   0x00000002   PAD
    0x200002e8   COMPRESSED   0x00000008   Data   RW         4353    .data               ff.o
    0x200002f0        -       0x00000018   Zero   RW         3389    .bss                serial.o
    0x20000308        -       0x000003e8   Zero   RW         3743    .bss                wifi.o
    0x200006f0        -       0x0000009e   Zero   RW         3866    .bss                menu.o
    0x2000078e   COMPRESSED   0x00000002   PAD
    0x20000790        -       0x00000458   Zero   RW         4120    .bss                write_to_disk.o
    0x20000be8        -       0x0000002c   Zero   RW         4683    .bss                c_w.l(localtime.o)
    0x20000c14        -       0x00000060   Zero   RW         4763    .bss                c_w.l(libspace.o)
    0x20000c74   COMPRESSED   0x00000004   PAD
    0x20000c78        -       0x00000200   Zero   RW            2    HEAP                startup_stm32f10x_md.o
    0x20000e78        -       0x00000400   Zero   RW            1    STACK               startup_stm32f10x_md.o


==============================================================================

Image component sizes


      Code (inc. data)   RO Data    RW Data    ZI Data      Debug   Object Name

         0          0          0          0          0       4492   core_cm3.o
        76          0          0          0          0       1802   delay.o
       434         26          0          0          0       4337   dh11.o
       158          0          0          0          0       6638   diskio.o
       586         30          0          0          0       5619   ds18b20.o
      4450         74          0          8          0      40841   ff.o
       136          8          0          0          0       1068   key.o
        60         10          0          0          0        945   light.o
       144         14          0          6          0       2546   main.o
      2208        320        794        320        158      16121   menu.o
       120         16          0          0          0     213875   misc.o
       104         14          0          0          0        557   my_dma.o
       336         26          0          0          0       4276   my_spi.o
       278         12          0         12          0       2846   myrtc.o
       936         26       1520          0          0      10059   oled.o
        24          0          0          0          0        489   power.o
      1046        274          0          4          0       4613   sd_card.o
       382         26          0         12         24       3403   serial.o
       192         16          0          0          0       1215   soil_humidity.o
        64         26        236          0       1536        844   startup_stm32f10x_md.o
       296         10          0          0          0      18657   stm32f10x_adc.o
        50          8          0          0          0       2604   stm32f10x_bkp.o
       318         10          0          0          0      14448   stm32f10x_dma.o
        44         10          0          0          0       1156   stm32f10x_exti.o
       194          0          0          0          0      12440   stm32f10x_gpio.o
        18          0          0          0          0       3938   stm32f10x_it.o
        12          6          0          0          0        502   stm32f10x_pwr.o
       356         66          0         20          0      16961   stm32f10x_rcc.o
       156         34          0          0          0       3889   stm32f10x_rtc.o
        98          0          0          0          0      10682   stm32f10x_spi.o
       360          6          0          0          0      13334   stm32f10x_usart.o
      1848        506          0        128          0       8764   sx1278.o
       248         24          0          0          0      41445   system_stm32f10x.o
      1690        332        269        232       1000       9415   wifi.o
       248         64          0          8       1112       1165   write_to_disk.o

    ----------------------------------------------------------------------
     17716       1994       2854        752       3832     485986   Object Totals
         0          0         32          0          0          0   (incl. Generated)
        46          0          3          2          2          0   (incl. Padding)

    ----------------------------------------------------------------------

      Code (inc. data)   RO Data    RW Data    ZI Data      Debug   Library Member Name

        60          8          0          0          0         84   __0sscanf.o
        56          6          0          0          0         88   __2snprintf.o
        44          6          0          0          0         84   __2sprintf.o
        90          0          0          0          0          0   __dczerorl2.o
         8          0          0          0          0         68   __main.o
       312          4         17          0          0         92   __printf_flags_wp.o
        14          0          0          0          0         68   __printf_wp.o
         0          0          0          0          0          0   __rtentry.o
        12          0          0          0          0          0   __rtentry2.o
         6          0          0          0          0          0   __rtentry4.o
        52          8          0          0          0          0   __scatter.o
        28          0          0          0          0          0   __scatter_zi.o
        28          0          0          0          0         68   _chval.o
         0          0         12          0          0          0   _monlen.o
        44          0          0          0          0        108   _printf_char.o
        48          6          0          0          0         96   _printf_char_common.o
         6          0          0          0          0          0   _printf_d.o
       120         16          0          0          0         92   _printf_dec.o
       178          0          0          0          0         88   _printf_intcommon.o
        78          0          0          0          0        108   _printf_pad.o
         0          0          0          0          0          0   _printf_percent.o
         4          0          0          0          0          0   _printf_percent_end.o
         6          0          0          0          0          0   _printf_s.o
        82          0          0          0          0         80   _printf_str.o
       884          6          0          0          0        100   _scanf.o
       342          0          0          0          0        100   _scanf_longlong.o
        64          0          0          0          0         84   _sgetc.o
        16          0          0          0          0         68   _snputc.o
        10          0          0          0          0         68   _sputc.o
        16          0          0          0          0         68   aeabi_memset.o
        40          0          0          0          0         80   calloc.o
        10          0          0          0          0         68   defsig_exit.o
        50          0          0          0          0         88   defsig_general.o
        80         58          0          0          0         76   defsig_rtmem_inner.o
        14          0          0          0          0         80   defsig_rtmem_outer.o
        18          0          0          0          0         80   exit.o
        94          0          0          0          0         80   h1_alloc.o
        52          0          0          0          0         68   h1_extend.o
        78          0          0          0          0         80   h1_free.o
        14          0          0          0          0         84   h1_init.o
         6          0          0          0          0        152   heapauxi.o
         4          0          0          0          0        136   hguard.o
         0          0          0          0          0          0   indicate_semi.o
       138          0          0          0          0        168   init_alloc.o
        18          0          0          0          0         76   isspace.o
        44         10        272          0          0         76   lc_ctype_c.o
         2          0          0          0          0          0   libinit.o
        28          0          0          0          0          0   libinit2.o
         2          0          0          0          0          0   libshutdown.o
         2          0          0          0          0          0   libshutdown2.o
         8          4          0          0         96         68   libspace.o
       238          0          0          0          0        100   lludivv7m.o
        12          6          0          0         44         68   localtime.o
       184          6          0          0          0         80   localtime_internal.o
         0          0          0          0          0          0   maybetermalloc1.o
        88          0          0          0          0         76   memcmp.o
       428         10          0          0          0        116   mktime.o
        16          4          0          0          0         76   rt_ctype_table.o
         8          4          0          0          0         68   rt_heap_descriptor_intlibspace.o
         8          4          0          0          0         68   rt_locale_intlibspace.o
        68          0          0          0          0         68   rt_memclr.o
        78          0          0          0          0         80   rt_memclr_w.o
       138          0          0          0          0         68   rt_memcpy_v6.o
       100          0          0          0          0         80   rt_memcpy_w.o
         2          0          0          0          0          0   rtexit.o
        10          0          0          0          0          0   rtexit2.o
        44          8          0          0          0         84   scanf_char.o
        20          0          0          0          0         68   strchr.o
       128          0          0          0          0         68   strcmpv7m.o
        72          0          0          0          0         80   strcpy.o
        62          0          0          0          0         76   strlen.o
        86          0          0          0          0         76   strncpy.o
        36          0          0          0          0         80   strstr.o
        12          4          0          0          0         68   sys_exit.o
        74          0          0          0          0         80   sys_stackheap_outer.o
        14          0          0          0          0         76   sys_wrch.o
         2          0          0          0          0         68   use_no_semi.o
        94          4          0          0          0         92   dfix.o
        46          0          0          0          0         68   dflt_clz.o
       340         12          0          0          0        104   dmul.o
       156          4          0          0          0         92   dnaninf.o
        12          0          0          0          0         68   dretinf.o
         0          0          0          0          0          0   usenofp.o

    ----------------------------------------------------------------------
      5900        198        302          0        144       5268   Library Totals
        14          0          1          0          4          0   (incl. Padding)

    ----------------------------------------------------------------------

      Code (inc. data)   RO Data    RW Data    ZI Data      Debug   Library Name

      5238        178        301          0        140       4844   c_w.l
       648         20          0          0          0        424   fz_ws.l

    ----------------------------------------------------------------------
      5900        198        302          0        144       5268   Library Totals

    ----------------------------------------------------------------------

==============================================================================


      Code (inc. data)   RO Data    RW Data    ZI Data      Debug   

     23616       2192       3156        752       3976     477366   Grand Totals
     23616       2192       3156        408       3976     477366   ELF Image Totals (compressed)
     23616       2192       3156        408          0          0   ROM Totals

==============================================================================

    Total RO  Size (Code + RO Data)                26772 (  26.14kB)
    Total RW  Size (RW Data + ZI Data)              4728 (   4.62kB)
    Total ROM Size (Code + RO Data + RW Data)      27180 (  26.54kB)

==============================================================================

