<html>
<body>
<pre>
<h1>礦ision Build Log</h1>
<h2>Tool Versions:</h2>
IDE-Version: μVision V5.24.2.0
Copyright (C) 2017 ARM Ltd and ARM Germany GmbH. All rights reserved.
License Information: 1 爆米花3, HP Inc., LIC=VGXG8-3UQKQ-122LE-56SFI-HHEEA-RW8DI
 
Tool Versions:
Toolchain:       MDK-ARM Plus  Version: 5.24.1
Toolchain Path:  E:\ARM\ARMCC\Bin
C Compiler:      Armcc.exe V5.06 update 5 (build 528)
Assembler:       Armasm.exe V5.06 update 5 (build 528)
Linker/Locator:  ArmLink.exe V5.06 update 5 (build 528)
Library Manager: ArmAr.exe V5.06 update 5 (build 528)
Hex Converter:   FromElf.exe V5.06 update 5 (build 528)
CPU DLL:         SARMCM3.DLL V5.24.1
Dialog DLL:      DCM.DLL V1.16.0.0
Target DLL:      STLink\ST-LINKIII-KEIL_SWO.dll V3.0.1.0
Dialog DLL:      TCM.DLL V1.32.0.0
 
<h2>Project:</h2>
C:\Users\爆米花323\Desktop\利兹\Individual project\Program\SX1278_Design\接受端\project.uvprojx
Project File Date:  02/23/2025

<h2>Output:</h2>
*** Using Compiler 'V5.06 update 5 (build 528)', folder: 'E:\ARM\ARMCC\Bin'
Build target 'Target 1'
compiling main.c...
.\Hardware\serial.h(6): warning:  #1295-D: Deprecated declaration MYUSART_Init - give arg types
  void MYUSART_Init();
.\Hardware\SX1278.h(8): warning:  #1295-D: Deprecated declaration Recieve_Data - give arg types
  int Recieve_Data();
.\Hardware\SX1278.h(10): warning:  #1-D: last line of file ends without a newline
  void SX1278_Basic_Setting(uint8_t len);
.\Hardware\My_spi.h(15): warning:  #1-D: last line of file ends without a newline
  #endif
.\Hardware\SX1278_Reg_Define_Table.h(13): warning:  #1-D: last line of file ends without a newline
  #define CADMode 0x87
.\Hardware\Key.h(6): warning:  #1295-D: Deprecated declaration Key_Init - give arg types
  void Key_Init();
.\Hardware\Key.h(16): warning:  #1-D: last line of file ends without a newline
  #endif
.\Hardware\CO2.h(4): warning:  #1-D: last line of file ends without a newline
  void CO2_Init();
.\Hardware\CO2.h(4): warning:  #1295-D: Deprecated declaration CO2_Init - give arg types
  void CO2_Init();
.\Hardware\Light.h(2): warning:  #1295-D: Deprecated declaration Light_Init - give arg types
  void Light_Init();
.\Hardware\Light.h(3): warning:  #1295-D: Deprecated declaration Get_Light - give arg types
  int Get_Light();
.\Hardware\Light.h(5): warning:  #1-D: last line of file ends without a newline
   
.\Hardware\Soil_Humidity.h(2): warning:  #1295-D: Deprecated declaration Soil_Humidity_Init - give arg types
  void Soil_Humidity_Init();
.\Hardware\Soil_Humidity.h(3): warning:  #1-D: last line of file ends without a newline
  uint16_t AD_GetValue(uint8_t ADC_Channel);
user\main.c(15): warning:  #1295-D: Deprecated declaration Menu - give arg types
  void Menu();
user\main.c(16): warning:  #1295-D: Deprecated declaration Parameter_Menu - give arg types
  void Parameter_Menu();
user\main.c(17): warning:  #1295-D: Deprecated declaration Setting_Menu - give arg types
  void Setting_Menu();
user\main.c(400): warning:  #223-D: function "SX1278_ReadReg" declared implicitly
  if(SX1278_ReadReg(0x42)!=0x12)
user\main.c(413): warning:  #223-D: function "SX1278_ReadReg" declared implicitly
  			OLED_ShowHexNum(i,1+j*3,SX1278_ReadReg(0x00),2);
user\main.c(425): warning:  #111-D: statement is unreachable
  	OLED_Clear();
user\main.c(432): warning:  #223-D: function "SX1278_ReadReg" declared implicitly
  	FIFO_Buffer[i]=SX1278_ReadReg(0x00);
user\main.c(463): warning:  #223-D: function "DHT11_Read_Data" declared implicitly
  DHT11_Read_Data(&temp,&humi);
user\main.c(484): warning:  #223-D: function "DHT11_Init" declared implicitly
  	DHT11_Init();
user\main.c(491): warning:  #111-D: statement is unreachable
  	Soil_Humidity_Init();
user\main.c: 24 warnings, 0 errors
linking...
Program Size: Code=3008 RO-data=268 RW-data=32 ZI-data=1656  
".\Objects\project.axf" - 0 Error(s), 24 Warning(s).

<h2>Software Packages used:</h2>

Package Vendor: Keil
                https://www.keil.com/pack/Keil.STM32F1xx_DFP.2.4.1.pack
                Keil.STM32F1xx_DFP.2.4.1
                STMicroelectronics STM32F1 Series Device Support, Drivers and Examples

<h2>Collection of Component include folders:</h2>
  .\RTE\_Target_1
  E:\ARM\PACK\Keil\STM32F1xx_DFP\Keil.STM32F1xx_DFP.2.4.1\Device\Include

<h2>Collection of Component Files used:</h2>
Build Time Elapsed:  00:00:01
</pre>
</body>
</html>
