<html>
<body>
<pre>
<h1>礦ision Build Log</h1>
<h2>Tool Versions:</h2>
IDE-Version: μVision V5.24.2.0
Copyright (C) 2017 ARM Ltd and ARM Germany GmbH. All rights reserved.
License Information: 1 爆米花3, HP Inc., LIC=VGXG8-3UQKQ-122LE-56SFI-HHEEA-RW8DI
 
Tool Versions:
Toolchain:       MDK-ARM Plus  Version: 5.24.1
Toolchain Path:  E:\ARM\ARMCC\Bin
C Compiler:      Armcc.exe V5.06 update 5 (build 528)
Assembler:       Armasm.exe V5.06 update 5 (build 528)
Linker/Locator:  ArmLink.exe V5.06 update 5 (build 528)
Library Manager: ArmAr.exe V5.06 update 5 (build 528)
Hex Converter:   FromElf.exe V5.06 update 5 (build 528)
CPU DLL:         SARMCM3.DLL V5.24.1
Dialog DLL:      DCM.DLL V1.16.0.0
Target DLL:      STLink\ST-LINKIII-KEIL_SWO.dll V3.0.1.0
Dialog DLL:      TCM.DLL V1.32.0.0
 
<h2>Project:</h2>
C:\Users\爆米花323\Desktop\利兹\Individual project\Program\SX1278_Design\Lora\project.uvprojx
Project File Date:  06/21/2025

<h2>Output:</h2>
*** Using Compiler 'V5.06 update 5 (build 528)', folder: 'E:\ARM\ARMCC\Bin'
Build target 'Target 1'
compiling SX1278.c...
Hardware\SX1278.c(387): warning:  #111-D: statement is unreachable
  	OLED_Clear();
Hardware\SX1278.c: 1 warning, 0 errors
compiling Menu.c...
Hardware\Menu.c(26): warning:  #1295-D: Deprecated declaration Menu - give arg types
  void Menu();
Hardware\Menu.c(147): warning:  #167-D: argument of type "const char **" is incompatible with parameter of type "char **"
  	switch (Show_Menu(HEADER,sizeof(HEADER) / sizeof(HEADER[0])))
Hardware\Menu.c(166): warning:  #167-D: argument of type "const char **" is incompatible with parameter of type "char **"
  	SX1278_WriteReg(0x1D,((SX1278_SwapByte(0x1D)&0x0F)|BW_Parameter[Show_Menu(BW,sizeof(BW) / sizeof(BW[0]))-1]));
Hardware\Menu.c(176): warning:  #167-D: argument of type "const char **" is incompatible with parameter of type "char **"
  switch (Show_Menu(CR,sizeof(CR) / sizeof(CR[0])))
Hardware\Menu.c(200): warning:  #167-D: argument of type "const char **" is incompatible with parameter of type "char **"
  	SX1278_WriteReg(0x09,((SX1278_SwapByte(0x09)&0xF0)|Power_Parameter[Show_Menu(POWER,sizeof(POWER) / sizeof(POWER[0]))-1]));
Hardware\Menu.c(218): warning:  #167-D: argument of type "const char **" is incompatible with parameter of type "char **"
  switch (Show_Menu(parameter,sizeof(parameter) / sizeof(parameter[0])))
Hardware\Menu.c(242): warning:  #167-D: argument of type "const char **" is incompatible with parameter of type "char **"
  switch (Show_Menu(Setting,sizeof(Setting) / sizeof(Setting[0])))
Hardware\Menu.c(264): warning:  #167-D: argument of type "const char **" is incompatible with parameter of type "char **"
  	Device_ID=Show_Menu(Choose_Device_ID,sizeof(Choose_Device_ID) / sizeof(Choose_Device_ID[0]));
Hardware\Menu.c(273): warning:  #186-D: pointless comparison of unsigned integer with zero
  			if (soil_Humidity < 0) soil_Humidity = 0;
Hardware\Menu.c(374): warning:  #177-D: variable "Record_Time"  was declared but never referenced
  			static char Record_Time[30];
Hardware\Menu.c(463): warning:  #167-D: argument of type "const char **" is incompatible with parameter of type "char **"
  switch (Show_Menu(Start_Choose_Role,sizeof(Start_Choose_Role) / sizeof(Start_Choose_Role[0])))
Hardware\Menu.c(510): warning:  #167-D: argument of type "const char **" is incompatible with parameter of type "char **"
  	switch (Show_Menu(menu,sizeof(menu) / sizeof(menu[0])))
Hardware\Menu.c(558): warning:  #1182-D: a declaration cannot have a label
  			int temp=Get_Time_Stamp();
Hardware\Menu.c(510): warning:  #546-D: transfer of control bypasses initialization of:
            variable "temp"  (declared at line 558)
  	switch (Show_Menu(menu,sizeof(menu) / sizeof(menu[0])))
  	^
Hardware\Menu.c: 14 warnings, 0 errors
linking...
Program Size: Code=23720 RO-data=3176 RW-data=788 ZI-data=3844  
".\Objects\project.axf" - 0 Error(s), 15 Warning(s).

<h2>Software Packages used:</h2>

Package Vendor: Keil
                https://www.keil.com/pack/Keil.STM32F1xx_DFP.2.4.1.pack
                Keil.STM32F1xx_DFP.2.4.1
                STMicroelectronics STM32F1 Series Device Support, Drivers and Examples

<h2>Collection of Component include folders:</h2>
  .\RTE\_Target_1
  E:\ARM\PACK\Keil\STM32F1xx_DFP\Keil.STM32F1xx_DFP.2.4.1\Device\Include

<h2>Collection of Component Files used:</h2>
Build Time Elapsed:  00:00:01
</pre>
</body>
</html>
